warning: Git tree '/home/kncos/Documents/cracked-judge' is dirty
Using saved setting for 'extra-substituters = https://cache.nixos.org https://nix-community.cachix.org' from ~/.local/share/nix/trusted-settings.json.
Using saved setting for 'extra-trusted-public-keys = cache.nixos.org-1:6NCHdD59X431o0gWypbMrAURkbJ16ZPMQFGspcDShjY= nix-community.cachix.org-1:mB9FSh9qf2dCimDSUo8Zy7bkq5CX+/rkCWyvRCYg3Fs=' from ~/.local/share/nix/trusted-settings.json.
evaluation warning: Nixpkgs 26.05 will be the last release to support x86_64-darwin; see https://nixos.org/manual/nixpkgs/unstable/release-notes#x86_64-darwin-26.05
these 18 derivations will be built:
  /nix/store/a5bzw0k2kfp21ki560npq7dqc3z3lazk-bun-pkg--cracked-judge-guest.drv
  /nix/store/a4k58qa78fxsqjzhmciv5qs2mz6rzhws-bun-cache.drv
  /nix/store/8dwcpxflrpkgx9zfv41fq7radvd1lj68-cj-guest-test-v0.0.1.drv
  /nix/store/bmkwwfh9kf0wp6zfpn1mlkn076ydvv8b-system-path.drv
  /nix/store/1b0iwjafm9mbk96sxrc8k6bfs67c70xm-dbus-1.drv
  /nix/store/h5q2dfbmdxjj8j6p8skr710riczf8qwq-X-Restart-Triggers-dbus.drv
  /nix/store/i8mjq9h9gnii4cibyjch1w7d8srndbaf-unit-dbus.service.drv
  /nix/store/6ccbc8czs7a9hpaq69cd7nnfc5sssn84-system-units.drv
  /nix/store/pnpzmilg8i0mih5k906z73bhi7jwwc15-unit-dbus.service.drv
  /nix/store/ssjrlfxipqnr6zbv9k1v3p14vjg3w3yp-user-units.drv
  /nix/store/ffgannmx0l1xlf021r4sqajiza8cwid4-etc.drv
  /nix/store/67ldw3z5saw7w3xgn8xp4zvf9p34lfsd-activate.drv
  /nix/store/zcfha1hq7b3i88zvhd5j4q4rg0lnn1qb-nixos-system-machine-test.drv
  /nix/store/w9yv0yiwx4r24rb2x12xh4s9gnap6jrn-closure-info.drv
  /nix/store/0n9hz01pjh76gcql55fk26g7jic30vxr-run-nixos-vm.drv
  /nix/store/d671yr3hvxdlqlvnm1rh6hcnjsfn29fq-nixos-vm.drv
  /nix/store/dxlgq08ppvc2l2bc3gf8vsmyhj2v456f-nixos-test-driver-guest-runtime-tests.drv
  /nix/store/cw5i8hck8w6h0pxxyrnf7lg7chyaxdlk-vm-test-run-guest-runtime-tests.drv
building '/nix/store/a5bzw0k2kfp21ki560npq7dqc3z3lazk-bun-pkg--cracked-judge-guest.drv'...
bun-pkg> Running phase: extractPhase
bun-pkg> Running phase: patchPhase
bun-pkg> patching script interpreter paths in /nix/store/cyxvczv80hbvrvhl5ld31h43p2h6qkdm-bun-pkg--cracked-judge-guest/share/bun-packages
bun-pkg> Running phase: cacheEntryPhase
bun-pkg> info: Creating entry for `@cracked-judge/guest`...
bun-pkg> 
bun-pkg> debug: Link out path: `/nix/store/cyxvczv80hbvrvhl5ld31h43p2h6qkdm-bun-pkg--cracked-judge-guest/share/bun-cache/@cracked-843dc7cb7eecd371@@@1`.
bun-pkg> 
bun-pkg> debug: Link parent dir: `/nix/store/cyxvczv80hbvrvhl5ld31h43p2h6qkdm-bun-pkg--cracked-judge-guest/share/bun-cache`.
bun-pkg> 
bun-pkg> debug: Created parent directory.
bun-pkg> 
bun-pkg> info: Successfully created cache entry symlink for `@cracked-judge/guest`.
bun-pkg> 
building '/nix/store/a4k58qa78fxsqjzhmciv5qs2mz6rzhws-bun-cache.drv'...
building '/nix/store/8dwcpxflrpkgx9zfv41fq7radvd1lj68-cj-guest-test-v0.0.1.drv'...
cj-guest-test-v0.0.1> Running phase: unpackPhase
cj-guest-test-v0.0.1> unpacking source archive /nix/store/14f7wvas64705f2bnxxfx7iz8bcwnbkx-cracked-judge
cj-guest-test-v0.0.1> source root is cracked-judge
cj-guest-test-v0.0.1> Running phase: patchPhase
cj-guest-test-v0.0.1> patching script interpreter paths in .
cj-guest-test-v0.0.1> Running phase: bunSetInstallCacheDirPhase
cj-guest-test-v0.0.1> Using bun root: "/build/cracked-judge"
cj-guest-test-v0.0.1> Running phase: updateAutotoolsGnuConfigScriptsPhase
cj-guest-test-v0.0.1> Running phase: configurePhase
cj-guest-test-v0.0.1> no configure script, doing nothing
cj-guest-test-v0.0.1> Running phase: bunNodeModulesInstallPhase
cj-guest-test-v0.0.1> /build/cracked-judge /build/cracked-judge
cj-guest-test-v0.0.1> bun install flags: --linker=isolated --ignore-scripts
cj-guest-test-v0.0.1> bun install v1.3.11 (af24e281)
cj-guest-test-v0.0.1> 
cj-guest-test-v0.0.1> + @eslint/js@10.0.1
cj-guest-test-v0.0.1> + @types/bun@1.3.12
cj-guest-test-v0.0.1> + @types/eslint@9.6.1
cj-guest-test-v0.0.1> + @types/node@25.6.0
cj-guest-test-v0.0.1> + bun-types@1.3.12
cj-guest-test-v0.0.1> + bun2nix@2.0.8
cj-guest-test-v0.0.1> + eslint@10.2.0
cj-guest-test-v0.0.1> + openapi-fetch@0.17.0
cj-guest-test-v0.0.1> + typescript-eslint@8.58.2
cj-guest-test-v0.0.1> + @orpc/client@1.13.14
cj-guest-test-v0.0.1> + @orpc/contract@1.13.14
cj-guest-test-v0.0.1> + @orpc/server@1.13.14
cj-guest-test-v0.0.1> + generic-pool@3.9.0
cj-guest-test-v0.0.1> + ioredis@5.10.1
cj-guest-test-v0.0.1> + msgpackr@1.11.9
cj-guest-test-v0.0.1> + pino@10.3.1
cj-guest-test-v0.0.1> + pino-pretty@13.1.3
cj-guest-test-v0.0.1> + zod@4.3.6
cj-guest-test-v0.0.1> + typescript@5.9.3
cj-guest-test-v0.0.1> 
cj-guest-test-v0.0.1> 340 packages installed [45.00ms]
cj-guest-test-v0.0.1> /build/cracked-judge
cj-guest-test-v0.0.1> Running phase: bunLifecycleScriptsPhase
cj-guest-test-v0.0.1> /build/cracked-judge /build/cracked-judge
cj-guest-test-v0.0.1> bun lifecycle install flags: --linker=isolated
cj-guest-test-v0.0.1> bun install v1.3.11 (af24e281)
cj-guest-test-v0.0.1> 
cj-guest-test-v0.0.1> $ bun2nix -o ../nix/bun.nix -c ../cracked-judge/
cj-guest-test-v0.0.1> 
cj-guest-test-v0.0.1> Checked 176 installs across 180 packages (no changes) [18.00ms]
cj-guest-test-v0.0.1> /build/cracked-judge
cj-guest-test-v0.0.1> Running phase: buildPhase
cj-guest-test-v0.0.1> no Makefile or custom buildPhase, doing nothing
cj-guest-test-v0.0.1> Running phase: installPhase
building '/nix/store/bmkwwfh9kf0wp6zfpn1mlkn076ydvv8b-system-path.drv'...
system-path> created 6762 symlinks in user environment
building '/nix/store/1b0iwjafm9mbk96sxrc8k6bfs67c70xm-dbus-1.drv'...
building '/nix/store/h5q2dfbmdxjj8j6p8skr710riczf8qwq-X-Restart-Triggers-dbus.drv'...
building '/nix/store/i8mjq9h9gnii4cibyjch1w7d8srndbaf-unit-dbus.service.drv'...
building '/nix/store/pnpzmilg8i0mih5k906z73bhi7jwwc15-unit-dbus.service.drv'...
building '/nix/store/6ccbc8czs7a9hpaq69cd7nnfc5sssn84-system-units.drv'...
building '/nix/store/ssjrlfxipqnr6zbv9k1v3p14vjg3w3yp-user-units.drv'...
building '/nix/store/ffgannmx0l1xlf021r4sqajiza8cwid4-etc.drv'...
building '/nix/store/67ldw3z5saw7w3xgn8xp4zvf9p34lfsd-activate.drv'...
building '/nix/store/zcfha1hq7b3i88zvhd5j4q4rg0lnn1qb-nixos-system-machine-test.drv'...
building '/nix/store/w9yv0yiwx4r24rb2x12xh4s9gnap6jrn-closure-info.drv'...
closure-info> structuredAttrs is enabled
building '/nix/store/0n9hz01pjh76gcql55fk26g7jic30vxr-run-nixos-vm.drv'...
building '/nix/store/d671yr3hvxdlqlvnm1rh6hcnjsfn29fq-nixos-vm.drv'...
building '/nix/store/dxlgq08ppvc2l2bc3gf8vsmyhj2v456f-nixos-test-driver-guest-runtime-tests.drv'...
nixos-test-driver-guest-runtime-tests> Running type check (enable/disable: config.skipTypeCheck)
nixos-test-driver-guest-runtime-tests> See https://nixos.org/manual/nixos/stable/#test-opt-skipTypeCheck
nixos-test-driver-guest-runtime-tests> Success: no issues found in 1 source file
nixos-test-driver-guest-runtime-tests> additionally exposed symbols:
nixos-test-driver-guest-runtime-tests>     ,
nixos-test-driver-guest-runtime-tests>     ,
nixos-test-driver-guest-runtime-tests>     start_all, test_script, machines_qemu, machines_nspawn, vlans, driver, log, os, create_machine, subtest, run_tests, join_all, retry, serial_stdout_off, serial_stdout_on, polling_condition, BaseMachine, t, debug
nixos-test-driver-guest-runtime-tests> Linting test script (enable/disable: config.skipLint)
nixos-test-driver-guest-runtime-tests> See https://nixos.org/manual/nixos/stable/#test-opt-skipLint
building '/nix/store/cw5i8hck8w6h0pxxyrnf7lg7chyaxdlk-vm-test-run-guest-runtime-tests.drv'...
vm-test-run-guest-runtime-tests> Machine state will be reset. To keep it, pass --keep-machine-state
vm-test-run-guest-runtime-tests> start all VLans
vm-test-run-guest-runtime-tests> start vlan
vm-test-run-guest-runtime-tests> creating tap interface vde-tap1
vm-test-run-guest-runtime-tests> running vlan (pid 7; ctl /build/vde1.ctl)
vm-test-run-guest-runtime-tests> (finished: start all VLans, in 0.00 seconds)
vm-test-run-guest-runtime-tests> Test will time out and terminate in 3600 seconds
vm-test-run-guest-runtime-tests> vde_plug2tap: Failed to open /dev/net/tun No such file or directory
vm-test-run-guest-runtime-tests> run the VM test script
vm-test-run-guest-runtime-tests> additionally exposed symbols:
vm-test-run-guest-runtime-tests>     machine,
vm-test-run-guest-runtime-tests>     vlan1,
vm-test-run-guest-runtime-tests>     start_all, test_script, machines_qemu, machines_nspawn, vlans, driver, log, os, create_machine, subtest, run_tests, join_all, retry, serial_stdout_off, serial_stdout_on, polling_condition, BaseMachine, t, debug
vm-test-run-guest-runtime-tests> machine: waiting for unit multi-user.target
vm-test-run-guest-runtime-tests> machine: waiting for the VM to finish booting
vm-test-run-guest-runtime-tests> machine: starting vm
vm-test-run-guest-runtime-tests> mke2fs 1.47.3 (8-Jul-2025)
vm-test-run-guest-runtime-tests> machine # Disk image does not exist, creating the virtualisation disk image...
vm-test-run-guest-runtime-tests> machine: QEMU running (pid 10)
vm-test-run-guest-runtime-tests> machine # Formatting '/build/vm-state-machine/tmp.Bu6MTlnBgi', fmt=raw size=1073741824
vm-test-run-guest-runtime-tests> machine # Discarding device blocks:      0/262144             done
vm-test-run-guest-runtime-tests> machine # Creating filesystem with 262144 4k blocks and 65536 inodes
vm-test-run-guest-runtime-tests> machine # Filesystem UUID: 2b90ae09-aada-4365-a692-8f5045c37fb6
vm-test-run-guest-runtime-tests> machine # Superblock backups stored on blocks:
vm-test-run-guest-runtime-tests> machine #      32768, 98304, 163840, 229376
vm-test-run-guest-runtime-tests> machine # 
vm-test-run-guest-runtime-tests> machine # Allocating group tables: 0/8   done
vm-test-run-guest-runtime-tests> machine # Writing inode tables: 0/8   done
vm-test-run-guest-runtime-tests> machine # Creating journal (8192 blocks): done
vm-test-run-guest-runtime-tests> machine # Writing superblocks and filesystem accounting information: 0/8   done
vm-test-run-guest-runtime-tests> machine # 
vm-test-run-guest-runtime-tests> machine # Virtualisation disk image created.
vm-test-run-guest-runtime-tests> machine # cSeaBIOS (version rel-1.17.0-0-gb52ca86e094d-prebuilt.qemu.org)
vm-test-run-guest-runtime-tests> machine # 
vm-test-run-guest-runtime-tests> machine # 
vm-test-run-guest-runtime-tests> machine # iPXE (http://ipxe.org) 00:03.0 CA00 PCI2.10 PnP PMM+3EFD1920+3EF31920 CA00
vm-test-run-guest-runtime-tests> machine # Press Ctrl-B to configure iPXE (PCI 00:03.0)...
vm-test-run-guest-runtime-tests> machine # 
vm-test-run-guest-runtime-tests> machine # 
vm-test-run-guest-runtime-tests> machine # 
vm-test-run-guest-runtime-tests> machine # 
vm-test-run-guest-runtime-tests> machine # iPXE (http://ipxe.org) 00:09.0 CB00 PCI2.10 PnP PMM 3EFD1920 3EF31920 CB00
vm-test-run-guest-runtime-tests> machine # Press Ctrl-B to configure iPXE (PCI 00:09.0)...
vm-test-run-guest-runtime-tests> machine # 
vm-test-run-guest-runtime-tests> machine # 
vm-test-run-guest-runtime-tests> machine # Booting from ROM...
vm-test-run-guest-runtime-tests> machine # Probing EDD (edd=off to disable)... ok
vm-test-run-guest-runtime-tests> machine # c[    0.000000] Linux version 6.18.20 (nixbld@localhost) (gcc (GCC) 15.2.0, GNU ld (GNU Binutils) 2.44) #1-NixOS SMP PREEMPT_DYNAMIC Wed Mar 25 10:10:46 UTC 2026
vm-test-run-guest-runtime-tests> machine # [    0.000000] Command line: console=ttyS0 console=tty0 panic=1 boot.panic_on_fail clocksource=acpi_pm loglevel=7 net.ifnames=0 lsm=landlock,yama,bpf init=/nix/store/n4f536rl8as7q7jr7nna6kwphsj9mk7j-nixos-system-machine-test/init regInfo=/nix/store/0p6i6bj9y6sllsphm1ycl764jh92pgvm-closure-info/registration console=ttyS0,115200n8 console=tty0
vm-test-run-guest-runtime-tests> machine # [    0.000000] BIOS-provided physical RAM map:
vm-test-run-guest-runtime-tests> machine # [    0.000000] BIOS-e820: [mem 0x0000000000000000-0x000000000009fbff] usable
vm-test-run-guest-runtime-tests> machine # [    0.000000] BIOS-e820: [mem 0x000000000009fc00-0x000000000009ffff] reserved
vm-test-run-guest-runtime-tests> machine # [    0.000000] BIOS-e820: [mem 0x00000000000f0000-0x00000000000fffff] reserved
vm-test-run-guest-runtime-tests> machine # [    0.000000] BIOS-e820: [mem 0x0000000000100000-0x000000003ffdafff] usable
vm-test-run-guest-runtime-tests> machine # [    0.000000] BIOS-e820: [mem 0x000000003ffdb000-0x000000003fffffff] reserved
vm-test-run-guest-runtime-tests> machine # [    0.000000] BIOS-e820: [mem 0x00000000feffc000-0x00000000feffffff] reserved
vm-test-run-guest-runtime-tests> machine # [    0.000000] BIOS-e820: [mem 0x00000000fffc0000-0x00000000ffffffff] reserved
vm-test-run-guest-runtime-tests> machine # [    0.000000] BIOS-e820: [mem 0x000000fd00000000-0x000000ffffffffff] reserved
vm-test-run-guest-runtime-tests> machine # [    0.000000] NX (Execute Disable) protection: active
vm-test-run-guest-runtime-tests> machine # [    0.000000] APIC: Static calls initialized
vm-test-run-guest-runtime-tests> machine # [    0.000000] SMBIOS 2.8 present.
vm-test-run-guest-runtime-tests> machine # [    0.000000] DMI: QEMU Standard PC (i440FX + PIIX, 1996), BIOS rel-1.17.0-0-gb52ca86e094d-prebuilt.qemu.org 04/01/2014
vm-test-run-guest-runtime-tests> machine # [    0.000000] DMI: Memory slots populated: 1/1
vm-test-run-guest-runtime-tests> machine # [    0.000000] Hypervisor detected: KVM
vm-test-run-guest-runtime-tests> machine # [    0.000000] last_pfn = 0x3ffdb max_arch_pfn = 0x400000000
vm-test-run-guest-runtime-tests> machine # [    0.000000] kvm-clock: Using msrs 4b564d01 and 4b564d00
vm-test-run-guest-runtime-tests> machine # [    0.000001] kvm-clock: using sched offset of 297084053 cycles
vm-test-run-guest-runtime-tests> machine # [    0.000002] clocksource: kvm-clock: mask: 0xffffffffffffffff max_cycles: 0x1cd42e4dffb, max_idle_ns: 881590591483 ns
vm-test-run-guest-runtime-tests> machine # [    0.000005] tsc: Detected 4300.012 MHz processor
vm-test-run-guest-runtime-tests> machine # [    0.000415] last_pfn = 0x3ffdb max_arch_pfn = 0x400000000
vm-test-run-guest-runtime-tests> machine # [    0.000464] MTRR map: 4 entries (3 fixed + 1 variable; max 19), built from 8 variable MTRRs
vm-test-run-guest-runtime-tests> machine # [    0.000467] x86/PAT: Configuration [0-7]: WB  WC  UC- UC  WB  WP  UC- WT
vm-test-run-guest-runtime-tests> machine # [    0.002490] found SMP MP-table at [mem 0x000f5470-0x000f547f]
vm-test-run-guest-runtime-tests> machine # [    0.002503] Using GB pages for direct mapping
vm-test-run-guest-runtime-tests> machine # [    0.002581] RAMDISK: [mem 0x3f3a4000-0x3ffcffff]
vm-test-run-guest-runtime-tests> machine # [    0.002587] ACPI: Early table checksum verification disabled
vm-test-run-guest-runtime-tests> machine # [    0.002589] ACPI: RSDP 0x00000000000F5290 000014 (v00 BOCHS )
vm-test-run-guest-runtime-tests> machine # [    0.002591] ACPI: RSDT 0x000000003FFE23D9 000034 (v01 BOCHS  BXPC     00000001 BXPC 00000001)
vm-test-run-guest-runtime-tests> machine # [    0.002594] ACPI: FACP 0x000000003FFE228D 000074 (v01 BOCHS  BXPC     00000001 BXPC 00000001)
vm-test-run-guest-runtime-tests> machine # [    0.002596] ACPI: DSDT 0x000000003FFE0040 00224D (v01 BOCHS  BXPC     00000001 BXPC 00000001)
vm-test-run-guest-runtime-tests> machine # [    0.002598] ACPI: FACS 0x000000003FFE0000 000040
vm-test-run-guest-runtime-tests> machine # [    0.002599] ACPI: APIC 0x000000003FFE2301 000078 (v03 BOCHS  BXPC     00000001 BXPC 00000001)
vm-test-run-guest-runtime-tests> machine # [    0.002600] ACPI: HPET 0x000000003FFE2379 000038 (v01 BOCHS  BXPC     00000001 BXPC 00000001)
vm-test-run-guest-runtime-tests> machine # [    0.002601] ACPI: WAET 0x000000003FFE23B1 000028 (v01 BOCHS  BXPC     00000001 BXPC 00000001)
vm-test-run-guest-runtime-tests> machine # [    0.002601] ACPI: Reserving FACP table memory at [mem 0x3ffe228d-0x3ffe2300]
vm-test-run-guest-runtime-tests> machine # [    0.002602] ACPI: Reserving DSDT table memory at [mem 0x3ffe0040-0x3ffe228c]
vm-test-run-guest-runtime-tests> machine # [    0.002603] ACPI: Reserving FACS table memory at [mem 0x3ffe0000-0x3ffe003f]
vm-test-run-guest-runtime-tests> machine # [    0.002603] ACPI: Reserving APIC table memory at [mem 0x3ffe2301-0x3ffe2378]
vm-test-run-guest-runtime-tests> machine # [    0.002604] ACPI: Reserving HPET table memory at [mem 0x3ffe2379-0x3ffe23b0]
vm-test-run-guest-runtime-tests> machine # [    0.002604] ACPI: Reserving WAET table memory at [mem 0x3ffe23b1-0x3ffe23d8]
vm-test-run-guest-runtime-tests> machine # [    0.002913] No NUMA configuration found
vm-test-run-guest-runtime-tests> machine # [    0.002914] Faking a node at [mem 0x0000000000000000-0x000000003ffdafff]
vm-test-run-guest-runtime-tests> machine # [    0.002917] NODE_DATA(0) allocated [mem 0x3ffd5780-0x3ffdacff]
vm-test-run-guest-runtime-tests> machine # [    0.002928] Zone ranges:
vm-test-run-guest-runtime-tests> machine # [    0.002928]   DMA      [mem 0x0000000000001000-0x0000000000ffffff]
vm-test-run-guest-runtime-tests> machine # [    0.002930]   DMA32    [mem 0x0000000001000000-0x000000003ffdafff]
vm-test-run-guest-runtime-tests> machine # [    0.002930]   Normal   empty
vm-test-run-guest-runtime-tests> machine # [    0.002931]   Device   empty
vm-test-run-guest-runtime-tests> machine # [    0.002931] Movable zone start for each node
vm-test-run-guest-runtime-tests> machine # [    0.002931] Early memory node ranges
vm-test-run-guest-runtime-tests> machine # [    0.002932]   node   0: [mem 0x0000000000001000-0x000000000009efff]
vm-test-run-guest-runtime-tests> machine # [    0.002932]   node   0: [mem 0x0000000000100000-0x000000003ffdafff]
vm-test-run-guest-runtime-tests> machine # [    0.002933] Initmem setup node 0 [mem 0x0000000000001000-0x000000003ffdafff]
vm-test-run-guest-runtime-tests> machine # [    0.002993] On node 0, zone DMA: 1 pages in unavailable ranges
vm-test-run-guest-runtime-tests> machine # [    0.003000] On node 0, zone DMA: 97 pages in unavailable ranges
vm-test-run-guest-runtime-tests> machine # [    0.003664] On node 0, zone DMA32: 37 pages in unavailable ranges
vm-test-run-guest-runtime-tests> machine # [    0.004311] ACPI: PM-Timer IO Port: 0x608
vm-test-run-guest-runtime-tests> machine # [    0.004323] ACPI: LAPIC_NMI (acpi_id[0xff] dfl dfl lint[0x1])
vm-test-run-guest-runtime-tests> machine # [    0.004354] IOAPIC[0]: apic_id 0, version 17, address 0xfec00000, GSI 0-23
vm-test-run-guest-runtime-tests> machine # [    0.004357] ACPI: INT_SRC_OVR (bus 0 bus_irq 0 global_irq 2 dfl dfl)
vm-test-run-guest-runtime-tests> machine # [    0.004358] ACPI: INT_SRC_OVR (bus 0 bus_irq 5 global_irq 5 high level)
vm-test-run-guest-runtime-tests> machine # [    0.004359] ACPI: INT_SRC_OVR (bus 0 bus_irq 9 global_irq 9 high level)
vm-test-run-guest-runtime-tests> machine # [    0.004359] ACPI: INT_SRC_OVR (bus 0 bus_irq 10 global_irq 10 high level)
vm-test-run-guest-runtime-tests> machine # [    0.004360] ACPI: INT_SRC_OVR (bus 0 bus_irq 11 global_irq 11 high level)
vm-test-run-guest-runtime-tests> machine # [    0.004362] ACPI: Using ACPI (MADT) for SMP configuration information
vm-test-run-guest-runtime-tests> machine # [    0.004362] ACPI: HPET id: 0x8086a201 base: 0xfed00000
vm-test-run-guest-runtime-tests> machine # [    0.004365] TSC deadline timer available
vm-test-run-guest-runtime-tests> machine # [    0.004367] CPU topo: Max. logical packages:   1
vm-test-run-guest-runtime-tests> machine # [    0.004367] CPU topo: Max. logical dies:       1
vm-test-run-guest-runtime-tests> machine # [    0.004367] CPU topo: Max. dies per package:   1
vm-test-run-guest-runtime-tests> machine # [    0.004369] CPU topo: Max. threads per core:   1
vm-test-run-guest-runtime-tests> machine # [    0.004369] CPU topo: Num. cores per package:     1
vm-test-run-guest-runtime-tests> machine # [    0.004370] CPU topo: Num. threads per package:   1
vm-test-run-guest-runtime-tests> machine # [    0.004370] CPU topo: Allowing 1 present CPUs plus 0 hotplug CPUs
vm-test-run-guest-runtime-tests> machine # [    0.004382] kvm-guest: APIC: eoi() replaced with kvm_guest_apic_eoi_write()
vm-test-run-guest-runtime-tests> machine # [    0.004403] PM: hibernation: Registered nosave memory: [mem 0x00000000-0x00000fff]
vm-test-run-guest-runtime-tests> machine # [    0.004405] PM: hibernation: Registered nosave memory: [mem 0x0009f000-0x000fffff]
vm-test-run-guest-runtime-tests> machine # [    0.004406] [mem 0x40000000-0xfeffbfff] available for PCI devices
vm-test-run-guest-runtime-tests> machine # [    0.004406] Booting paravirtualized kernel on KVM
vm-test-run-guest-runtime-tests> machine # [    0.004408] clocksource: refined-jiffies: mask: 0xffffffff max_cycles: 0xffffffff, max_idle_ns: 1910969940391419 ns
vm-test-run-guest-runtime-tests> machine # [    0.007202] setup_percpu: NR_CPUS:384 nr_cpumask_bits:1 nr_cpu_ids:1 nr_node_ids:1
vm-test-run-guest-runtime-tests> machine # [    0.007305] percpu: Embedded 98 pages/cpu s278528 r8192 d114688 u2097152
vm-test-run-guest-runtime-tests> machine # [    0.007338] kvm-guest: PV spinlocks disabled, single CPU
vm-test-run-guest-runtime-tests> machine # [    0.007340] Kernel command line: console=ttyS0 console=tty0 panic=1 boot.panic_on_fail clocksource=acpi_pm loglevel=7 net.ifnames=0 lsm=landlock,yama,bpf init=/nix/store/n4f536rl8as7q7jr7nna6kwphsj9mk7j-nixos-system-machine-test/init regInfo=/nix/store/0p6i6bj9y6sllsphm1ycl764jh92pgvm-closure-info/registration console=ttyS0,115200n8 console=tty0
vm-test-run-guest-runtime-tests> machine # [    0.007389] Unknown kernel command line parameters "regInfo=/nix/store/0p6i6bj9y6sllsphm1ycl764jh92pgvm-closure-info/registration", will be passed to user space.
vm-test-run-guest-runtime-tests> machine # [    0.007593] random: crng init done
vm-test-run-guest-runtime-tests> machine # [    0.007594] printk: log buffer data + meta data: 262144 + 917504 = 1179648 bytes
vm-test-run-guest-runtime-tests> machine # [    0.007618] Dentry cache hash table entries: 131072 (order: 8, 1048576 bytes, linear)
vm-test-run-guest-runtime-tests> machine # [    0.007634] Inode-cache hash table entries: 65536 (order: 7, 524288 bytes, linear)
vm-test-run-guest-runtime-tests> machine # [    0.007655] Fallback order for Node 0: 0
vm-test-run-guest-runtime-tests> machine # [    0.007658] Built 1 zonelists, mobility grouping on.  Total pages: 262009
vm-test-run-guest-runtime-tests> machine # [    0.007659] Policy zone: DMA32
vm-test-run-guest-runtime-tests> machine # [    0.007776] mem auto-init: stack:all(zero), heap alloc:on, heap free:off
vm-test-run-guest-runtime-tests> machine # [    0.008913] SLUB: HWalign=64, Order=0-3, MinObjects=0, CPUs=1, Nodes=1
vm-test-run-guest-runtime-tests> machine # [    0.009029] allocated 2097152 bytes of page_ext
vm-test-run-guest-runtime-tests> machine # [    0.016101] ftrace: allocating 48406 entries in 192 pages
vm-test-run-guest-runtime-tests> machine # [    0.016103] ftrace: allocated 192 pages with 2 groups
vm-test-run-guest-runtime-tests> machine # [    0.016451] Dynamic Preempt: lazy
vm-test-run-guest-runtime-tests> machine # [    0.016555] rcu: Preemptible hierarchical RCU implementation.
vm-test-run-guest-runtime-tests> machine # [    0.016556] rcu:  RCU event tracing is enabled.
vm-test-run-guest-runtime-tests> machine # [    0.016556] rcu:  RCU restricting CPUs from NR_CPUS=384 to nr_cpu_ids=1.
vm-test-run-guest-runtime-tests> machine # [    0.016557]       Trampoline variant of Tasks RCU enabled.
vm-test-run-guest-runtime-tests> machine # [    0.016558]       Rude variant of Tasks RCU enabled.
vm-test-run-guest-runtime-tests> machine # [    0.016558]       Tracing variant of Tasks RCU enabled.
vm-test-run-guest-runtime-tests> machine # [    0.016558] rcu: RCU calculated value of scheduler-enlistment delay is 100 jiffies.
vm-test-run-guest-runtime-tests> machine # [    0.016559] rcu: Adjusting geometry for rcu_fanout_leaf=16, nr_cpu_ids=1
vm-test-run-guest-runtime-tests> machine # [    0.016566] RCU Tasks: Setting shift to 0 and lim to 1 rcu_task_cb_adjust=1 rcu_task_cpu_ids=1.
vm-test-run-guest-runtime-tests> machine # [    0.016567] RCU Tasks Rude: Setting shift to 0 and lim to 1 rcu_task_cb_adjust=1 rcu_task_cpu_ids=1.
vm-test-run-guest-runtime-tests> machine # [    0.016568] RCU Tasks Trace: Setting shift to 0 and lim to 1 rcu_task_cb_adjust=1 rcu_task_cpu_ids=1.
vm-test-run-guest-runtime-tests> machine # [    0.018716] NR_IRQS: 24832, nr_irqs: 256, preallocated irqs: 16
vm-test-run-guest-runtime-tests> machine # [    0.018913] rcu: srcu_init: Setting srcu_struct sizes based on contention.
vm-test-run-guest-runtime-tests> machine # [    0.019064] kfence: initialized - using 2097152 bytes for 255 objects at 0x(____ptrval____)-0x(____ptrval____)
vm-test-run-guest-runtime-tests> machine # [    0.024494] Console: colour VGA+ 80x25
vm-test-run-guest-runtime-tests> machine # [    0.024497] printk: legacy console [tty0] enabled
vm-test-run-guest-runtime-tests> machine # [    0.060405] printk: legacy console [ttyS0] enabled
vm-test-run-guest-runtime-tests> machine # [    0.165718] ACPI: Core revision 20250807
vm-test-run-guest-runtime-tests> machine # [    0.166621] clocksource: hpet: mask: 0xffffffff max_cycles: 0xffffffff, max_idle_ns: 19112604467 ns
vm-test-run-guest-runtime-tests> machine # [    0.168338] APIC: Switch to symmetric I/O mode setup
vm-test-run-guest-runtime-tests> machine # [    0.169538] x2apic enabled
vm-test-run-guest-runtime-tests> machine # [    0.170414] APIC: Switched APIC routing to: physical x2apic
vm-test-run-guest-runtime-tests> machine # [    0.172768] ..TIMER: vector=0x30 apic1=0 pin1=2 apic2=-1 pin2=-1
vm-test-run-guest-runtime-tests> machine # [    0.173902] clocksource: tsc-early: mask: 0xffffffffffffffff max_cycles: 0x3dfb6f1d9b4, max_idle_ns: 440795286752 ns
vm-test-run-guest-runtime-tests> machine # [    0.175781] Calibrating delay loop (skipped) preset value.. 8600.02 BogoMIPS (lpj=4300012)
vm-test-run-guest-runtime-tests> machine # [    0.177890] x86/cpu: User Mode Instruction Prevention (UMIP) activated
vm-test-run-guest-runtime-tests> machine # [    0.178893] Last level iTLB entries: 4KB 512, 2MB 255, 4MB 127
vm-test-run-guest-runtime-tests> machine # [    0.179782] Last level dTLB entries: 4KB 512, 2MB 255, 4MB 127, 1GB 0
vm-test-run-guest-runtime-tests> machine # [    0.180784] mitigations: Enabled attack vectors: user_kernel, user_user, guest_host, guest_guest, SMT mitigations: auto
vm-test-run-guest-runtime-tests> machine # [    0.182782] Speculative Store Bypass: Mitigation: Speculative Store Bypass disabled via prctl
vm-test-run-guest-runtime-tests> machine # [    0.183782] Spectre V2 : Mitigation: Enhanced / Automatic IBRS
vm-test-run-guest-runtime-tests> machine # [    0.184782] Speculative Return Stack Overflow: Mitigation: IBPB on VMEXIT only
vm-test-run-guest-runtime-tests> machine # [    0.185781] Spectre V1 : Mitigation: usercopy/swapgs barriers and __user pointer sanitization
vm-test-run-guest-runtime-tests> machine # [    0.186786] Spectre V2 : mitigation: Enabling conditional Indirect Branch Prediction Barrier
vm-test-run-guest-runtime-tests> machine # [    0.187810] x86/fpu: Supporting XSAVE feature 0x001: 'x87 floating point registers'
vm-test-run-guest-runtime-tests> machine # [    0.189782] x86/fpu: Supporting XSAVE feature 0x002: 'SSE registers'
vm-test-run-guest-runtime-tests> machine # [    0.190781] x86/fpu: Supporting XSAVE feature 0x004: 'AVX registers'
vm-test-run-guest-runtime-tests> machine # [    0.191782] x86/fpu: Supporting XSAVE feature 0x020: 'AVX-512 opmask'
vm-test-run-guest-runtime-tests> machine # [    0.193782] x86/fpu: Supporting XSAVE feature 0x040: 'AVX-512 Hi256'
vm-test-run-guest-runtime-tests> machine # [    0.194781] x86/fpu: Supporting XSAVE feature 0x080: 'AVX-512 ZMM_Hi256'
vm-test-run-guest-runtime-tests> machine # [    0.195782] x86/fpu: Supporting XSAVE feature 0x200: 'Protection Keys User registers'
vm-test-run-guest-runtime-tests> machine # [    0.196782] x86/fpu: xstate_offset[2]:  576, xstate_sizes[2]:  256
vm-test-run-guest-runtime-tests> machine # [    0.198782] x86/fpu: xstate_offset[5]:  832, xstate_sizes[5]:   64
vm-test-run-guest-runtime-tests> machine # [    0.199782] x86/fpu: xstate_offset[6]:  896, xstate_sizes[6]:  512
vm-test-run-guest-runtime-tests> machine # [    0.200782] x86/fpu: xstate_offset[7]: 1408, xstate_sizes[7]: 1024
vm-test-run-guest-runtime-tests> machine # [    0.201782] x86/fpu: xstate_offset[9]: 2432, xstate_sizes[9]:    8
vm-test-run-guest-runtime-tests> machine # [    0.202781] x86/fpu: Enabled xstate features 0x2e7, context size is 2440 bytes, using 'compacted' format.
vm-test-run-guest-runtime-tests> machine # [    0.221891] Freeing SMP alternatives memory: 44K
vm-test-run-guest-runtime-tests> machine # [    0.222739] pid_max: default: 32768 minimum: 301
vm-test-run-guest-runtime-tests> machine # [    0.223409] LSM: initializing lsm=capability,landlock,yama,bpf,ima
vm-test-run-guest-runtime-tests> machine # [    0.224634] landlock: Up and running.
vm-test-run-guest-runtime-tests> machine # [    0.225268] Yama: becoming mindful.
vm-test-run-guest-runtime-tests> machine # [    0.225880] LSM support for eBPF active
vm-test-run-guest-runtime-tests> machine # [    0.226802] Mount-cache hash table entries: 2048 (order: 2, 16384 bytes, linear)
vm-test-run-guest-runtime-tests> machine # [    0.227782] Mountpoint-cache hash table entries: 2048 (order: 2, 16384 bytes, linear)
vm-test-run-guest-runtime-tests> machine # [    0.229830] smpboot: CPU0: AMD Ryzen 9 9950X 16-Core Processor (family: 0x1a, model: 0x44, stepping: 0x0)
vm-test-run-guest-runtime-tests> machine # [    0.230865] Performance Events: Fam17h+ core perfctr, AMD PMU driver.
vm-test-run-guest-runtime-tests> machine # [    0.231788] ... version:                   2
vm-test-run-guest-runtime-tests> machine # [    0.232569] ... bit width:                 48
vm-test-run-guest-runtime-tests> machine # [    0.233359] ... generic counters:          6
vm-test-run-guest-runtime-tests> machine # [    0.233782] ... generic bitmap:            000000000000003f
vm-test-run-guest-runtime-tests> machine # [    0.234772] ... fixed-purpose counters:    0
vm-test-run-guest-runtime-tests> machine # [    0.235350] ... fixed-purpose bitmap:      0000000000000000
vm-test-run-guest-runtime-tests> machine # [    0.235782] ... value mask:                0000ffffffffffff
vm-test-run-guest-runtime-tests> machine # [    0.236769] ... max period:                00007fffffffffff
vm-test-run-guest-runtime-tests> machine # [    0.237518] ... global_ctrl mask:          000000000000003f
vm-test-run-guest-runtime-tests> machine # [    0.237840] signal: max sigframe size: 3376
vm-test-run-guest-runtime-tests> machine # [    0.238630] rcu: Hierarchical SRCU implementation.
vm-test-run-guest-runtime-tests> machine # [    0.239415] rcu:  Max phase no-delay instances is 400.
vm-test-run-guest-runtime-tests> machine # [    0.240049] smp: Bringing up secondary CPUs ...
vm-test-run-guest-runtime-tests> machine # [    0.240792] smp: Brought up 1 node, 1 CPU
vm-test-run-guest-runtime-tests> machine # [    0.241540] smpboot: Total of 1 processors activated (8600.02 BogoMIPS)
vm-test-run-guest-runtime-tests> machine # [    0.242730] Memory: 959644K/1048036K available (17054K kernel code, 2716K rwdata, 13480K rodata, 3632K init, 3040K bss, 80968K reserved, 0K cma-reserved)
vm-test-run-guest-runtime-tests> machine # [    0.243836] devtmpfs: initialized
vm-test-run-guest-runtime-tests> machine # [    0.244500] x86/mm: Memory block size: 128MB
vm-test-run-guest-runtime-tests> machine # [    0.244948] clocksource: jiffies: mask: 0xffffffff max_cycles: 0xffffffff, max_idle_ns: 1911260446275000 ns
vm-test-run-guest-runtime-tests> machine # [    0.245791] posixtimers hash table entries: 512 (order: 1, 8192 bytes, linear)
vm-test-run-guest-runtime-tests> machine # [    0.246785] futex hash table entries: 256 (16384 bytes on 1 NUMA nodes, total 16 KiB, linear).
vm-test-run-guest-runtime-tests> machine # [    0.247813] pinctrl core: initialized pinctrl subsystem
vm-test-run-guest-runtime-tests> machine # [    0.248873] PM: RTC time: 07:15:45, date: 2026-04-18
vm-test-run-guest-runtime-tests> machine # [    0.249978] NET: Registered PF_NETLINK/PF_ROUTE protocol family
vm-test-run-guest-runtime-tests> machine # [    0.250903] DMA: preallocated 128 KiB GFP_KERNEL pool for atomic allocations
vm-test-run-guest-runtime-tests> machine # [    0.251790] DMA: preallocated 128 KiB GFP_KERNEL|GFP_DMA pool for atomic allocations
vm-test-run-guest-runtime-tests> machine # [    0.252786] DMA: preallocated 128 KiB GFP_KERNEL|GFP_DMA32 pool for atomic allocations
vm-test-run-guest-runtime-tests> machine # [    0.253787] audit: initializing netlink subsys (disabled)
vm-test-run-guest-runtime-tests> machine # [    0.254784] audit: type=2000 audit(1776496545.919:1): state=initialized audit_enabled=0 res=1
vm-test-run-guest-runtime-tests> machine # [    0.255824] thermal_sys: Registered thermal governor 'fair_share'
vm-test-run-guest-runtime-tests> machine # [    0.255825] thermal_sys: Registered thermal governor 'bang_bang'
vm-test-run-guest-runtime-tests> machine # [    0.256783] thermal_sys: Registered thermal governor 'step_wise'
vm-test-run-guest-runtime-tests> machine # [    0.257784] thermal_sys: Registered thermal governor 'user_space'
vm-test-run-guest-runtime-tests> machine # [    0.258783] thermal_sys: Registered thermal governor 'power_allocator'
vm-test-run-guest-runtime-tests> machine # [    0.259792] cpuidle: using governor menu
vm-test-run-guest-runtime-tests> machine # [    0.262190] acpiphp: ACPI Hot Plug PCI Controller Driver version: 0.5
vm-test-run-guest-runtime-tests> machine # [    0.262881] PCI: Using configuration type 1 for base access
vm-test-run-guest-runtime-tests> machine # [    0.263783] PCI: Using configuration type 1 for extended access
vm-test-run-guest-runtime-tests> machine # [    0.264836] kprobes: kprobe jump-optimization is enabled. All kprobes are optimized if possible.
vm-test-run-guest-runtime-tests> machine # [    0.269816] HugeTLB: registered 1.00 GiB page size, pre-allocated 0 pages
vm-test-run-guest-runtime-tests> machine # [    0.270783] HugeTLB: 16380 KiB vmemmap can be freed for a 1.00 GiB page
vm-test-run-guest-runtime-tests> machine # [    0.275784] HugeTLB: registered 2.00 MiB page size, pre-allocated 0 pages
vm-test-run-guest-runtime-tests> machine # [    0.276782] HugeTLB: 28 KiB vmemmap can be freed for a 2.00 MiB page
vm-test-run-guest-runtime-tests> machine # [    0.280380] ACPI: Added _OSI(Module Device)
vm-test-run-guest-runtime-tests> machine # [    0.282784] ACPI: Added _OSI(Processor Device)
vm-test-run-guest-runtime-tests> machine # [    0.283595] ACPI: Added _OSI(Processor Aggregator Device)
vm-test-run-guest-runtime-tests> machine # [    0.286858] ACPI: 1 ACPI AML tables successfully acquired and loaded
vm-test-run-guest-runtime-tests> machine # [    0.290844] ACPI: Interpreter enabled
vm-test-run-guest-runtime-tests> machine # [    0.291552] ACPI: PM: (supports S0 S3 S4 S5)
vm-test-run-guest-runtime-tests> machine # [    0.291783] ACPI: Using IOAPIC for interrupt routing
vm-test-run-guest-runtime-tests> machine # [    0.292681] PCI: Using host bridge windows from ACPI; if necessary, use "pci=nocrs" and report a bug
vm-test-run-guest-runtime-tests> machine # [    0.295054] PCI: Using E820 reservations for host bridge windows
vm-test-run-guest-runtime-tests> machine # [    0.295834] ACPI: Enabled 2 GPEs in block 00 to 0F
vm-test-run-guest-runtime-tests> machine # [    0.297947] ACPI: PCI Root Bridge [PCI0] (domain 0000 [bus 00-ff])
vm-test-run-guest-runtime-tests> machine # [    0.298786] acpi PNP0A03:00: _OSC: OS supports [ExtendedConfig ASPM ClockPM Segments MSI HPX-Type3]
vm-test-run-guest-runtime-tests> machine # [    0.299933] acpiphp: Slot [3] registered
vm-test-run-guest-runtime-tests> machine # [    0.300680] acpiphp: Slot [4] registered
vm-test-run-guest-runtime-tests> machine # [    0.301323] acpiphp: Slot [5] registered
vm-test-run-guest-runtime-tests> machine # [    0.301801] acpiphp: Slot [6] registered
vm-test-run-guest-runtime-tests> machine # [    0.302545] acpiphp: Slot [7] registered
vm-test-run-guest-runtime-tests> machine # [    0.302802] acpiphp: Slot [8] registered
vm-test-run-guest-runtime-tests> machine # [    0.303554] acpiphp: Slot [9] registered
vm-test-run-guest-runtime-tests> machine # [    0.303801] acpiphp: Slot [10] registered
vm-test-run-guest-runtime-tests> machine # [    0.304561] acpiphp: Slot [11] registered
vm-test-run-guest-runtime-tests> machine # [    0.304802] acpiphp: Slot [12] registered
vm-test-run-guest-runtime-tests> machine # [    0.305568] acpiphp: Slot [13] registered
vm-test-run-guest-runtime-tests> machine # [    0.305801] acpiphp: Slot [14] registered
vm-test-run-guest-runtime-tests> machine # [    0.306560] acpiphp: Slot [15] registered
vm-test-run-guest-runtime-tests> machine # [    0.306806] acpiphp: Slot [16] registered
vm-test-run-guest-runtime-tests> machine # [    0.307561] acpiphp: Slot [17] registered
vm-test-run-guest-runtime-tests> machine # [    0.307807] acpiphp: Slot [18] registered
vm-test-run-guest-runtime-tests> machine # [    0.308567] acpiphp: Slot [19] registered
vm-test-run-guest-runtime-tests> machine # [    0.309330] acpiphp: Slot [20] registered
vm-test-run-guest-runtime-tests> machine # [    0.309800] acpiphp: Slot [21] registered
vm-test-run-guest-runtime-tests> machine # [    0.310567] acpiphp: Slot [22] registered
vm-test-run-guest-runtime-tests> machine # [    0.311332] acpiphp: Slot [23] registered
vm-test-run-guest-runtime-tests> machine # [    0.311801] acpiphp: Slot [24] registered
vm-test-run-guest-runtime-tests> machine # [    0.312558] acpiphp: Slot [25] registered
vm-test-run-guest-runtime-tests> machine # [    0.312801] acpiphp: Slot [26] registered
vm-test-run-guest-runtime-tests> machine # [    0.313561] acpiphp: Slot [27] registered
vm-test-run-guest-runtime-tests> machine # [    0.313801] acpiphp: Slot [28] registered
vm-test-run-guest-runtime-tests> machine # [    0.314564] acpiphp: Slot [29] registered
vm-test-run-guest-runtime-tests> machine # [    0.315329] acpiphp: Slot [30] registered
vm-test-run-guest-runtime-tests> machine # [    0.315802] acpiphp: Slot [31] registered
vm-test-run-guest-runtime-tests> machine # [    0.316563] PCI host bridge to bus 0000:00
vm-test-run-guest-runtime-tests> machine # [    0.316786] pci_bus 0000:00: root bus resource [io  0x0000-0x0cf7 window]
vm-test-run-guest-runtime-tests> machine # [    0.317783] pci_bus 0000:00: root bus resource [io  0x0d00-0xffff window]
vm-test-run-guest-runtime-tests> machine # [    0.318783] pci_bus 0000:00: root bus resource [mem 0x000a0000-0x000bffff window]
vm-test-run-guest-runtime-tests> machine # [    0.319783] pci_bus 0000:00: root bus resource [mem 0x40000000-0xfebfffff window]
vm-test-run-guest-runtime-tests> machine # [    0.320783] pci_bus 0000:00: root bus resource [mem 0x100000000-0x17fffffff window]
vm-test-run-guest-runtime-tests> machine # [    0.321783] pci_bus 0000:00: root bus resource [bus 00-ff]
vm-test-run-guest-runtime-tests> machine # [    0.322948] pci 0000:00:00.0: [8086:1237] type 00 class 0x060000 conventional PCI endpoint
vm-test-run-guest-runtime-tests> machine # [    0.324313] pci 0000:00:01.0: [8086:7000] type 00 class 0x060100 conventional PCI endpoint
vm-test-run-guest-runtime-tests> machine # [    0.325322] pci 0000:00:01.1: [8086:7010] type 00 class 0x010180 conventional PCI endpoint
vm-test-run-guest-runtime-tests> machine # [    0.326498] pci 0000:00:01.1: BAR 4 [io  0xc1e0-0xc1ef]
vm-test-run-guest-runtime-tests> machine # [    0.326826] pci 0000:00:01.1: BAR 0 [io  0x01f0-0x01f7]: legacy IDE quirk
vm-test-run-guest-runtime-tests> machine # [    0.327783] pci 0000:00:01.1: BAR 1 [io  0x03f6]: legacy IDE quirk
vm-test-run-guest-runtime-tests> machine # [    0.328783] pci 0000:00:01.1: BAR 2 [io  0x0170-0x0177]: legacy IDE quirk
vm-test-run-guest-runtime-tests> machine # [    0.329783] pci 0000:00:01.1: BAR 3 [io  0x0376]: legacy IDE quirk
vm-test-run-guest-runtime-tests> machine # [    0.330939] pci 0000:00:01.2: [8086:7020] type 00 class 0x0c0300 conventional PCI endpoint
vm-test-run-guest-runtime-tests> machine # [    0.332446] pci 0000:00:01.2: BAR 4 [io  0xc100-0xc11f]
vm-test-run-guest-runtime-tests> machine # [    0.333281] pci 0000:00:01.3: [8086:7113] type 00 class 0x068000 conventional PCI endpoint
vm-test-run-guest-runtime-tests> machine # [    0.334192] pci 0000:00:01.3: quirk: [io  0x0600-0x063f] claimed by PIIX4 ACPI
vm-test-run-guest-runtime-tests> machine # [    0.334793] pci 0000:00:01.3: quirk: [io  0x0700-0x070f] claimed by PIIX4 SMB
vm-test-run-guest-runtime-tests> machine # [    0.336016] pci 0000:00:02.0: [1234:1111] type 00 class 0x030000 conventional PCI endpoint
vm-test-run-guest-runtime-tests> machine # [    0.338400] pci 0000:00:02.0: BAR 0 [mem 0xfd000000-0xfdffffff pref]
vm-test-run-guest-runtime-tests> machine # [    0.338802] pci 0000:00:02.0: BAR 2 [mem 0xfebd0000-0xfebd0fff]
vm-test-run-guest-runtime-tests> machine # [    0.339826] pci 0000:00:02.0: ROM [mem 0xfebc0000-0xfebcffff pref]
vm-test-run-guest-runtime-tests> machine # [    0.340864] pci 0000:00:02.0: Video device with shadowed ROM at [mem 0x000c0000-0x000dffff]
vm-test-run-guest-runtime-tests> machine # [    0.342065] pci 0000:00:03.0: [1af4:1000] type 00 class 0x020000 conventional PCI endpoint
vm-test-run-guest-runtime-tests> machine # [    0.343793] pci 0000:00:03.0: BAR 0 [io  0xc120-0xc13f]
vm-test-run-guest-runtime-tests> machine # [    0.344760] pci 0000:00:03.0: BAR 1 [mem 0xfebd1000-0xfebd1fff]
vm-test-run-guest-runtime-tests> machine # [    0.345610] pci 0000:00:03.0: BAR 4 [mem 0xfe000000-0xfe003fff 64bit pref]
vm-test-run-guest-runtime-tests> machine # [    0.346656] pci 0000:00:03.0: ROM [mem 0xfeb40000-0xfeb7ffff pref]
vm-test-run-guest-runtime-tests> machine # [    0.348816] pci 0000:00:04.0: [1af4:1005] type 00 class 0x00ff00 conventional PCI endpoint
vm-test-run-guest-runtime-tests> machine # [    0.350770] pci 0000:00:04.0: BAR 0 [io  0xc140-0xc15f]
vm-test-run-guest-runtime-tests> machine # [    0.351496] pci 0000:00:04.0: BAR 1 [mem 0xfebd2000-0xfebd2fff]
vm-test-run-guest-runtime-tests> machine # [    0.351818] pci 0000:00:04.0: BAR 4 [mem 0xfe004000-0xfe007fff 64bit pref]
vm-test-run-guest-runtime-tests> machine # [    0.353835] pci 0000:00:05.0: [1af4:1009] type 00 class 0x000200 conventional PCI endpoint
vm-test-run-guest-runtime-tests> machine # [    0.355748] pci 0000:00:05.0: BAR 0 [io  0xc080-0xc0bf]
vm-test-run-guest-runtime-tests> machine # [    0.356503] pci 0000:00:05.0: BAR 1 [mem 0xfebd3000-0xfebd3fff]
vm-test-run-guest-runtime-tests> machine # [    0.356819] pci 0000:00:05.0: BAR 4 [mem 0xfe008000-0xfe00bfff 64bit pref]
vm-test-run-guest-runtime-tests> machine # [    0.358843] pci 0000:00:06.0: [1af4:1009] type 00 class 0x000200 conventional PCI endpoint
vm-test-run-guest-runtime-tests> machine # [    0.360765] pci 0000:00:06.0: BAR 0 [io  0xc160-0xc17f]
vm-test-run-guest-runtime-tests> machine # [    0.361497] pci 0000:00:06.0: BAR 1 [mem 0xfebd4000-0xfebd4fff]
vm-test-run-guest-runtime-tests> machine # [    0.361823] pci 0000:00:06.0: BAR 4 [mem 0xfe00c000-0xfe00ffff 64bit pref]
vm-test-run-guest-runtime-tests> machine # [    0.364126] pci 0000:00:07.0: [1af4:1009] type 00 class 0x000200 conventional PCI endpoint
vm-test-run-guest-runtime-tests> machine # [    0.365747] pci 0000:00:07.0: BAR 0 [io  0xc180-0xc19f]
vm-test-run-guest-runtime-tests> machine # [    0.366502] pci 0000:00:07.0: BAR 1 [mem 0xfebd5000-0xfebd5fff]
vm-test-run-guest-runtime-tests> machine # [    0.366819] pci 0000:00:07.0: BAR 4 [mem 0xfe010000-0xfe013fff 64bit pref]
vm-test-run-guest-runtime-tests> machine # [    0.369992] pci 0000:00:08.0: [1af4:1001] type 00 class 0x010000 conventional PCI endpoint
vm-test-run-guest-runtime-tests> machine # [    0.371773] pci 0000:00:08.0: BAR 0 [io  0xc000-0xc07f]
vm-test-run-guest-runtime-tests> machine # [    0.372497] pci 0000:00:08.0: BAR 1 [mem 0xfebd6000-0xfebd6fff]
vm-test-run-guest-runtime-tests> machine # [    0.372819] pci 0000:00:08.0: BAR 4 [mem 0xfe014000-0xfe017fff 64bit pref]
vm-test-run-guest-runtime-tests> machine # [    0.374833] pci 0000:00:09.0: [1af4:1000] type 00 class 0x020000 conventional PCI endpoint
vm-test-run-guest-runtime-tests> machine # [    0.376703] pci 0000:00:09.0: BAR 0 [io  0xc1a0-0xc1bf]
vm-test-run-guest-runtime-tests> machine # [    0.377486] pci 0000:00:09.0: BAR 1 [mem 0xfebd7000-0xfebd7fff]
vm-test-run-guest-runtime-tests> machine # [    0.377818] pci 0000:00:09.0: BAR 4 [mem 0xfe018000-0xfe01bfff 64bit pref]
vm-test-run-guest-runtime-tests> machine # [    0.378792] pci 0000:00:09.0: ROM [mem 0xfeb80000-0xfebbffff pref]
vm-test-run-guest-runtime-tests> machine # [    0.380800] pci 0000:00:0a.0: [1af4:1052] type 00 class 0x090000 conventional PCI endpoint
vm-test-run-guest-runtime-tests> machine # [    0.382560] pci 0000:00:0a.0: BAR 1 [mem 0xfebd8000-0xfebd8fff]
vm-test-run-guest-runtime-tests> machine # [    0.383596] pci 0000:00:0a.0: BAR 4 [mem 0xfe01c000-0xfe01ffff 64bit pref]
vm-test-run-guest-runtime-tests> machine # [    0.385971] pci 0000:00:0b.0: [1af4:1003] type 00 class 0x078000 conventional PCI endpoint
vm-test-run-guest-runtime-tests> machine # [    0.387776] pci 0000:00:0b.0: BAR 0 [io  0xc0c0-0xc0ff]
vm-test-run-guest-runtime-tests> machine # [    0.388732] pci 0000:00:0b.0: BAR 1 [mem 0xfebd9000-0xfebd9fff]
vm-test-run-guest-runtime-tests> machine # [    0.389595] pci 0000:00:0b.0: BAR 4 [mem 0xfe020000-0xfe023fff 64bit pref]
vm-test-run-guest-runtime-tests> machine # [    0.391717] pci 0000:00:0c.0: [1af4:1005] type 00 class 0x00ff00 conventional PCI endpoint
vm-test-run-guest-runtime-tests> machine # [    0.393676] pci 0000:00:0c.0: BAR 0 [io  0xc1c0-0xc1df]
vm-test-run-guest-runtime-tests> machine # [    0.394793] pci 0000:00:0c.0: BAR 1 [mem 0xfebda000-0xfebdafff]
vm-test-run-guest-runtime-tests> machine # [    0.395818] pci 0000:00:0c.0: BAR 4 [mem 0xfe024000-0xfe027fff 64bit pref]
vm-test-run-guest-runtime-tests> machine # [    0.400865] ACPI: PCI: Interrupt link LNKA configured for IRQ 10
vm-test-run-guest-runtime-tests> machine # [    0.401888] ACPI: PCI: Interrupt link LNKB configured for IRQ 10
vm-test-run-guest-runtime-tests> machine # [    0.402880] ACPI: PCI: Interrupt link LNKC configured for IRQ 11
vm-test-run-guest-runtime-tests> machine # [    0.403881] ACPI: PCI: Interrupt link LNKD configured for IRQ 11
vm-test-run-guest-runtime-tests> machine # [    0.404831] ACPI: PCI: Interrupt link LNKS configured for IRQ 9
vm-test-run-guest-runtime-tests> machine # [    0.405986] iommu: Default domain type: Translated
vm-test-run-guest-runtime-tests> machine # [    0.406786] iommu: DMA domain TLB invalidation policy: lazy mode
vm-test-run-guest-runtime-tests> machine # [    0.407815] ACPI: bus type USB registered
vm-test-run-guest-runtime-tests> machine # [    0.408568] usbcore: registered new interface driver usbfs
vm-test-run-guest-runtime-tests> machine # [    0.409509] usbcore: registered new interface driver hub
vm-test-run-guest-runtime-tests> machine # [    0.410525] usbcore: registered new device driver usb
vm-test-run-guest-runtime-tests> machine # [    0.410971] NetLabel: Initializing
vm-test-run-guest-runtime-tests> machine # [    0.411623] NetLabel:  domain hash size = 128
vm-test-run-guest-runtime-tests> machine # [    0.412373] NetLabel:  protocols = UNLABELED CIPSOv4 CALIPSO
vm-test-run-guest-runtime-tests> machine # [    0.412798] NetLabel:  unlabeled traffic allowed by default
vm-test-run-guest-runtime-tests> machine # [    0.413786] PCI: Using ACPI for IRQ routing
vm-test-run-guest-runtime-tests> machine # [    0.414889] pci 0000:00:02.0: vgaarb: setting as boot VGA device
vm-test-run-guest-runtime-tests> machine # [    0.415779] pci 0000:00:02.0: vgaarb: bridge control possible
vm-test-run-guest-runtime-tests> machine # [    0.415779] pci 0000:00:02.0: vgaarb: VGA device added: decodes=io+mem,owns=io+mem,locks=none
vm-test-run-guest-runtime-tests> machine # [    0.415783] vgaarb: loaded
vm-test-run-guest-runtime-tests> machine # [    0.416356] hpet0: at MMIO 0xfed00000, IRQs 2, 8, 0
vm-test-run-guest-runtime-tests> machine # [    0.416784] hpet0: 3 comparators, 64-bit 100.000000 MHz counter
vm-test-run-guest-runtime-tests> machine # [    0.421799] clocksource: Switched to clocksource kvm-clock
vm-test-run-guest-runtime-tests> machine # [    0.422853] VFS: Disk quotas dquot_6.6.0
vm-test-run-guest-runtime-tests> machine # [    0.423909] VFS: Dquot-cache hash table entries: 512 (order 0, 4096 bytes)
vm-test-run-guest-runtime-tests> machine # [    0.425165] pnp: PnP ACPI init
vm-test-run-guest-runtime-tests> machine # [    0.425983] pnp: PnP ACPI: found 6 devices
vm-test-run-guest-runtime-tests> machine # [    0.431784] clocksource: acpi_pm: mask: 0xffffff max_cycles: 0xffffff, max_idle_ns: 2085701024 ns
vm-test-run-guest-runtime-tests> machine # [    0.433346] clocksource: Switched to clocksource acpi_pm
vm-test-run-guest-runtime-tests> machine # [    0.434349] NET: Registered PF_INET protocol family
vm-test-run-guest-runtime-tests> machine # [    0.435271] IP idents hash table entries: 16384 (order: 5, 131072 bytes, linear)
vm-test-run-guest-runtime-tests> machine # [    0.441436] tcp_listen_portaddr_hash hash table entries: 512 (order: 1, 8192 bytes, linear)
vm-test-run-guest-runtime-tests> machine # [    0.442969] Table-perturb hash table entries: 65536 (order: 6, 262144 bytes, linear)
vm-test-run-guest-runtime-tests> machine # [    0.444355] TCP established hash table entries: 8192 (order: 4, 65536 bytes, linear)
vm-test-run-guest-runtime-tests> machine # [    0.445744] TCP bind hash table entries: 8192 (order: 6, 262144 bytes, linear)
vm-test-run-guest-runtime-tests> machine # [    0.447078] TCP: Hash tables configured (established 8192 bind 8192)
vm-test-run-guest-runtime-tests> machine # [    0.448231] MPTCP token hash table entries: 1024 (order: 3, 24576 bytes, linear)
vm-test-run-guest-runtime-tests> machine # [    0.449568] UDP hash table entries: 512 (order: 3, 32768 bytes, linear)
vm-test-run-guest-runtime-tests> machine # [    0.450755] UDP-Lite hash table entries: 512 (order: 3, 32768 bytes, linear)
vm-test-run-guest-runtime-tests> machine # [    0.452055] NET: Registered PF_UNIX/PF_LOCAL protocol family
vm-test-run-guest-runtime-tests> machine # [    0.453085] NET: Registered PF_XDP protocol family
vm-test-run-guest-runtime-tests> machine # [    0.453982] pci_bus 0000:00: resource 4 [io  0x0000-0x0cf7 window]
vm-test-run-guest-runtime-tests> machine # [    0.455094] pci_bus 0000:00: resource 5 [io  0x0d00-0xffff window]
vm-test-run-guest-runtime-tests> machine # [    0.456198] pci_bus 0000:00: resource 6 [mem 0x000a0000-0x000bffff window]
vm-test-run-guest-runtime-tests> machine # [    0.457420] pci_bus 0000:00: resource 7 [mem 0x40000000-0xfebfffff window]
vm-test-run-guest-runtime-tests> machine # [    0.458640] pci_bus 0000:00: resource 8 [mem 0x100000000-0x17fffffff window]
vm-test-run-guest-runtime-tests> machine # [    0.459945] pci 0000:00:01.0: PIIX3: Enabling Passive Release
vm-test-run-guest-runtime-tests> machine # [    0.461008] pci 0000:00:00.0: Limiting direct PCI/PCI transfers
vm-test-run-guest-runtime-tests> machine # [    0.462424] ACPI: \_SB_.LNKD: Enabled at IRQ 11
vm-test-run-guest-runtime-tests> machine # [    0.463948] PCI: CLS 0 bytes, default 64
vm-test-run-guest-runtime-tests> machine # [    0.464756] clocksource: tsc: mask: 0xffffffffffffffff max_cycles: 0x3dfb6f1d9b4, max_idle_ns: 440795286752 ns
vm-test-run-guest-runtime-tests> machine # [    0.466548] Trying to unpack rootfs image as initramfs...
vm-test-run-guest-runtime-tests> machine # [    0.485783] Initialise system trusted keyrings
vm-test-run-guest-runtime-tests> machine # [    0.488903] workingset: timestamp_bits=40 max_order=18 bucket_order=0
vm-test-run-guest-runtime-tests> machine # [    0.498492] Key type asymmetric registered
vm-test-run-guest-runtime-tests> machine # [    0.501893] Asymmetric key parser 'x509' registered
vm-test-run-guest-runtime-tests> machine # [    0.502796] Block layer SCSI generic (bsg) driver version 0.4 loaded (major 248)
vm-test-run-guest-runtime-tests> machine # [    0.505937] io scheduler mq-deadline registered
vm-test-run-guest-runtime-tests> machine # [    0.506772] io scheduler kyber registered
vm-test-run-guest-runtime-tests> machine # [    0.509502] Freeing initrd memory: 12464K
vm-test-run-guest-runtime-tests> machine # [    0.510478] Serial: 8250/16550 driver, 4 ports, IRQ sharing enabled
vm-test-run-guest-runtime-tests> machine # [    0.511795] 00:04: ttyS0 at I/O 0x3f8 (irq = 4, base_baud = 115200) is a 16550A
vm-test-run-guest-runtime-tests> machine # [    0.513653] Linux agpgart interface v0.103
vm-test-run-guest-runtime-tests> machine # [    0.514470] ACPI: bus type drm_connector registered
vm-test-run-guest-runtime-tests> machine # [    0.515518] usbcore: registered new interface driver usbserial_generic
vm-test-run-guest-runtime-tests> machine # [    0.516688] usbserial: USB Serial support registered for generic
vm-test-run-guest-runtime-tests> machine # [    0.517779] amd_pstate: The CPPC feature is supported but currently disabled by the BIOS.
vm-test-run-guest-runtime-tests> machine # [    0.517779] Please enable it if your BIOS has the CPPC option.
vm-test-run-guest-runtime-tests> machine # [    0.520178] amd_pstate: the _CPC object is not present in SBIOS or ACPI disabled
vm-test-run-guest-runtime-tests> machine # [    0.521543] drop_monitor: Initializing network drop monitor service
vm-test-run-guest-runtime-tests> machine # [    0.522727] NET: Registered PF_INET6 protocol family
vm-test-run-guest-runtime-tests> machine # [    0.523811] Segment Routing with IPv6
vm-test-run-guest-runtime-tests> machine # [    0.524546] In-situ OAM (IOAM) with IPv6
vm-test-run-guest-runtime-tests> machine # [    0.525446] IPI shorthand broadcast: enabled
vm-test-run-guest-runtime-tests> machine # [    0.526844] sched_clock: Marking stable (375392024, 150860713)->(587322580, -61069843)
vm-test-run-guest-runtime-tests> machine # [    0.528355] registered taskstats version 1
vm-test-run-guest-runtime-tests> machine # [    0.529215] Loading compiled-in X.509 certificates
vm-test-run-guest-runtime-tests> machine # [    0.531453] Demotion targets for Node 0: null
vm-test-run-guest-runtime-tests> machine # [    0.532331] Key type .fscrypt registered
vm-test-run-guest-runtime-tests> machine # [    0.533087] Key type fscrypt-provisioning registered
vm-test-run-guest-runtime-tests> machine # [    0.534035] ima: No TPM chip found, activating TPM-bypass!
vm-test-run-guest-runtime-tests> machine # [    0.535042] ima: Allocated hash algorithm: sha1
vm-test-run-guest-runtime-tests> machine # [    0.535907] ima: No architecture policies found
vm-test-run-guest-runtime-tests> machine # [    0.536795] PM:   Magic number: 6:799:268
vm-test-run-guest-runtime-tests> machine # [    0.537977] RAS: Correctable Errors collector initialized.
vm-test-run-guest-runtime-tests> machine # [    0.540434] clk: Disabling unused clocks
vm-test-run-guest-runtime-tests> machine # [    0.541195] PM: genpd: Disabling unused power domains
vm-test-run-guest-runtime-tests> machine # [    0.542552] Freeing unused decrypted memory: 2028K
vm-test-run-guest-runtime-tests> machine # [    0.543663] Freeing unused kernel image (initmem) memory: 3632K
vm-test-run-guest-runtime-tests> machine # [    0.544747] Write protecting the kernel read-only data: 32768k
vm-test-run-guest-runtime-tests> machine # [    0.545969] Freeing unused kernel image (text/rodata gap) memory: 1376K
vm-test-run-guest-runtime-tests> machine # [    0.547212] Freeing unused kernel image (rodata/data gap) memory: 856K
vm-test-run-guest-runtime-tests> machine # [    0.564909] x86/mm: Checked W+X mappings: passed, no W+X pages found.
vm-test-run-guest-runtime-tests> machine # [    0.566069] Run /init as init process
vm-test-run-guest-runtime-tests> machine # [    0.584356] device-mapper: core: CONFIG_IMA_DISABLE_HTABLE is disabled. Duplicate IMA measurements will not be recorded in the IMA log.
vm-test-run-guest-runtime-tests> machine # [    0.586461] device-mapper: ioctl: 4.50.0-ioctl (2025-04-28) initialised: dm-devel@lists.linux.dev
vm-test-run-guest-runtime-tests> machine # [    0.640902] i8042: PNP: PS/2 Controller [PNP0303:KBD,PNP0f13:MOU] at 0x60,0x64 irq 1,12
vm-test-run-guest-runtime-tests> machine # [    0.651242] serio: i8042 KBD port at 0x60,0x64 irq 1
vm-test-run-guest-runtime-tests> machine # [    0.654569] ACPI: \_SB_.LNKC: Enabled at IRQ 10
vm-test-run-guest-runtime-tests> machine # [    0.662887] serio: i8042 AUX port at 0x60,0x64 irq 12
vm-test-run-guest-runtime-tests> machine # [    0.671104] uhci_hcd 0000:00:01.2: UHCI Host Controller
vm-test-run-guest-runtime-tests> machine # [    0.672072] uhci_hcd 0000:00:01.2: new USB bus registered, assigned bus number 1
vm-test-run-guest-runtime-tests> machine # [    0.676648] SCSI subsystem initialized
vm-test-run-guest-runtime-tests> machine # [    0.678244] ACPI: \_SB_.LNKA: Enabled at IRQ 10
vm-test-run-guest-runtime-tests> machine # [    0.679265] uhci_hcd 0000:00:01.2: detected 2 ports
vm-test-run-guest-runtime-tests> machine # [    0.680300] uhci_hcd 0000:00:01.2: irq 11, io port 0x0000c100
vm-test-run-guest-runtime-tests> machine # [    0.684173] ACPI: \_SB_.LNKB: Enabled at IRQ 11
vm-test-run-guest-runtime-tests> machine # [    0.686963] usb usb1: New USB device found, idVendor=1d6b, idProduct=0001, bcdDevice= 6.18
vm-test-run-guest-runtime-tests> machine # [    0.688423] usb usb1: New USB device strings: Mfr=3, Product=2, SerialNumber=1
vm-test-run-guest-runtime-tests> machine # [    0.696029] usb usb1: Product: UHCI Host Controller
vm-test-run-guest-runtime-tests> machine # [    0.696933] usb usb1: Manufacturer: Linux 6.18.20 uhci_hcd
vm-test-run-guest-runtime-tests> machine # [    0.702885] usb usb1: SerialNumber: 0000:00:01.2
vm-test-run-guest-runtime-tests> machine # [    0.704518] hub 1-0:1.0: USB hub found
vm-test-run-guest-runtime-tests> machine # [    0.708981] hub 1-0:1.0: 2 ports detected
vm-test-run-guest-runtime-tests> machine # [    0.710918] scsi host0: ata_piix
vm-test-run-guest-runtime-tests> machine # [    0.712649] scsi host1: ata_piix
vm-test-run-guest-runtime-tests> machine # [    0.715930] ata1: PATA max MWDMA2 cmd 0x1f0 ctl 0x3f6 bmdma 0xc1e0 irq 14 lpm-pol 0
vm-test-run-guest-runtime-tests> machine # [    0.717306] ata2: PATA max MWDMA2 cmd 0x170 ctl 0x376 bmdma 0xc1e8 irq 15 lpm-pol 0
vm-test-run-guest-runtime-tests> machine # [    0.874215] ata2: found unknown device (class 0)
vm-test-run-guest-runtime-tests> machine # [    0.875891] ata2.00: ATAPI: QEMU DVD-ROM, 2.5+, max UDMA/100
vm-test-run-guest-runtime-tests> machine # [    0.877993] scsi 1:0:0:0: CD-ROM            QEMU     QEMU DVD-ROM     2.5+ PQ: 0 ANSI: 5
vm-test-run-guest-runtime-tests> machine # [    0.920347] input: AT Translated Set 2 keyboard as /devices/platform/i8042/serio0/input/input0
vm-test-run-guest-runtime-tests> machine # [    0.929773] virtio_blk virtio5: 1/0/0 default/read/poll queues
vm-test-run-guest-runtime-tests> machine # [    0.930900] usb 1-1: new full-speed USB device number 2 using uhci_hcd
vm-test-run-guest-runtime-tests> machine # [    0.946558] virtio_blk virtio5: [vda] 2097152 512-byte logical blocks (1.07 GB/1.00 GiB)
vm-test-run-guest-runtime-tests> machine # [    0.970629] netfs: FS-Cache loaded
vm-test-run-guest-runtime-tests> machine # [    0.973583] 9pnet: Installing 9P2000 support
vm-test-run-guest-runtime-tests> machine # [    0.978238] sr 1:0:0:0: [sr0] scsi3-mmc drive: 4x/4x cd/rw xa/form2 tray
vm-test-run-guest-runtime-tests> machine # [    0.979476] cdrom: Uniform CD-ROM driver Revision: 3.20
vm-test-run-guest-runtime-tests> machine # [    1.097380] usb 1-1: New USB device found, idVendor=0627, idProduct=0001, bcdDevice= 0.00
vm-test-run-guest-runtime-tests> machine # [    1.099878] usb 1-1: New USB device strings: Mfr=1, Product=3, SerialNumber=10
vm-test-run-guest-runtime-tests> machine # [    1.101196] usb 1-1: Product: QEMU USB Tablet
vm-test-run-guest-runtime-tests> machine # [    1.103877] usb 1-1: Manufacturer: QEMU
vm-test-run-guest-runtime-tests> machine # [    1.104623] usb 1-1: SerialNumber: 28754-0000:00:01.2-1
vm-test-run-guest-runtime-tests> machine # [    1.120010] hid: raw HID events driver (C) Jiri Kosina
vm-test-run-guest-runtime-tests> machine # [    1.126329] EXT4-fs (vda): mounted filesystem 2b90ae09-aada-4365-a692-8f5045c37fb6 r/w with ordered data mode. Quota mode: none.
vm-test-run-guest-runtime-tests> machine # [    1.128786] usbcore: registered new interface driver usbhid
vm-test-run-guest-runtime-tests> machine # [    1.131016] usbhid: USB HID core driver
vm-test-run-guest-runtime-tests> machine # [    1.133420] input: QEMU QEMU USB Tablet as /devices/pci0000:00/0000:00:01.2/usb1/1-1/1-1:1.0/0003:0627:0001.0001/input/input2
vm-test-run-guest-runtime-tests> machine # [    1.135546] hid-generic 0003:0627:0001.0001: input,hidraw0: USB HID v0.01 Mouse [QEMU QEMU USB Tablet] on usb-0000:00:01.2-1/input0
vm-test-run-guest-runtime-tests> machine # [    1.147406] 9p: Installing v9fs 9p2000 file system support
vm-test-run-guest-runtime-tests> machine # [    1.235888] EXT4-fs (vda): re-mounted 2b90ae09-aada-4365-a692-8f5045c37fb6.
vm-test-run-guest-runtime-tests> machine # [    1.237508] booting system configuration /nix/store/n4f536rl8as7q7jr7nna6kwphsj9mk7j-nixos-system-machine-test
vm-test-run-guest-runtime-tests> machine # [    1.691634] systemd[1]: Inserted module 'autofs4'
vm-test-run-guest-runtime-tests> machine # [    1.696066] NET: Registered PF_VSOCK protocol family
vm-test-run-guest-runtime-tests> machine # [    1.705315] fuse: init (API version 7.45)
vm-test-run-guest-runtime-tests> machine # [    1.720195] systemd[1]: systemd 259.3 running in system mode (+PAM +AUDIT -SELINUX +APPARMOR +IMA +IPE +SMACK +SECCOMP +GCRYPT -GNUTLS +OPENSSL +ACL +BLKID +CURL +ELFUTILS +FIDO2 +IDN2 -IDN +KMOD +LIBCRYPTSETUP +LIBCRYPTSETUP_PLUGINS +LIBFDISK +PCRE2 +PWQUALITY +P11KIT +QRENCODE +TPM2 +BZIP2 +LZ4 +XZ +ZLIB +ZSTD +BPF_FRAMEWORK -BTF -XKBCOMMON +UTMP -SYSVINIT +LIBARCHIVE)
vm-test-run-guest-runtime-tests> machine # [    1.725717] systemd[1]: Detected virtualization kvm.
vm-test-run-guest-runtime-tests> machine # [    1.726676] systemd[1]: Detected architecture x86-64.
vm-test-run-guest-runtime-tests> machine # [    1.727662] systemd[1]: Detected first boot.
vm-test-run-guest-runtime-tests> machine # [    1.729392] systemd[1]: Initializing machine ID from random generator.
vm-test-run-guest-runtime-tests> machine # [    1.733583] systemd[1]: Hostname set to <machine>.
vm-test-run-guest-runtime-tests> machine # [    1.871216] systemd[1]: bpf-restrict-fs: LSM BPF program attached
vm-test-run-guest-runtime-tests> machine # [    1.923579] systemd[1]: Applying preset policy.
vm-test-run-guest-runtime-tests> machine # [    2.054483] systemd[1]: Populated /etc with preset unit settings.
vm-test-run-guest-runtime-tests> machine # [    2.176939] systemd[1]: Queued start job for default target Multi-User System.
vm-test-run-guest-runtime-tests> machine # [    2.186433] systemd[1]: Created slice Isolate Sandbox Slice.
vm-test-run-guest-runtime-tests> machine # [    2.187971] systemd[1]: Created slice Slice /system/getty.
vm-test-run-guest-runtime-tests> machine # [    2.189126] systemd[1]: Created slice Slice /system/modprobe.
vm-test-run-guest-runtime-tests> machine # [    2.190282] systemd[1]: Created slice User and Session Slice.
vm-test-run-guest-runtime-tests> machine # [    2.191285] systemd[1]: Started Dispatch Password Requests to Console Directory Watch.
vm-test-run-guest-runtime-tests> machine # [    2.192462] systemd[1]: Started Forward Password Requests to Wall Directory Watch.
vm-test-run-guest-runtime-tests> machine # [    2.193579] systemd[1]: Expecting device /dev/hvc0...
vm-test-run-guest-runtime-tests> machine # [    2.194360] systemd[1]: Expecting device /dev/ttyS0...
vm-test-run-guest-runtime-tests> machine # [    2.195142] systemd[1]: Expecting device /sys/subsystem/net/devices/eth1...
vm-test-run-guest-runtime-tests> machine # [    2.196142] systemd[1]: Reached target Local Encrypted Volumes.
vm-test-run-guest-runtime-tests> machine # [    2.197033] systemd[1]: Reached target Virtual Machines and Containers.
vm-test-run-guest-runtime-tests> machine # [    2.198017] systemd[1]: Reached target Path Units.
vm-test-run-guest-runtime-tests> machine # [    2.198753] systemd[1]: Reached target Remote File Systems.
vm-test-run-guest-runtime-tests> machine # [    2.199595] systemd[1]: Reached target Slice Units.
vm-test-run-guest-runtime-tests> machine # [    2.200373] systemd[1]: Reached target Swaps.
vm-test-run-guest-runtime-tests> machine # [    2.202271] systemd[1]: Listening on Process Core Dump Socket.
vm-test-run-guest-runtime-tests> machine # [    2.203808] systemd[1]: Listening on Credential Encryption/Decryption.
vm-test-run-guest-runtime-tests> machine # [    2.206782] systemd[1]: Listening on Journal Audit Socket.
vm-test-run-guest-runtime-tests> machine # [    2.207692] systemd[1]: Listening on Journal Socket (/dev/log).
vm-test-run-guest-runtime-tests> machine # [    2.208675] systemd[1]: Listening on Journal Sockets.
vm-test-run-guest-runtime-tests> machine # [    2.209577] systemd[1]: Listening on Userspace Out-Of-Memory (OOM) Killer Socket.
vm-test-run-guest-runtime-tests> machine # [    2.210684] systemd[1]: Make TPM PCR Policy skipped, unmet condition check ConditionSecurity=measured-uki
vm-test-run-guest-runtime-tests> machine # [    2.212117] systemd[1]: Listening on udev Control Socket.
vm-test-run-guest-runtime-tests> machine # [    2.212993] systemd[1]: Listening on udev Kernel Socket.
vm-test-run-guest-runtime-tests> machine # [    2.214993] systemd[1]: Mounting Huge Pages File System...
vm-test-run-guest-runtime-tests> machine # [    2.217923] systemd[1]: Mounting POSIX Message Queue File System...
vm-test-run-guest-runtime-tests> machine # [    2.222155] systemd[1]: Mounting Kernel Debug File System...
vm-test-run-guest-runtime-tests> machine # [    2.227626] systemd[1]: Mounting Kernel Trace File System...
vm-test-run-guest-runtime-tests> machine # [    2.235703] systemd[1]: Starting Create List of Static Device Nodes...
vm-test-run-guest-runtime-tests> machine # [    2.240929] systemd[1]: Load Kernel Module 9pnet_virtio skipped, unmet condition check ConditionKernelModuleLoaded=!9pnet_virtio
vm-test-run-guest-runtime-tests> machine # [    2.247283] systemd[1]: Starting Load Kernel Module configfs...
vm-test-run-guest-runtime-tests> machine # [    2.253072] systemd[1]: Load Kernel Module drm skipped, unmet condition check ConditionKernelModuleLoaded=!drm
vm-test-run-guest-runtime-tests> machine # [    2.257414] systemd[1]: Starting Load Kernel Module efi_pstore...
vm-test-run-guest-runtime-tests> machine # [    2.259385] systemd[1]: Load Kernel Module fuse skipped, unmet condition check ConditionKernelModuleLoaded=!fuse
vm-test-run-guest-runtime-tests> machine # [    2.264053] systemd[1]: Mounting FUSE Control File System...
vm-test-run-guest-runtime-tests> machine # [    2.266912] systemd[1]: File System Check on Root Device skipped, unmet condition check ConditionPathIsReadWrite=!/
vm-test-run-guest-runtime-tests> machine # [    2.270654] systemd[1]: Clear Stale Hibernate Storage Info skipped, unmet condition check ConditionPathExists=/sys/firmware/efi/efivars/HibernateLocation-8cf2644b-4b0b-428f-9387-6d876050dc67
vm-test-run-guest-runtime-tests> machine # [    2.274059] (modprobe)[377]: modprobe@configfs.service: modprobe@configfs.service: Unable to locate executable 'modprobe': No such file or directory
vm-test-run-guest-runtime-tests> machine # [    2.277679] systemd[1]: Starting Journal Service...
vm-test-run-guest-runtime-tests> machine # [    2.281562] systemd[1]: Starting Load Kernel Modules...
vm-test-run-guest-runtime-tests> machine # [    2.284912] systemd[1]: Starting Userspace Out-Of-Memory (OOM) Killer...
vm-test-run-guest-runtime-tests> machine # [    2.289516] systemd[1]: Starting Remount Root and Kernel File Systems...
vm-test-run-guest-runtime-tests> machine # [    2.291115] (modprobe)[378]: modprobe@efi_pstore.service: modprobe@efi_pstore.service: Unable to locate executable 'modprobe': No such file or directory
vm-test-run-guest-runtime-tests> machine # [    2.292917] systemd[1]: Early TPM SRK Setup skipped, unmet condition check ConditionSecurity=measured-uki
vm-test-run-guest-runtime-tests> machine # [    2.296790] systemd[1]: Starting Coldplug All udev Devices...
vm-test-run-guest-runtime-tests> machine # [    2.301369] systemd[1]: Mounted Huge Pages File System.
vm-test-run-guest-runtime-tests> machine # [    2.303309] systemd[1]: Mounted POSIX Message Queue File System.
vm-test-run-guest-runtime-tests> machine # [    2.306037] systemd[1]: Mounted Kernel Debug File System.
vm-test-run-guest-runtime-tests> machine # [    2.307577] systemd[1]: Mounted Kernel Trace File System.
vm-test-run-guest-runtime-tests> machine # [    2.310623] systemd[1]: Finished Create List of Static Device Nodes.
vm-test-run-guest-runtime-tests> machine # [    2.313239] systemd[1]: modprobe@configfs.service: Deactivated successfully.
vm-test-run-guest-runtime-tests> machine # [    2.316593] systemd[1]: Finished Load Kernel Module configfs.
vm-test-run-guest-runtime-tests> machine # [    2.318640] systemd[1]: modprobe@efi_pstore.service: Deactivated successfully.
vm-test-run-guest-runtime-tests> machine # [    2.321916] systemd[1]: Finished Load Kernel Module efi_pstore.
vm-test-run-guest-runtime-tests> machine # [    2.324106] systemd[1]: Mounted FUSE Control File System.
vm-test-run-guest-runtime-tests> machine # [    2.326410] systemd[1]: Kernel Configuration File System skipped, unmet condition check ConditionPathExists=/sys/kernel/config
vm-test-run-guest-runtime-tests> machine # [    2.334566] systemd[1]: Starting Create Static Device Nodes in /dev gracefully...
vm-test-run-guest-runtime-tests> machine # [    2.347252] EXT4-fs (vda): re-mounted 2b90ae09-aada-4365-a692-8f5045c37fb6.
vm-test-run-guest-runtime-tests> machine # [    2.356165] systemd-journald[380]: Collecting audit messages is enabled.
vm-test-run-guest-runtime-tests> machine # [    2.359075] loop: module loaded
vm-test-run-guest-runtime-tests> machine # [    2.360413] systemd[1]: Finished Remount Root and Kernel File Systems.
vm-test-run-guest-runtime-tests> machine # [    2.361514] systemd[1]: Platform Persistent Storage Archival skipped, unmet condition check ConditionDirectoryNotEmpty=/sys/fs/pstore
vm-test-run-guest-runtime-tests> machine # [    2.366723] systemd[1]: Starting Load/Save OS Random Seed...
vm-test-run-guest-runtime-tests> machine # [    2.368385] systemd[1]: TPM SRK Setup skipped, unmet condition check ConditionSecurity=measured-uki
vm-test-run-guest-runtime-tests> machine # [    2.372938] systemd[1]: Finished Load Kernel Modules.
vm-test-run-guest-runtime-tests> machine # [    2.380266] systemd[1]: Starting Firewall...
vm-test-run-guest-runtime-tests> machine # [    2.385065] systemd[1]: Starting Apply Kernel Variables...
vm-test-run-guest-runtime-tests> machine # [    2.413907] systemd[1]: Finished Load/Save OS Random Seed.
vm-test-run-guest-runtime-tests> machine # [    2.415235] systemd[1]: Reached target First Boot Complete.
vm-test-run-guest-runtime-tests> machine # [    2.425195] systemd[1]: Started Userspace Out-Of-Memory (OOM) Killer.
vm-test-run-guest-runtime-tests> machine # [    2.439560] systemd[1]: Finished Apply Kernel Variables.
vm-test-run-guest-runtime-tests> machine # [    2.447959] systemd[1]: Finished Create Static Device Nodes in /dev gracefully.
vm-test-run-guest-runtime-tests> machine # [    2.452792] systemd[1]: Starting Create Static Device Nodes in /dev...
vm-test-run-guest-runtime-tests> machine # [    2.515974] systemd[1]: Finished Create Static Device Nodes in /dev.
vm-test-run-guest-runtime-tests> machine # [    2.517201] systemd[1]: Reached target Preparation for Local File Systems.
vm-test-run-guest-runtime-tests> machine # [    2.521371] systemd[1]: Starting Rule-based Manager for Device Events and Files...
vm-test-run-guest-runtime-tests> machine # [    2.529109] systemd[1]: Finished Coldplug All udev Devices.
vm-test-run-guest-runtime-tests> machine # [    2.560081] systemd[1]: Started Journal Service.
vm-test-run-guest-runtime-tests> machine # [    2.410926] systemd-modules-load[381]: Inserted module 'loop'
vm-test-run-guest-runtime-tests> machine # [    2.414302] systemd-oomd[382]: No swap; memory pressure usage will be degraded
vm-test-run-guest-runtime-tests> machine # [    2.418163] systemd[1]: Starting Flush Journal to Persistent Storage...
vm-test-run-guest-runtime-tests> machine # [    2.424444] systemd-udevd[404]: Using default interface naming scheme 'v259'.
vm-test-run-guest-runtime-tests> machine # [    2.596023] systemd-journald[380]: Received client request to flush runtime journal.
vm-test-run-guest-runtime-tests> machine # [    2.518478] systemd[1]: Started Rule-based Manager for Device Events and Files.
vm-test-run-guest-runtime-tests> machine # [    2.523138] systemd[1]: Finished Flush Journal to Persistent Storage.
vm-test-run-guest-runtime-tests> machine # [    2.703698] systemd[1]: Finished Firewall.
vm-test-run-guest-runtime-tests> machine # [    2.716843] systemd[1]: Found device /dev/hvc0.
vm-test-run-guest-runtime-tests> machine # [    2.727374] systemd[1]: Found device /dev/ttyS0.
vm-test-run-guest-runtime-tests> machine # [    2.739507] (udev-worker)[483]: eth1: Config file /etc/systemd/network/40-eth1.link is applied to device based on potentially unpredictable interface name.
vm-test-run-guest-runtime-tests> machine # [    2.743756] (udev-worker)[483]: Network interface NamePolicy= disabled on kernel command line.
vm-test-run-guest-runtime-tests> machine # [    2.745820] (udev-worker)[481]: Network interface NamePolicy= disabled on kernel command line.
vm-test-run-guest-runtime-tests> machine # [    2.776084] systemd[1]: Found device Virtio network device.
vm-test-run-guest-runtime-tests> machine # [    2.978921] mousedev: PS/2 mouse device common for all mice
vm-test-run-guest-runtime-tests> machine # [    2.993519] input: Power Button as /devices/LNXSYSTM:00/LNXPWRBN:00/input/input3
vm-test-run-guest-runtime-tests> machine # [    3.008880] ACPI: button: Power Button [PWRF]
vm-test-run-guest-runtime-tests> machine # [    3.010712] rtc_cmos 00:05: RTC can wake from S4
vm-test-run-guest-runtime-tests> machine # [    3.013958] Floppy drive(s): fd0 is 2.88M AMI BIOS
vm-test-run-guest-runtime-tests> machine # [    3.016477] parport_pc 00:03: reported by Plug and Play ACPI
vm-test-run-guest-runtime-tests> machine # [    3.017356] parport0: PC-style at 0x378, irq 7 [PCSPP(,...)]
vm-test-run-guest-runtime-tests> machine # [    3.022515] rtc_cmos 00:05: registered as rtc0
vm-test-run-guest-runtime-tests> machine # [    3.024938] rtc_cmos 00:05: setting system clock to 2026-04-18T07:15:48 UTC (1776496548)
vm-test-run-guest-runtime-tests> machine # [    3.026454] systemd-journald[380]: Time jumped backwards, rotating.
vm-test-run-guest-runtime-tests> machine # [    3.031625] FDC 0 is a S82078B
vm-test-run-guest-runtime-tests> machine # [    3.039093] rtc_cmos 00:05: alarms up to one day, y3k, 242 bytes nvram, hpet irqs
vm-test-run-guest-runtime-tests> machine # [    3.057380] piix4_smbus 0000:00:01.3: SMBus Host Controller at 0x700, revision 0
vm-test-run-guest-runtime-tests> machine # [    3.058440] i2c i2c-0: Memory type 0x07 not supported yet, not instantiating SPD
vm-test-run-guest-runtime-tests> machine # [    3.063768] bochs-drm 0000:00:02.0: vgaarb: deactivate vga console
vm-test-run-guest-runtime-tests> machine # [    3.080990] input: QEMU Virtio Keyboard as /devices/pci0000:00/0000:00:0a.0/virtio7/input/input4
vm-test-run-guest-runtime-tests> machine # [    3.087085] input: VirtualPS/2 VMware VMMouse as /devices/platform/i8042/serio1/input/input6
vm-test-run-guest-runtime-tests> machine # [    3.088849] input: VirtualPS/2 VMware VMMouse as /devices/platform/i8042/serio1/input/input5
vm-test-run-guest-runtime-tests> machine # [    3.093124] Console: switching to colour dummy device 80x25
vm-test-run-guest-runtime-tests> machine # [    3.110107] [drm] Found bochs VGA, ID 0xb0c5.
vm-test-run-guest-runtime-tests> machine # [    3.110108] [drm] Framebuffer size 16384 kB @ 0xfd000000, mmio @ 0xfebd0000.
vm-test-run-guest-runtime-tests> machine # [    3.115125] bochs-drm 0000:00:02.0: [drm] Registered 1 planes with drm panic
vm-test-run-guest-runtime-tests> machine # [    3.115754] [drm] Initialized bochs-drm 1.0.0 for 0000:00:02.0 on minor 0
vm-test-run-guest-runtime-tests> machine # [    2.996940] systemd[1]: Starting Virtual Console Setup...
vm-test-run-guest-runtime-tests> machine # [    3.143576] fbcon: bochs-drmdrmfb (fb0) is primary device
vm-test-run-guest-runtime-tests> machine # [    3.173487] ppdev: user-space parallel port driver
vm-test-run-guest-runtime-tests> machine # [    3.194342] Console: switching to colour frame buffer device 160x50
vm-test-run-guest-runtime-tests> machine # [    3.207551] bochs-drm 0000:00:02.0: [drm] fb0: bochs-drmdrmfb frame buffer device
vm-test-run-guest-runtime-tests> machine # [    3.061338] systemd[1]: systemd-vconsole-setup.service: Deactivated successfully.
vm-test-run-guest-runtime-tests> machine # [    3.062627] systemd[1]: Stopped Virtual Console Setup.
vm-test-run-guest-runtime-tests> machine # [    3.064258] systemd[1]: Starting Virtual Console Setup...
vm-test-run-guest-runtime-tests> machine # [    3.075077] systemd[1]: systemd-vconsole-setup.service: Deactivated successfully.
vm-test-run-guest-runtime-tests> machine # [    3.076406] systemd[1]: Stopped Virtual Console Setup.
vm-test-run-guest-runtime-tests> machine # [    3.081188] systemd[1]: Starting Virtual Console Setup...
vm-test-run-guest-runtime-tests> machine # [    3.268058] kvm_amd: TSC scaling supported
vm-test-run-guest-runtime-tests> machine # [    3.268451] kvm_amd: Nested Virtualization enabled
vm-test-run-guest-runtime-tests> machine # [    3.269183] kvm_amd: Nested Paging enabled
vm-test-run-guest-runtime-tests> machine # [    3.269593] kvm_amd: LBR virtualization supported
vm-test-run-guest-runtime-tests> machine # [    3.270359] kvm_amd: Virtual VMLOAD VMSAVE supported
vm-test-run-guest-runtime-tests> machine # [    3.271002] kvm_amd: Virtual GIF supported
vm-test-run-guest-runtime-tests> machine # [    3.271415] kvm_amd: Virtual NMI enabled
vm-test-run-guest-runtime-tests> machine # [    3.150415] systemd[1]: Mounting /run/wrappers...
vm-test-run-guest-runtime-tests> machine # [    3.303782] EDAC MC: Ver: 3.0.0
vm-test-run-guest-runtime-tests> machine # [    3.168659] systemd[1]: Mounted /run/wrappers.
vm-test-run-guest-runtime-tests> machine # [    3.169975] systemd[1]: Reached target Local File Systems.
vm-test-run-guest-runtime-tests> machine # [    3.172551] systemd[1]: Listening on Boot Entries Service Socket.
vm-test-run-guest-runtime-tests> machine # [    3.174817] systemd[1]: Starting Create SUID/SGID Wrappers...
vm-test-run-guest-runtime-tests> machine # [    3.176679] systemd[1]: Update Boot Loader Random Seed skipped, no trigger condition checks were met.
vm-test-run-guest-runtime-tests> machine # [    3.179060] systemd[1]: Starting Save Transient machine-id to Disk...
vm-test-run-guest-runtime-tests> machine # [    3.180705] systemd[1]: Starting Create System Files and Directories...
vm-test-run-guest-runtime-tests> machine # [    3.205968] systemd[1]: etc-machine\x2did.mount: Deactivated successfully.
vm-test-run-guest-runtime-tests> machine # [    3.209128] systemd[1]: Finished Save Transient machine-id to Disk.
vm-test-run-guest-runtime-tests> machine # [    3.234203] systemd[1]: Finished Create System Files and Directories.
vm-test-run-guest-runtime-tests> machine # [    3.235948] systemd[1]: Starting Rebuild Journal Catalog...
vm-test-run-guest-runtime-tests> machine # [    3.238552] systemd[1]: Starting Record System Boot/Shutdown in UTMP...
vm-test-run-guest-runtime-tests> machine # [    3.266450] systemd[1]: Finished Record System Boot/Shutdown in UTMP.
vm-test-run-guest-runtime-tests> machine # [    3.287489] systemd[1]: Finished Rebuild Journal Catalog.
vm-test-run-guest-runtime-tests> machine # [    3.289264] systemd[1]: Starting Update is Completed...
vm-test-run-guest-runtime-tests> machine # [    3.309671] systemd[1]: Finished Update is Completed.
vm-test-run-guest-runtime-tests> machine # [    3.314311] systemd[1]: Finished Virtual Console Setup.
vm-test-run-guest-runtime-tests> machine # [    3.378106] systemd[1]: suid-sgid-wrappers.service: Deactivated successfully.
vm-test-run-guest-runtime-tests> machine # [    3.379207] systemd[1]: Finished Create SUID/SGID Wrappers.
vm-test-run-guest-runtime-tests> machine # [    3.380563] systemd[1]: Reached target System Initialization.
vm-test-run-guest-runtime-tests> machine # [    3.382114] systemd[1]: Started Discard unused filesystem blocks once a week.
vm-test-run-guest-runtime-tests> machine # [    3.383165] systemd[1]: Started Daily Cleanup of Temporary Directories.
vm-test-run-guest-runtime-tests> machine # [    3.384573] systemd[1]: Reached target Timer Units.
vm-test-run-guest-runtime-tests> machine # [    3.385364] systemd[1]: Listening on D-Bus System Message Bus Socket.
vm-test-run-guest-runtime-tests> machine # [    3.387175] systemd[1]: Listening on Nix Daemon Socket.
vm-test-run-guest-runtime-tests> machine # [    3.388859] systemd[1]: Listening on Hostname Service Socket.
vm-test-run-guest-runtime-tests> machine # [    3.393075] systemd[1]: Reached target Socket Units.
vm-test-run-guest-runtime-tests> machine # [    3.394526] systemd[1]: Reached target Basic System.
vm-test-run-guest-runtime-tests> machine # [    3.407717] systemd[1]: Started backdoor.service.
vm-test-run-guest-runtime-tests> machine # [    3.412745] systemd[1]: Starting Setup cgroups and environment for isolate...
vm-test-run-guest-runtime-tests> machine # [    3.417504] systemd[1]: Starting Isolate control group hierarchy daemon...
vm-test-run-guest-runtime-tests> machine # [    3.422126] systemd[1]: Starting Import lastlog data into lastlog2 database...
vm-test-run-guest-runtime-tests> machine # [    3.427102] systemd[1]: Starting Name Service Cache Daemon (nsncd)...
vm-test-run-guest-runtime-tests> machine # [    3.431403] systemd[1]: Starting Post-Boot Actions...
vm-test-run-guest-runtime-tests> machine # [    3.433907] systemd[1]: Started Reset console on configuration changes.
vm-test-run-guest-runtime-tests> machine # [    3.439425] systemd[1]: Starting resolvconf update...
vm-test-run-guest-runtime-tests> machine # [    3.443848] systemd[1]: Started Isolate control group hierarchy daemon.
vm-test-run-guest-runtime-tests> machine # [    3.447666] systemd[1]: Starting D-Bus System Message Bus...
vm-test-run-guest-runtime-tests> machine # [    3.459190] isolate-setup-start[620]: >>> FIRECRACKER PRE-FIX ISSUES:
vm-test-run-guest-runtime-tests> machine # [    3.469448] systemd[1]: Finished Post-Boot Actions.
vm-test-run-guest-runtime-tests> machine # connecting to host...
vm-test-run-guest-runtime-tests> machine # [    3.496540] systemd[1]: Started Name Service Cache Daemon (nsncd).
vm-test-run-guest-runtime-tests> machine # [    3.498141] systemd[1]: Reached target Host and Network Name Lookups.
vm-test-run-guest-runtime-tests> machine # [    3.500967] nsncd[623]: Apr 18 07:15:49.119 INFO started, config: Config { ignored_request_types: {}, worker_count: 8, handoff_timeout: 10s }, path: "/var/run/nscd/socket"
vm-test-run-guest-runtime-tests> machine # [    3.504906] systemd[1]: Reached target User and Group Name Lookups.
vm-test-run-guest-runtime-tests> machine # [    3.507329] systemd[1]: Starting User Login Management...
vm-test-run-guest-runtime-tests> machine # [    3.509358] systemd[1]: Finished Import lastlog data into lastlog2 database.
vm-test-run-guest-runtime-tests> machine # [    3.516918] isolate-setup-start[630]: Using cgroup root: /sys/fs/cgroup/isolate.slice/isolate.service
vm-test-run-guest-runtime-tests> machine # [    3.518793] isolate-setup-start[630]: Checking for cgroup support for cpuset.cpus ... PASS
vm-test-run-guest-runtime-tests> machine # [    3.521473] isolate-setup-start[630]: Checking for cgroup support for cpuset.mems ... PASS
vm-test-run-guest-runtime-tests> machine # [    3.523125] isolate-setup-start[630]: Checking for cgroup support for cpu.stat ... PASS
vm-test-run-guest-runtime-tests> machine: Guest shell says: b'Spawning backdoor root shell...\n'
vm-test-run-guest-runtime-tests> machine: connected to guest root shell
vm-test-run-guest-runtime-tests> machine # [    3.525142] isolate-setup-start[630]: Checking for cgroup support for cgroup.procs ... PASS
vm-test-run-guest-runtime-tests> machine: (connecting took 4.03 seconds)
vm-test-run-guest-runtime-tests> machine # [    3.526819] isolate-setup-start[630]: Checking for cgroup support for memory.events ... PASS
vm-test-run-guest-runtime-tests> machine: (finished: waiting for the VM to finish booting, in 4.09 seconds)
vm-test-run-guest-runtime-tests> machine # [    3.528755] isolate-setup-start[630]: Checking for cgroup support for memory.max ... PASS
vm-test-run-guest-runtime-tests> machine # [    3.534929] isolate-setup-start[630]: Checking for swap ... PASS
vm-test-run-guest-runtime-tests> machine # [    3.547612] isolate-setup-start[630]: Checking for simultaneous multithreading ... PASS
vm-test-run-guest-runtime-tests> machine # [    3.563683] isolate-setup-start[630]: Checking for CPU frequency scaling ... SKIPPED (not detected)
vm-test-run-guest-runtime-tests> machine # [    3.569769] dbus-daemon[627]: dbus[627]: Unknown username "systemd-timesync" in message bus configuration file
vm-test-run-guest-runtime-tests> machine # [    3.578259] isolate-setup-start[630]: Checking for Intel frequency boost ... SKIPPED (not detected)
vm-test-run-guest-runtime-tests> machine # [    3.595116] isolate-setup-start[630]: Checking for general frequency boost ... SKIPPED (not detected)
vm-test-run-guest-runtime-tests> machine # [    3.605066] systemd[1]: Started D-Bus System Message Bus.
vm-test-run-guest-runtime-tests> machine # [    3.613107] isolate-setup-start[630]: Checking for kernel address space randomisation ... FAIL
vm-test-run-guest-runtime-tests> machine # [    3.614529] isolate-setup-start[630]: WARNING: address space randomisation is enabled.
vm-test-run-guest-runtime-tests> machine # [    3.617375] isolate-setup-start[630]: + echo 0 > /proc/sys/kernel/randomize_va_space
vm-test-run-guest-runtime-tests> machine # [    3.619749] systemd[1]: Stopped target Host and Network Name Lookups.
vm-test-run-guest-runtime-tests> machine # [    3.623516] systemd[1]: Stopping Host and Network Name Lookups...
vm-test-run-guest-runtime-tests> machine # [    3.626596] systemd[1]: Stopped target User and Group Name Lookups.
vm-test-run-guest-runtime-tests> machine # [    3.628834] systemd[1]: Stopping User and Group Name Lookups...
vm-test-run-guest-runtime-tests> machine # [    3.631243] systemd[1]: Stopping Name Service Cache Daemon (nsncd)...
vm-test-run-guest-runtime-tests> machine # [    3.633860] systemd[1]: nscd.service: Deactivated successfully.
vm-test-run-guest-runtime-tests> machine # [    3.634729] systemd[1]: Stopped Name Service Cache Daemon (nsncd).
vm-test-run-guest-runtime-tests> machine # [    3.637437] systemd-logind[642]: New seat seat0.
vm-test-run-guest-runtime-tests> machine # [    3.643077] systemd[1]: Starting Name Service Cache Daemon (nsncd)...
vm-test-run-guest-runtime-tests> machine # [    3.643966] systemd-logind[642]: Watching system buttons on /dev/input/event2 (Power Button)
vm-test-run-guest-runtime-tests> machine # [    3.647205] systemd-logind[642]: Watching system buttons on /dev/input/event3 (QEMU Virtio Keyboard)
vm-test-run-guest-runtime-tests> machine # [    3.650131] systemd-logind[642]: Watching system buttons on /dev/input/event0 (AT Translated Set 2 keyboard)
vm-test-run-guest-runtime-tests> machine # [    3.652939] systemd[1]: Started User Login Management.
vm-test-run-guest-runtime-tests> machine # [    3.654457] systemd[1]: Starting linger-users.service...
vm-test-run-guest-runtime-tests> machine # [    3.664636] isolate-setup-start[630]: Checking for transparent hugepage support ... FAIL
vm-test-run-guest-runtime-tests> machine # [    3.665759] isolate-setup-start[630]: WARNING: transparent hugepages are enabled.
vm-test-run-guest-runtime-tests> machine # [    3.667725] isolate-setup-start[630]: + echo never > /sys/kernel/mm/transparent_hugepage/enabled
vm-test-run-guest-runtime-tests> machine # [    3.690158] systemd[1]: Started Name Service Cache Daemon (nsncd).
vm-test-run-guest-runtime-tests> machine # [    3.692490] systemd[1]: Reached target Host and Network Name Lookups.
vm-test-run-guest-runtime-tests> machine # [    3.693885] systemd[1]: Reached target User and Group Name Lookups.
vm-test-run-guest-runtime-tests> machine # [    3.696222] nsncd[709]: Apr 18 07:15:49.317 INFO started, config: Config { ignored_request_types: {}, worker_count: 8, handoff_timeout: 10s }, path: "/var/run/nscd/socket"
vm-test-run-guest-runtime-tests> machine # [    3.699717] isolate-setup-start[630]: WARNING: transparent hugepage defrag is enabled.
vm-test-run-guest-runtime-tests> machine # [    3.701197] isolate-setup-start[630]: + echo never > /sys/kernel/mm/transparent_hugepage/defrag
vm-test-run-guest-runtime-tests> machine # [    3.704055] systemd[1]: linger-users.service: Deactivated successfully.
vm-test-run-guest-runtime-tests> machine # [    3.705416] systemd[1]: Finished linger-users.service.
vm-test-run-guest-runtime-tests> machine # [    3.716900] systemd[1]: Finished resolvconf update.
vm-test-run-guest-runtime-tests> machine # [    3.718171] isolate-setup-start[630]: WARNING: khugepaged defrag is enabled.
vm-test-run-guest-runtime-tests> machine # [    3.720511] isolate-setup-start[630]: + echo 0 > /sys/kernel/mm/transparent_hugepage/khugepaged/defrag
vm-test-run-guest-runtime-tests> machine # [    3.721828] systemd[1]: Reached target Preparation for Network.
vm-test-run-guest-runtime-tests> machine # [    3.723591] systemd[1]: Starting DHCP Client...
vm-test-run-guest-runtime-tests> machine # [    3.726079] systemd[1]: Starting Address configuration of eth1...
vm-test-run-guest-runtime-tests> machine # [    3.739579] isolate-setup-start[630]: Checking for core file pattern ... FAIL
vm-test-run-guest-runtime-tests> machine # [    3.740932] isolate-setup-start[630]: WARNING: core files are piped to a program.
vm-test-run-guest-runtime-tests> machine # [    3.742480] isolate-setup-start[630]: + echo core >/proc/sys/kernel/core_pattern
vm-test-run-guest-runtime-tests> machine # [    3.901982] coredump: 752(sh): Unsafe core_pattern used with fs.suid_dumpable=2: pipe handler or fully qualified core dump path required. Set kernel.core_pattern before fs.suid_dumpable.
vm-test-run-guest-runtime-tests> machine # [    3.761401] isolate-setup-start[630]: Checking for hard link protection ... PASS
vm-test-run-guest-runtime-tests> machine # [    3.762556] isolate-setup-start[630]: Checking for asymmetric cores ... PASS
vm-test-run-guest-runtime-tests> machine # [    3.766276] systemd[1]: Finished Setup cgroups and environment for isolate.
vm-test-run-guest-runtime-tests> machine # [    3.779922] network-addresses-eth1-start[750]: adding address 192.168.1.1/24... done
vm-test-run-guest-runtime-tests> machine # [    3.785286] network-addresses-eth1-start[750]: adding address 2001:db8:1::1/64... done
vm-test-run-guest-runtime-tests> machine # [    3.792589] systemd[1]: Finished Address configuration of eth1.
vm-test-run-guest-runtime-tests> machine # [    3.795249] systemd[1]: Starting Networking Setup...
vm-test-run-guest-runtime-tests> machine # [    3.812702] dhcpcd[758]: dhcpcd-10.3.0 starting
vm-test-run-guest-runtime-tests> machine # [    3.817418] dhcpcd[774]: dev: loaded udev
vm-test-run-guest-runtime-tests> machine # [    3.976958] 8021q: 802.1Q VLAN Support v1.8
vm-test-run-guest-runtime-tests> machine # [    3.977350] 8021q: adding VLAN 0 to HW filter on device eth1
vm-test-run-guest-runtime-tests> machine # [    3.843808] systemd[1]: Listening on Load/Save RF Kill Switch Status /dev/rfkill Watch.
vm-test-run-guest-runtime-tests> machine # [    3.864259] systemd[1]: Finished Networking Setup.
vm-test-run-guest-runtime-tests> machine # [    3.864990] systemd[1]: Reached target Network.
vm-test-run-guest-runtime-tests> machine # [    3.867575] systemd[1]: Starting Permit User Sessions...
vm-test-run-guest-runtime-tests> machine # [    4.034708] cfg80211: Loading compiled-in X.509 certificates for regulatory database
vm-test-run-guest-runtime-tests> machine # [    4.045652] Loaded X.509 cert 'sforshee: 00b28ddf47aef9cea7'
vm-test-run-guest-runtime-tests> machine # [    4.046324] Loaded X.509 cert 'wens: 61c038651aabdcf94bd0ac7ff06c7248db18c600'
vm-test-run-guest-runtime-tests> machine # [    3.896914] systemd[1]: Finished Permit User Sessions.
vm-test-run-guest-runtime-tests> machine # [    4.051483] faux_driver regulatory: Direct firmware load for regulatory.db failed with error -2
vm-test-run-guest-runtime-tests> machine # [    4.052305] cfg80211: failed to load regulatory.db
vm-test-run-guest-runtime-tests> machine # [    3.904376] systemd[1]: Started Getty on tty1.
vm-test-run-guest-runtime-tests> machine # [    3.905420] systemd[1]: Reached target Login Prompts.
vm-test-run-guest-runtime-tests> machine # [    4.072725] 8021q: adding VLAN 0 to HW filter on device eth0
vm-test-run-guest-runtime-tests> machine # [    3.922732] dhcpcd[774]: eth0: waiting for carrier
vm-test-run-guest-runtime-tests> machine # [    3.923723] dhcpcd[774]: eth0: carrier acquired
vm-test-run-guest-runtime-tests> machine # [    3.927057] dhcpcd[774]: DUID 00:01:00:01:31:75:ec:25:52:54:00:12:34:56
vm-test-run-guest-runtime-tests> machine # [    3.927966] dhcpcd[774]: eth0: IAID 00:12:34:56
vm-test-run-guest-runtime-tests> machine # [    3.928855] dhcpcd[774]: eth0: adding address fe80::5054:ff:fe12:3456
vm-test-run-guest-runtime-tests> machine # [    5.451332] dhcpcd[774]: eth0: soliciting a DHCP lease
vm-test-run-guest-runtime-tests> machine # [    5.607953] NET: Registered PF_PACKET protocol family
vm-test-run-guest-runtime-tests> machine # [    5.460662] dhcpcd[774]: eth0: offered 10.0.2.15 from 10.0.2.2
vm-test-run-guest-runtime-tests> machine # [    5.463236] dhcpcd[774]: eth0: probing address 10.0.2.15/24
vm-test-run-guest-runtime-tests> machine # [    5.761707] dhcpcd[774]: eth0: soliciting an IPv6 router
vm-test-run-guest-runtime-tests> machine # [    5.762691] dhcpcd[774]: eth0: Router Advertisement from fe80::2
vm-test-run-guest-runtime-tests> machine # [    5.763565] dhcpcd[774]: eth0: adding address fec0::5054:ff:fe12:3456/64
vm-test-run-guest-runtime-tests> machine # [    5.764691] dhcpcd[774]: eth0: adding route to fec0::/64
vm-test-run-guest-runtime-tests> machine # [    5.765540] dhcpcd[774]: eth0: adding default route via fe80::2
vm-test-run-guest-runtime-tests> machine # [   10.561268] dhcpcd[774]: eth0: leased 10.0.2.15 for 86400 seconds
vm-test-run-guest-runtime-tests> machine # [   10.562346] dhcpcd[774]: eth0: adding route to 10.0.2.0/24
vm-test-run-guest-runtime-tests> machine # [   10.563245] dhcpcd[774]: eth0: adding default route via 10.0.2.2
vm-test-run-guest-runtime-tests> machine # [   10.594635] systemd[1]: Started DHCP Client.
vm-test-run-guest-runtime-tests> machine # [   10.596407] systemd[1]: Reached target Multi-User System.
vm-test-run-guest-runtime-tests> machine # [   10.597598] systemd[1]: Startup finished in 1.526s (kernel) + 9.069s (userspace) = 10.596s.
vm-test-run-guest-runtime-tests> machine: (finished: waiting for unit multi-user.target, in 11.41 seconds)
vm-test-run-guest-runtime-tests> machine # [   11.029572] NOTICE: Automounting of tracing to debugfs is deprecated and will be removed in 2030
vm-test-run-guest-runtime-tests> machine # 
vm-test-run-guest-runtime-tests> machine # apps/guest/src/__test__/api.test.ts:
vm-test-run-guest-runtime-tests> machine # ✓ api test w/ mock server > mock server works [46.01ms]
vm-test-run-guest-runtime-tests> machine # >>>>>>>>> console.error
vm-test-run-guest-runtime-tests> machine # >>>>> process.stderr.write160 |     return false;
vm-test-run-guest-runtime-tests> machine # 161 |   }
vm-test-run-guest-runtime-tests> machine # 162 |   return "defined" in json && typeof json.defined === "boolean" && "code" in json && typeof json.code === "string" && "status" in json && typeof json.status === "number" && isORPCErrorStatus(json.status) && "message" in json && typeof json.message === "string";
vm-test-run-guest-runtime-tests> machine # 163 | }
vm-test-run-guest-runtime-tests> machine # 164 | function createORPCErrorFromJson(json, options = {}) {
vm-test-run-guest-runtime-tests> machine # 165 |   return new ORPCError(json.code, {
vm-test-run-guest-runtime-tests> machine #                ^
vm-test-run-guest-runtime-tests> machine # error: Output validation failed
vm-test-run-guest-runtime-tests> machine #  defined: false,
vm-test-run-guest-runtime-tests> machine #   status: 500,
vm-test-run-guest-runtime-tests> machine #     data: undefined,
vm-test-run-guest-runtime-tests> machine #     code: "INTERNAL_SERVER_ERROR"
vm-test-run-guest-runtime-tests> machine # 
vm-test-run-guest-runtime-tests> machine #       at createORPCErrorFromJson (/nix/store/b42cncj7sa0vpwyxfvf0ciginmfi5g49-cj-guest-test-v0.0.1/share/cj-guest-test/node_modules/.bun/@orpc+client@1.13.14/node_modules/@orpc/client/dist/shared/client.CCotFXgP.mjs:165:10)
vm-test-run-guest-runtime-tests> machine #       at decode (/nix/store/b42cncj7sa0vpwyxfvf0ciginmfi5g49-cj-guest-test-v0.0.1/share/cj-guest-test/node_modules/.bun/@orpc+client@1.13.14/node_modules/@orpc/client/dist/shared/client.DqXOyGul.mjs:312:15)
vm-test-run-guest-runtime-tests> machine # ✗ api test w/ mock server > job setup [37.00ms]
vm-test-run-guest-runtime-tests> machine # 
vm-test-run-guest-runtime-tests> machine # apps/guest/src/__test__/isolate.test.ts:
vm-test-run-guest-runtime-tests> machine # ✓ Judge Status Results > AC — clean zero exit [21.00ms]
vm-test-run-guest-runtime-tests> machine # ✓ Judge Status Results > WA — reserved exit code 69 [14.00ms]
vm-test-run-guest-runtime-tests> machine # ✓ Judge Status Results > RE — non-zero non-69 exit code [14.00ms]
vm-test-run-guest-runtime-tests> machine # ✓ Judge Status Results > RE — unhandled exception (panic) [14.00ms]
vm-test-run-guest-runtime-tests> machine # ✓ Judge Status Results > RE — segfault (SIGSEGV) [14.00ms]
vm-test-run-guest-runtime-tests> machine # ✓ Judge Status Results > TLE — CPU time limit exceeded [1113.14ms]
vm-test-run-guest-runtime-tests> machine # ✓ Judge Status Results > TLE — wall clock time limit exceeded [1114.14ms]
vm-test-run-guest-runtime-tests> machine # [   13.865936] isolate-test-pr invoked oom-killer: gfp_mask=0xcc0(GFP_KERNEL), order=0, oom_score_adj=0
vm-test-run-guest-runtime-tests> machine # [   13.867880] CPU: 0 UID: 60000 PID: 994 Comm: isolate-test-pr Not tainted 6.18.20 #1-NixOS PREEMPT(lazy)
