Machine state will be reset. To keep it, pass --keep-machine-state
[1m[32mstart all VLans[0m
start vlan
creating tap interface vde-tap1
running vlan (pid 7; ctl /build/vde1.ctl)
(finished: start all VLans, in 0.00 seconds)
Test will time out and terminate in 3600 seconds
vde_plug2tap: Failed to open /dev/net/tun No such file or directory
[1m[32mrun the VM test script[0m
additionally exposed symbols:
    machine,
    vlan1,
    start_all, test_script, machines_qemu, machines_nspawn, vlans, driver, log, os, create_machine, subtest, run_tests, join_all, retry, serial_stdout_off, serial_stdout_on, polling_condition, BaseMachine, t, debug
machine: [1m[32mwaiting for unit multi-user.target[0m
machine: [1m[32mwaiting for the VM to finish booting[0m
machine: starting vm
mke2fs 1.47.3 (8-Jul-2025)
[2mmachine # Disk image does not exist, creating the virtualisation disk image...[0m
[2mmachine # Formatting '/build/vm-state-machine/tmp.iQ7A1MtdmF', fmt=raw size=1073741824[0m
[2mmachine # Discarding device blocks:      0/262144             done[0m
[2mmachine # Creating filesystem with 262144 4k blocks and 65536 inodes[0m
[2mmachine # Filesystem UUID: 1beb47ec-66dc-4c5b-ae40-c9c85be60837[0m
[2mmachine # Superblock backups stored on blocks:[0m
[2mmachine # 	32768, 98304, 163840, 229376[0m
[2mmachine # [0m
[2mmachine # Allocating group tables: 0/8   done[0m
[2mmachine # Writing inode tables: 0/8   done[0m
[2mmachine # Creating journal (8192 blocks): done[0m
[2mmachine # Writing superblocks and filesystem accounting information: 0/8   done[0m
[2mmachine # [0m
[2mmachine # Virtualisation disk image created.[0m
machine: QEMU running (pid 10)
[2mmachine # c[?7l[2J[0mSeaBIOS (version rel-1.17.0-0-gb52ca86e094d-prebuilt.qemu.org)[0m
[2mmachine # [0m
[2mmachine # [0m
[2mmachine # iPXE (http://ipxe.org) 00:03.0 CA00 PCI2.10 PnP PMM+3EFD1920+3EF31920 CA00[0m
[2mmachine # Press Ctrl-B to configure iPXE (PCI 00:03.0)...[0m
[2mmachine # [0m
[2mmachine # [0m
[2mmachine # [0m
[2mmachine # [0m
[2mmachine # iPXE (http://ipxe.org) 00:09.0 CB00 PCI2.10 PnP PMM 3EFD1920 3EF31920 CB00[0m
[2mmachine # Press Ctrl-B to configure iPXE (PCI 00:09.0)...[0m
[2mmachine # [0m
[2mmachine # [0m
[2mmachine # Booting from ROM...[0m
[2mmachine # Probing EDD (edd=off to disable)... oc[?7l[2J[0mk[    0.000000] Linux version 6.18.20 (nixbld@localhost) (gcc (GCC) 15.2.0, GNU ld (GNU Binutils) 2.44) #1-NixOS SMP PREEMPT_DYNAMIC Wed Mar 25 10:10:46 UTC 2026[0m
[2mmachine # [    0.000000] Command line: console=ttyS0 console=tty0 panic=1 boot.panic_on_fail clocksource=acpi_pm loglevel=7 net.ifnames=0 lsm=landlock,yama,bpf init=/nix/store/h4w5r6wqwyy8m5cz1fciycjrpy08ady6-nixos-system-machine-test/init regInfo=/nix/store/kv55zd94kfv42lj9fhi4ffk5ql3k8yb0-closure-info/registration console=ttyS0,115200n8 console=tty0[0m
[2mmachine # [    0.000000] BIOS-provided physical RAM map:[0m
[2mmachine # [    0.000000] BIOS-e820: [mem 0x0000000000000000-0x000000000009fbff] usable[0m
[2mmachine # [    0.000000] BIOS-e820: [mem 0x000000000009fc00-0x000000000009ffff] reserved[0m
[2mmachine # [    0.000000] BIOS-e820: [mem 0x00000000000f0000-0x00000000000fffff] reserved[0m
[2mmachine # [    0.000000] BIOS-e820: [mem 0x0000000000100000-0x000000003ffdafff] usable[0m
[2mmachine # [    0.000000] BIOS-e820: [mem 0x000000003ffdb000-0x000000003fffffff] reserved[0m
[2mmachine # [    0.000000] BIOS-e820: [mem 0x00000000feffc000-0x00000000feffffff] reserved[0m
[2mmachine # [    0.000000] BIOS-e820: [mem 0x00000000fffc0000-0x00000000ffffffff] reserved[0m
[2mmachine # [    0.000000] BIOS-e820: [mem 0x000000fd00000000-0x000000ffffffffff] reserved[0m
[2mmachine # [    0.000000] NX (Execute Disable) protection: active[0m
[2mmachine # [    0.000000] APIC: Static calls initialized[0m
[2mmachine # [    0.000000] SMBIOS 2.8 present.[0m
[2mmachine # [    0.000000] DMI: QEMU Standard PC (i440FX + PIIX, 1996), BIOS rel-1.17.0-0-gb52ca86e094d-prebuilt.qemu.org 04/01/2014[0m
[2mmachine # [    0.000000] DMI: Memory slots populated: 1/1[0m
[2mmachine # [    0.000000] Hypervisor detected: KVM[0m
[2mmachine # [    0.000000] last_pfn = 0x3ffdb max_arch_pfn = 0x400000000[0m
[2mmachine # [    0.000000] kvm-clock: Using msrs 4b564d01 and 4b564d00[0m
[2mmachine # [    0.000001] kvm-clock: using sched offset of 280893474 cycles[0m
[2mmachine # [    0.000002] clocksource: kvm-clock: mask: 0xffffffffffffffff max_cycles: 0x1cd42e4dffb, max_idle_ns: 881590591483 ns[0m
[2mmachine # [    0.000004] tsc: Detected 4300.012 MHz processor[0m
[2mmachine # [    0.000395] last_pfn = 0x3ffdb max_arch_pfn = 0x400000000[0m
[2mmachine # [    0.000443] MTRR map: 4 entries (3 fixed + 1 variable; max 19), built from 8 variable MTRRs[0m
[2mmachine # [    0.000446] x86/PAT: Configuration [0-7]: WB  WC  UC- UC  WB  WP  UC- WT[0m
[2mmachine # [    0.002411] found SMP MP-table at [mem 0x000f5470-0x000f547f][0m
[2mmachine # [    0.002424] Using GB pages for direct mapping[0m
[2mmachine # [    0.002536] RAMDISK: [mem 0x3f3a4000-0x3ffcffff][0m
[2mmachine # [    0.002541] ACPI: Early table checksum verification disabled[0m
[2mmachine # [    0.002543] ACPI: RSDP 0x00000000000F5290 000014 (v00 BOCHS )[0m
[2mmachine # [    0.002546] ACPI: RSDT 0x000000003FFE23D9 000034 (v01 BOCHS  BXPC     00000001 BXPC 00000001)[0m
[2mmachine # [    0.002549] ACPI: FACP 0x000000003FFE228D 000074 (v01 BOCHS  BXPC     00000001 BXPC 00000001)[0m
[2mmachine # [    0.002551] ACPI: DSDT 0x000000003FFE0040 00224D (v01 BOCHS  BXPC     00000001 BXPC 00000001)[0m
[2mmachine # [    0.002552] ACPI: FACS 0x000000003FFE0000 000040[0m
[2mmachine # [    0.002553] ACPI: APIC 0x000000003FFE2301 000078 (v03 BOCHS  BXPC     00000001 BXPC 00000001)[0m
[2mmachine # [    0.002554] ACPI: HPET 0x000000003FFE2379 000038 (v01 BOCHS  BXPC     00000001 BXPC 00000001)[0m
[2mmachine # [    0.002555] ACPI: WAET 0x000000003FFE23B1 000028 (v01 BOCHS  BXPC     00000001 BXPC 00000001)[0m
[2mmachine # [    0.002556] ACPI: Reserving FACP table memory at [mem 0x3ffe228d-0x3ffe2300][0m
[2mmachine # [    0.002557] ACPI: Reserving DSDT table memory at [mem 0x3ffe0040-0x3ffe228c][0m
[2mmachine # [    0.002558] ACPI: Reserving FACS table memory at [mem 0x3ffe0000-0x3ffe003f][0m
[2mmachine # [    0.002558] ACPI: Reserving APIC table memory at [mem 0x3ffe2301-0x3ffe2378][0m
[2mmachine # [    0.002558] ACPI: Reserving HPET table memory at [mem 0x3ffe2379-0x3ffe23b0][0m
[2mmachine # [    0.002558] ACPI: Reserving WAET table memory at [mem 0x3ffe23b1-0x3ffe23d8][0m
[2mmachine # [    0.002859] No NUMA configuration found[0m
[2mmachine # [    0.002860] Faking a node at [mem 0x0000000000000000-0x000000003ffdafff][0m
[2mmachine # [    0.002863] NODE_DATA(0) allocated [mem 0x3ffd5780-0x3ffdacff][0m
[2mmachine # [    0.002874] Zone ranges:[0m
[2mmachine # [    0.002874]   DMA      [mem 0x0000000000001000-0x0000000000ffffff][0m
[2mmachine # [    0.002875]   DMA32    [mem 0x0000000001000000-0x000000003ffdafff][0m
[2mmachine # [    0.002876]   Normal   empty[0m
[2mmachine # [    0.002876]   Device   empty[0m
[2mmachine # [    0.002877] Movable zone start for each node[0m
[2mmachine # [    0.002877] Early memory node ranges[0m
[2mmachine # [    0.002877]   node   0: [mem 0x0000000000001000-0x000000000009efff][0m
[2mmachine # [    0.002878]   node   0: [mem 0x0000000000100000-0x000000003ffdafff][0m
[2mmachine # [    0.002878] Initmem setup node 0 [mem 0x0000000000001000-0x000000003ffdafff][0m
[2mmachine # [    0.002935] On node 0, zone DMA: 1 pages in unavailable ranges[0m
[2mmachine # [    0.002941] On node 0, zone DMA: 97 pages in unavailable ranges[0m
[2mmachine # [    0.006197] On node 0, zone DMA32: 37 pages in unavailable ranges[0m
[2mmachine # [    0.006842] ACPI: PM-Timer IO Port: 0x608[0m
[2mmachine # [    0.006854] ACPI: LAPIC_NMI (acpi_id[0xff] dfl dfl lint[0x1])[0m
[2mmachine # [    0.006887] IOAPIC[0]: apic_id 0, version 17, address 0xfec00000, GSI 0-23[0m
[2mmachine # [    0.006891] ACPI: INT_SRC_OVR (bus 0 bus_irq 0 global_irq 2 dfl dfl)[0m
[2mmachine # [    0.006892] ACPI: INT_SRC_OVR (bus 0 bus_irq 5 global_irq 5 high level)[0m
[2mmachine # [    0.006892] ACPI: INT_SRC_OVR (bus 0 bus_irq 9 global_irq 9 high level)[0m
[2mmachine # [    0.006893] ACPI: INT_SRC_OVR (bus 0 bus_irq 10 global_irq 10 high level)[0m
[2mmachine # [    0.006893] ACPI: INT_SRC_OVR (bus 0 bus_irq 11 global_irq 11 high level)[0m
[2mmachine # [    0.006895] ACPI: Using ACPI (MADT) for SMP configuration information[0m
[2mmachine # [    0.006896] ACPI: HPET id: 0x8086a201 base: 0xfed00000[0m
[2mmachine # [    0.006899] TSC deadline timer available[0m
[2mmachine # [    0.006901] CPU topo: Max. logical packages:   1[0m
[2mmachine # [    0.006901] CPU topo: Max. logical dies:       1[0m
[2mmachine # [    0.006901] CPU topo: Max. dies per package:   1[0m
[2mmachine # [    0.006903] CPU topo: Max. threads per core:   1[0m
[2mmachine # [    0.006903] CPU topo: Num. cores per package:     1[0m
[2mmachine # [    0.006903] CPU topo: Num. threads per package:   1[0m
[2mmachine # [    0.006904] CPU topo: Allowing 1 present CPUs plus 0 hotplug CPUs[0m
[2mmachine # [    0.006916] kvm-guest: APIC: eoi() replaced with kvm_guest_apic_eoi_write()[0m
[2mmachine # [    0.006939] PM: hibernation: Registered nosave memory: [mem 0x00000000-0x00000fff][0m
[2mmachine # [    0.006941] PM: hibernation: Registered nosave memory: [mem 0x0009f000-0x000fffff][0m
[2mmachine # [    0.006942] [mem 0x40000000-0xfeffbfff] available for PCI devices[0m
[2mmachine # [    0.006942] Booting paravirtualized kernel on KVM[0m
[2mmachine # [    0.006944] clocksource: refined-jiffies: mask: 0xffffffff max_cycles: 0xffffffff, max_idle_ns: 1910969940391419 ns[0m
[2mmachine # [    0.009696] setup_percpu: NR_CPUS:384 nr_cpumask_bits:1 nr_cpu_ids:1 nr_node_ids:1[0m
[2mmachine # [    0.010172] percpu: Embedded 98 pages/cpu s278528 r8192 d114688 u2097152[0m
[2mmachine # [    0.010204] kvm-guest: PV spinlocks disabled, single CPU[0m
[2mmachine # [    0.010206] Kernel command line: console=ttyS0 console=tty0 panic=1 boot.panic_on_fail clocksource=acpi_pm loglevel=7 net.ifnames=0 lsm=landlock,yama,bpf init=/nix/store/h4w5r6wqwyy8m5cz1fciycjrpy08ady6-nixos-system-machine-test/init regInfo=/nix/store/kv55zd94kfv42lj9fhi4ffk5ql3k8yb0-closure-info/registration console=ttyS0,115200n8 console=tty0[0m
[2mmachine # [    0.010256] Unknown kernel command line parameters "regInfo=/nix/store/kv55zd94kfv42lj9fhi4ffk5ql3k8yb0-closure-info/registration", will be passed to user space.[0m
[2mmachine # [    0.010467] random: crng init done[0m
[2mmachine # [    0.010468] printk: log buffer data + meta data: 262144 + 917504 = 1179648 bytes[0m
[2mmachine # [    0.010491] Dentry cache hash table entries: 131072 (order: 8, 1048576 bytes, linear)[0m
[2mmachine # [    0.010504] Inode-cache hash table entries: 65536 (order: 7, 524288 bytes, linear)[0m
[2mmachine # [    0.010526] Fallback order for Node 0: 0[0m
[2mmachine # [    0.010528] Built 1 zonelists, mobility grouping on.  Total pages: 262009[0m
[2mmachine # [    0.010529] Policy zone: DMA32[0m
[2mmachine # [    0.010713] mem auto-init: stack:all(zero), heap alloc:on, heap free:off[0m
[2mmachine # [    0.012188] SLUB: HWalign=64, Order=0-3, MinObjects=0, CPUs=1, Nodes=1[0m
[2mmachine # [    0.012759] allocated 2097152 bytes of page_ext[0m
[2mmachine # [    0.019145] ftrace: allocating 48406 entries in 192 pages[0m
[2mmachine # [    0.019146] ftrace: allocated 192 pages with 2 groups[0m
[2mmachine # [    0.019493] Dynamic Preempt: lazy[0m
[2mmachine # [    0.020070] rcu: Preemptible hierarchical RCU implementation.[0m
[2mmachine # [    0.020071] rcu: 	RCU event tracing is enabled.[0m
[2mmachine # [    0.020072] rcu: 	RCU restricting CPUs from NR_CPUS=384 to nr_cpu_ids=1.[0m
[2mmachine # [    0.020073] 	Trampoline variant of Tasks RCU enabled.[0m
[2mmachine # [    0.020073] 	Rude variant of Tasks RCU enabled.[0m
[2mmachine # [    0.020074] 	Tracing variant of Tasks RCU enabled.[0m
[2mmachine # [    0.020074] rcu: RCU calculated value of scheduler-enlistment delay is 100 jiffies.[0m
[2mmachine # [    0.020075] rcu: Adjusting geometry for rcu_fanout_leaf=16, nr_cpu_ids=1[0m
[2mmachine # [    0.020080] RCU Tasks: Setting shift to 0 and lim to 1 rcu_task_cb_adjust=1 rcu_task_cpu_ids=1.[0m
[2mmachine # [    0.020081] RCU Tasks Rude: Setting shift to 0 and lim to 1 rcu_task_cb_adjust=1 rcu_task_cpu_ids=1.[0m
[2mmachine # [    0.020082] RCU Tasks Trace: Setting shift to 0 and lim to 1 rcu_task_cb_adjust=1 rcu_task_cpu_ids=1.[0m
[2mmachine # [    0.023330] NR_IRQS: 24832, nr_irqs: 256, preallocated irqs: 16[0m
[2mmachine # [    0.023526] rcu: srcu_init: Setting srcu_struct sizes based on contention.[0m
[2mmachine # [    0.023678] kfence: initialized - using 2097152 bytes for 255 objects at 0x(____ptrval____)-0x(____ptrval____)[0m
[2mmachine # [    0.029004] Console: colour VGA+ 80x25[0m
[2mmachine # [    0.029007] printk: legacy console [tty0] enabled[0m
[2mmachine # [    0.064411] printk: legacy console [ttyS0] enabled[0m
[2mmachine # [    0.167949] ACPI: Core revision 20250807[0m
[2mmachine # [    0.168858] clocksource: hpet: mask: 0xffffffff max_cycles: 0xffffffff, max_idle_ns: 19112604467 ns[0m
[2mmachine # [    0.170573] APIC: Switch to symmetric I/O mode setup[0m
[2mmachine # [    0.171750] x2apic enabled[0m
[2mmachine # [    0.172617] APIC: Switched APIC routing to: physical x2apic[0m
[2mmachine # [    0.174949] ..TIMER: vector=0x30 apic1=0 pin1=2 apic2=-1 pin2=-1[0m
[2mmachine # [    0.176051] clocksource: tsc-early: mask: 0xffffffffffffffff max_cycles: 0x3dfb6f1d9b4, max_idle_ns: 440795286752 ns[0m
[2mmachine # [    0.177882] Calibrating delay loop (skipped) preset value.. 8600.02 BogoMIPS (lpj=4300012)[0m
[2mmachine # [    0.179022] x86/cpu: User Mode Instruction Prevention (UMIP) activated[0m
[2mmachine # [    0.180992] Last level iTLB entries: 4KB 512, 2MB 255, 4MB 127[0m
[2mmachine # [    0.181881] Last level dTLB entries: 4KB 512, 2MB 255, 4MB 127, 1GB 0[0m
[2mmachine # [    0.182884] mitigations: Enabled attack vectors: user_kernel, user_user, guest_host, guest_guest, SMT mitigations: auto[0m
[2mmachine # [    0.183881] Speculative Store Bypass: Mitigation: Speculative Store Bypass disabled via prctl[0m
[2mmachine # [    0.184881] Spectre V2 : Mitigation: Enhanced / Automatic IBRS[0m
[2mmachine # [    0.186656] Speculative Return Stack Overflow: Mitigation: IBPB on VMEXIT only[0m
[2mmachine # [    0.187881] Spectre V1 : Mitigation: usercopy/swapgs barriers and __user pointer sanitization[0m
[2mmachine # [    0.188886] Spectre V2 : mitigation: Enabling conditional Indirect Branch Prediction Barrier[0m
[2mmachine # [    0.190910] x86/fpu: Supporting XSAVE feature 0x001: 'x87 floating point registers'[0m
[2mmachine # [    0.191881] x86/fpu: Supporting XSAVE feature 0x002: 'SSE registers'[0m
[2mmachine # [    0.192881] x86/fpu: Supporting XSAVE feature 0x004: 'AVX registers'[0m
[2mmachine # [    0.193881] x86/fpu: Supporting XSAVE feature 0x020: 'AVX-512 opmask'[0m
[2mmachine # [    0.195881] x86/fpu: Supporting XSAVE feature 0x040: 'AVX-512 Hi256'[0m
[2mmachine # [    0.196881] x86/fpu: Supporting XSAVE feature 0x080: 'AVX-512 ZMM_Hi256'[0m
[2mmachine # [    0.198755] x86/fpu: Supporting XSAVE feature 0x200: 'Protection Keys User registers'[0m
[2mmachine # [    0.199882] x86/fpu: xstate_offset[2]:  576, xstate_sizes[2]:  256[0m
[2mmachine # [    0.200881] x86/fpu: xstate_offset[5]:  832, xstate_sizes[5]:   64[0m
[2mmachine # [    0.201881] x86/fpu: xstate_offset[6]:  896, xstate_sizes[6]:  512[0m
[2mmachine # [    0.202883] x86/fpu: xstate_offset[7]: 1408, xstate_sizes[7]: 1024[0m
[2mmachine # [    0.203881] x86/fpu: xstate_offset[9]: 2432, xstate_sizes[9]:    8[0m
[2mmachine # [    0.205684] x86/fpu: Enabled xstate features 0x2e7, context size is 2440 bytes, using 'compacted' format.[0m
[2mmachine # [    0.225001] Freeing SMP alternatives memory: 44K[0m
[2mmachine # [    0.225830] pid_max: default: 32768 minimum: 301[0m
[2mmachine # [    0.226510] LSM: initializing lsm=capability,landlock,yama,bpf,ima[0m
[2mmachine # [    0.227716] landlock: Up and running.[0m
[2mmachine # [    0.228354] Yama: becoming mindful.[0m
[2mmachine # [    0.228971] LSM support for eBPF active[0m
[2mmachine # [    0.229903] Mount-cache hash table entries: 2048 (order: 2, 16384 bytes, linear)[0m
[2mmachine # [    0.230882] Mountpoint-cache hash table entries: 2048 (order: 2, 16384 bytes, linear)[0m
[2mmachine # [    0.232090] smpboot: CPU0: AMD Ryzen 9 9950X 16-Core Processor (family: 0x1a, model: 0x44, stepping: 0x0)[0m
[2mmachine # [    0.233442] Performance Events: Fam17h+ core perfctr, AMD PMU driver.[0m
[2mmachine # [    0.233888] ... version:                   2[0m
[2mmachine # [    0.234658] ... bit width:                 48[0m
[2mmachine # [    0.234882] ... generic counters:          6[0m
[2mmachine # [    0.235650] ... generic bitmap:            000000000000003f[0m
[2mmachine # [    0.236603] ... fixed-purpose counters:    0[0m
[2mmachine # [    0.236882] ... fixed-purpose bitmap:      0000000000000000[0m
[2mmachine # [    0.237852] ... value mask:                0000ffffffffffff[0m
[2mmachine # [    0.238605] ... max period:                00007fffffffffff[0m
[2mmachine # [    0.238882] ... global_ctrl mask:          000000000000003f[0m
[2mmachine # [    0.239919] signal: max sigframe size: 3376[0m
[2mmachine # [    0.240713] rcu: Hierarchical SRCU implementation.[0m
[2mmachine # [    0.241507] rcu: 	Max phase no-delay instances is 400.[0m
[2mmachine # [    0.242085] smp: Bringing up secondary CPUs ...[0m
[2mmachine # [    0.242894] smp: Brought up 1 node, 1 CPU[0m
[2mmachine # [    0.243620] smpboot: Total of 1 processors activated (8600.02 BogoMIPS)[0m
[2mmachine # [    0.244847] Memory: 959632K/1048036K available (17054K kernel code, 2716K rwdata, 13480K rodata, 3632K init, 3040K bss, 80968K reserved, 0K cma-reserved)[0m
[2mmachine # [    0.245966] devtmpfs: initialized[0m
[2mmachine # [    0.246636] x86/mm: Memory block size: 128MB[0m
[2mmachine # [    0.247098] clocksource: jiffies: mask: 0xffffffff max_cycles: 0xffffffff, max_idle_ns: 1911260446275000 ns[0m
[2mmachine # [    0.247893] posixtimers hash table entries: 512 (order: 1, 8192 bytes, linear)[0m
[2mmachine # [    0.248885] futex hash table entries: 256 (16384 bytes on 1 NUMA nodes, total 16 KiB, linear).[0m
[2mmachine # [    0.249927] pinctrl core: initialized pinctrl subsystem[0m
[2mmachine # [    0.250989] PM: RTC time: 12:21:13, date: 2026-04-13[0m
[2mmachine # [    0.252549] NET: Registered PF_NETLINK/PF_ROUTE protocol family[0m
[2mmachine # [    0.252941] DMA: preallocated 128 KiB GFP_KERNEL pool for atomic allocations[0m
[2mmachine # [    0.253888] DMA: preallocated 128 KiB GFP_KERNEL|GFP_DMA pool for atomic allocations[0m
[2mmachine # [    0.254885] DMA: preallocated 128 KiB GFP_KERNEL|GFP_DMA32 pool for atomic allocations[0m
[2mmachine # [    0.255887] audit: initializing netlink subsys (disabled)[0m
[2mmachine # [    0.256883] audit: type=2000 audit(1776082874.070:1): state=initialized audit_enabled=0 res=1[0m
[2mmachine # [    0.257915] thermal_sys: Registered thermal governor 'fair_share'[0m
[2mmachine # [    0.257916] thermal_sys: Registered thermal governor 'bang_bang'[0m
[2mmachine # [    0.258882] thermal_sys: Registered thermal governor 'step_wise'[0m
[2mmachine # [    0.259883] thermal_sys: Registered thermal governor 'user_space'[0m
[2mmachine # [    0.260882] thermal_sys: Registered thermal governor 'power_allocator'[0m
[2mmachine # [    0.261894] cpuidle: using governor menu[0m
[2mmachine # [    0.264271] acpiphp: ACPI Hot Plug PCI Controller Driver version: 0.5[0m
[2mmachine # [    0.264980] PCI: Using configuration type 1 for base access[0m
[2mmachine # [    0.265882] PCI: Using configuration type 1 for extended access[0m
[2mmachine # [    0.266943] kprobes: kprobe jump-optimization is enabled. All kprobes are optimized if possible.[0m
[2mmachine # [    0.271917] HugeTLB: registered 1.00 GiB page size, pre-allocated 0 pages[0m
[2mmachine # [    0.272882] HugeTLB: 16380 KiB vmemmap can be freed for a 1.00 GiB page[0m
[2mmachine # [    0.277884] HugeTLB: registered 2.00 MiB page size, pre-allocated 0 pages[0m
[2mmachine # [    0.278882] HugeTLB: 28 KiB vmemmap can be freed for a 2.00 MiB page[0m
[2mmachine # [    0.284168] ACPI: Added _OSI(Module Device)[0m
[2mmachine # [    0.284883] ACPI: Added _OSI(Processor Device)[0m
[2mmachine # [    0.285689] ACPI: Added _OSI(Processor Aggregator Device)[0m
[2mmachine # [    0.289263] ACPI: 1 ACPI AML tables successfully acquired and loaded[0m
[2mmachine # [    0.292431] ACPI: Interpreter enabled[0m
[2mmachine # [    0.292891] ACPI: PM: (supports S0 S3 S4 S5)[0m
[2mmachine # [    0.293664] ACPI: Using IOAPIC for interrupt routing[0m
[2mmachine # [    0.296897] PCI: Using host bridge windows from ACPI; if necessary, use "pci=nocrs" and report a bug[0m
[2mmachine # [    0.297882] PCI: Using E820 reservations for host bridge windows[0m
[2mmachine # [    0.300013] ACPI: Enabled 2 GPEs in block 00 to 0F[0m
[2mmachine # [    0.302090] ACPI: PCI Root Bridge [PCI0] (domain 0000 [bus 00-ff])[0m
[2mmachine # [    0.302886] acpi PNP0A03:00: _OSC: OS supports [ExtendedConfig ASPM ClockPM Segments MSI HPX-Type3][0m
[2mmachine # [    0.304028] acpiphp: Slot [3] registered[0m
[2mmachine # [    0.304760] acpiphp: Slot [4] registered[0m
[2mmachine # [    0.305414] acpiphp: Slot [5] registered[0m
[2mmachine # [    0.305900] acpiphp: Slot [6] registered[0m
[2mmachine # [    0.306635] acpiphp: Slot [7] registered[0m
[2mmachine # [    0.306901] acpiphp: Slot [8] registered[0m
[2mmachine # [    0.307646] acpiphp: Slot [9] registered[0m
[2mmachine # [    0.307900] acpiphp: Slot [10] registered[0m
[2mmachine # [    0.308649] acpiphp: Slot [11] registered[0m
[2mmachine # [    0.308901] acpiphp: Slot [12] registered[0m
[2mmachine # [    0.309655] acpiphp: Slot [13] registered[0m
[2mmachine # [    0.309900] acpiphp: Slot [14] registered[0m
[2mmachine # [    0.310649] acpiphp: Slot [15] registered[0m
[2mmachine # [    0.310901] acpiphp: Slot [16] registered[0m
[2mmachine # [    0.311661] acpiphp: Slot [17] registered[0m
[2mmachine # [    0.311900] acpiphp: Slot [18] registered[0m
[2mmachine # [    0.312650] acpiphp: Slot [19] registered[0m
[2mmachine # [    0.312908] acpiphp: Slot [20] registered[0m
[2mmachine # [    0.313658] acpiphp: Slot [21] registered[0m
[2mmachine # [    0.313900] acpiphp: Slot [22] registered[0m
[2mmachine # [    0.314648] acpiphp: Slot [23] registered[0m
[2mmachine # [    0.314901] acpiphp: Slot [24] registered[0m
[2mmachine # [    0.315651] acpiphp: Slot [25] registered[0m
[2mmachine # [    0.315901] acpiphp: Slot [26] registered[0m
[2mmachine # [    0.316663] acpiphp: Slot [27] registered[0m
[2mmachine # [    0.316900] acpiphp: Slot [28] registered[0m
[2mmachine # [    0.317648] acpiphp: Slot [29] registered[0m
[2mmachine # [    0.317900] acpiphp: Slot [30] registered[0m
[2mmachine # [    0.318654] acpiphp: Slot [31] registered[0m
[2mmachine # [    0.318898] PCI host bridge to bus 0000:00[0m
[2mmachine # [    0.319648] pci_bus 0000:00: root bus resource [io  0x0000-0x0cf7 window][0m
[2mmachine # [    0.320763] pci_bus 0000:00: root bus resource [io  0x0d00-0xffff window][0m
[2mmachine # [    0.321755] pci_bus 0000:00: root bus resource [mem 0x000a0000-0x000bffff window][0m
[2mmachine # [    0.322854] pci_bus 0000:00: root bus resource [mem 0x40000000-0xfebfffff window][0m
[2mmachine # [    0.323848] pci_bus 0000:00: root bus resource [mem 0x100000000-0x17fffffff window][0m
[2mmachine # [    0.324879] pci_bus 0000:00: root bus resource [bus 00-ff][0m
[2mmachine # [    0.326054] pci 0000:00:00.0: [8086:1237] type 00 class 0x060000 conventional PCI endpoint[0m
[2mmachine # [    0.327422] pci 0000:00:01.0: [8086:7000] type 00 class 0x060100 conventional PCI endpoint[0m
[2mmachine # [    0.328446] pci 0000:00:01.1: [8086:7010] type 00 class 0x010180 conventional PCI endpoint[0m
[2mmachine # [    0.329631] pci 0000:00:01.1: BAR 4 [io  0xc1e0-0xc1ef][0m
[2mmachine # [    0.329925] pci 0000:00:01.1: BAR 0 [io  0x01f0-0x01f7]: legacy IDE quirk[0m
[2mmachine # [    0.330882] pci 0000:00:01.1: BAR 1 [io  0x03f6]: legacy IDE quirk[0m
[2mmachine # [    0.331882] pci 0000:00:01.1: BAR 2 [io  0x0170-0x0177]: legacy IDE quirk[0m
[2mmachine # [    0.332882] pci 0000:00:01.1: BAR 3 [io  0x0376]: legacy IDE quirk[0m
[2mmachine # [    0.334053] pci 0000:00:01.2: [8086:7020] type 00 class 0x0c0300 conventional PCI endpoint[0m
[2mmachine # [    0.335560] pci 0000:00:01.2: BAR 4 [io  0xc100-0xc11f][0m
[2mmachine # [    0.336384] pci 0000:00:01.3: [8086:7113] type 00 class 0x068000 conventional PCI endpoint[0m
[2mmachine # [    0.337286] pci 0000:00:01.3: quirk: [io  0x0600-0x063f] claimed by PIIX4 ACPI[0m
[2mmachine # [    0.337892] pci 0000:00:01.3: quirk: [io  0x0700-0x070f] claimed by PIIX4 SMB[0m
[2mmachine # [    0.339117] pci 0000:00:02.0: [1234:1111] type 00 class 0x030000 conventional PCI endpoint[0m
[2mmachine # [    0.340911] pci 0000:00:02.0: BAR 0 [mem 0xfd000000-0xfdffffff pref][0m
[2mmachine # [    0.341918] pci 0000:00:02.0: BAR 2 [mem 0xfebd0000-0xfebd0fff][0m
[2mmachine # [    0.342917] pci 0000:00:02.0: ROM [mem 0xfebc0000-0xfebcffff pref][0m
[2mmachine # [    0.344017] pci 0000:00:02.0: Video device with shadowed ROM at [mem 0x000c0000-0x000dffff][0m
[2mmachine # [    0.345172] pci 0000:00:03.0: [1af4:1000] type 00 class 0x020000 conventional PCI endpoint[0m
[2mmachine # [    0.346892] pci 0000:00:03.0: BAR 0 [io  0xc120-0xc13f][0m
[2mmachine # [    0.347837] pci 0000:00:03.0: BAR 1 [mem 0xfebd1000-0xfebd1fff][0m
[2mmachine # [    0.348697] pci 0000:00:03.0: BAR 4 [mem 0xfe000000-0xfe003fff 64bit pref][0m
[2mmachine # [    0.349733] pci 0000:00:03.0: ROM [mem 0xfeb40000-0xfeb7ffff pref][0m
[2mmachine # [    0.351694] pci 0000:00:04.0: [1af4:1005] type 00 class 0x00ff00 conventional PCI endpoint[0m
[2mmachine # [    0.353848] pci 0000:00:04.0: BAR 0 [io  0xc140-0xc15f][0m
[2mmachine # [    0.354585] pci 0000:00:04.0: BAR 1 [mem 0xfebd2000-0xfebd2fff][0m
[2mmachine # [    0.354917] pci 0000:00:04.0: BAR 4 [mem 0xfe004000-0xfe007fff 64bit pref][0m
[2mmachine # [    0.356925] pci 0000:00:05.0: [1af4:1009] type 00 class 0x000200 conventional PCI endpoint[0m
[2mmachine # [    0.358892] pci 0000:00:05.0: BAR 0 [io  0xc080-0xc0bf][0m
[2mmachine # [    0.359836] pci 0000:00:05.0: BAR 1 [mem 0xfebd3000-0xfebd3fff][0m
[2mmachine # [    0.360918] pci 0000:00:05.0: BAR 4 [mem 0xfe008000-0xfe00bfff 64bit pref][0m
[2mmachine # [    0.362934] pci 0000:00:06.0: [1af4:1009] type 00 class 0x000200 conventional PCI endpoint[0m
[2mmachine # [    0.364830] pci 0000:00:06.0: BAR 0 [io  0xc160-0xc17f][0m
[2mmachine # [    0.365583] pci 0000:00:06.0: BAR 1 [mem 0xfebd4000-0xfebd4fff][0m
[2mmachine # [    0.365918] pci 0000:00:06.0: BAR 4 [mem 0xfe00c000-0xfe00ffff 64bit pref][0m
[2mmachine # [    0.367934] pci 0000:00:07.0: [1af4:1009] type 00 class 0x000200 conventional PCI endpoint[0m
[2mmachine # [    0.369769] pci 0000:00:07.0: BAR 0 [io  0xc180-0xc19f][0m
[2mmachine # [    0.370584] pci 0000:00:07.0: BAR 1 [mem 0xfebd5000-0xfebd5fff][0m
[2mmachine # [    0.370917] pci 0000:00:07.0: BAR 4 [mem 0xfe010000-0xfe013fff 64bit pref][0m
[2mmachine # [    0.373832] pci 0000:00:08.0: [1af4:1001] type 00 class 0x010000 conventional PCI endpoint[0m
[2mmachine # [    0.375896] pci 0000:00:08.0: BAR 0 [io  0xc000-0xc07f][0m
[2mmachine # [    0.376882] pci 0000:00:08.0: BAR 1 [mem 0xfebd6000-0xfebd6fff][0m
[2mmachine # [    0.377922] pci 0000:00:08.0: BAR 4 [mem 0xfe014000-0xfe017fff 64bit pref][0m
[2mmachine # [    0.379951] pci 0000:00:09.0: [1af4:1000] type 00 class 0x020000 conventional PCI endpoint[0m
[2mmachine # [    0.381856] pci 0000:00:09.0: BAR 0 [io  0xc1a0-0xc1bf][0m
[2mmachine # [    0.382590] pci 0000:00:09.0: BAR 1 [mem 0xfebd7000-0xfebd7fff][0m
[2mmachine # [    0.382933] pci 0000:00:09.0: BAR 4 [mem 0xfe018000-0xfe01bfff 64bit pref][0m
[2mmachine # [    0.383895] pci 0000:00:09.0: ROM [mem 0xfeb80000-0xfebbffff pref][0m
[2mmachine # [    0.385934] pci 0000:00:0a.0: [1af4:1052] type 00 class 0x090000 conventional PCI endpoint[0m
[2mmachine # [    0.387595] pci 0000:00:0a.0: BAR 1 [mem 0xfebd8000-0xfebd8fff][0m
[2mmachine # [    0.387925] pci 0000:00:0a.0: BAR 4 [mem 0xfe01c000-0xfe01ffff 64bit pref][0m
[2mmachine # [    0.389925] pci 0000:00:0b.0: [1af4:1003] type 00 class 0x078000 conventional PCI endpoint[0m
[2mmachine # [    0.391855] pci 0000:00:0b.0: BAR 0 [io  0xc0c0-0xc0ff][0m
[2mmachine # [    0.392593] pci 0000:00:0b.0: BAR 1 [mem 0xfebd9000-0xfebd9fff][0m
[2mmachine # [    0.392918] pci 0000:00:0b.0: BAR 4 [mem 0xfe020000-0xfe023fff 64bit pref][0m
[2mmachine # [    0.394925] pci 0000:00:0c.0: [1af4:1005] type 00 class 0x00ff00 conventional PCI endpoint[0m
[2mmachine # [    0.396780] pci 0000:00:0c.0: BAR 0 [io  0xc1c0-0xc1df][0m
[2mmachine # [    0.397584] pci 0000:00:0c.0: BAR 1 [mem 0xfebda000-0xfebdafff][0m
[2mmachine # [    0.397918] pci 0000:00:0c.0: BAR 4 [mem 0xfe024000-0xfe027fff 64bit pref][0m
[2mmachine # [    0.402988] ACPI: PCI: Interrupt link LNKA configured for IRQ 10[0m
[2mmachine # [    0.403987] ACPI: PCI: Interrupt link LNKB configured for IRQ 10[0m
[2mmachine # [    0.404991] ACPI: PCI: Interrupt link LNKC configured for IRQ 11[0m
[2mmachine # [    0.405981] ACPI: PCI: Interrupt link LNKD configured for IRQ 11[0m
[2mmachine # [    0.406933] ACPI: PCI: Interrupt link LNKS configured for IRQ 9[0m
[2mmachine # [    0.408111] iommu: Default domain type: Translated[0m
[2mmachine # [    0.408886] iommu: DMA domain TLB invalidation policy: lazy mode[0m
[2mmachine # [    0.409919] ACPI: bus type USB registered[0m
[2mmachine # [    0.410812] usbcore: registered new interface driver usbfs[0m
[2mmachine # [    0.411745] usbcore: registered new interface driver hub[0m
[2mmachine # [    0.412741] usbcore: registered new device driver usb[0m
[2mmachine # [    0.413870] NetLabel: Initializing[0m
[2mmachine # [    0.414341] NetLabel:  domain hash size = 128[0m
[2mmachine # [    0.414882] NetLabel:  protocols = UNLABELED CIPSOv4 CALIPSO[0m
[2mmachine # [    0.415892] NetLabel:  unlabeled traffic allowed by default[0m
[2mmachine # [    0.416886] PCI: Using ACPI for IRQ routing[0m
[2mmachine # [    0.418001] pci 0000:00:02.0: vgaarb: setting as boot VGA device[0m
[2mmachine # [    0.418879] pci 0000:00:02.0: vgaarb: bridge control possible[0m
[2mmachine # [    0.418879] pci 0000:00:02.0: vgaarb: VGA device added: decodes=io+mem,owns=io+mem,locks=none[0m
[2mmachine # [    0.418882] vgaarb: loaded[0m
[2mmachine # [    0.419462] hpet0: at MMIO 0xfed00000, IRQs 2, 8, 0[0m
[2mmachine # [    0.419882] hpet0: 3 comparators, 64-bit 100.000000 MHz counter[0m
[2mmachine # [    0.424905] clocksource: Switched to clocksource kvm-clock[0m
[2mmachine # [    0.425955] VFS: Disk quotas dquot_6.6.0[0m
[2mmachine # [    0.426970] VFS: Dquot-cache hash table entries: 512 (order 0, 4096 bytes)[0m
[2mmachine # [    0.428239] pnp: PnP ACPI init[0m
[2mmachine # [    0.429071] pnp: PnP ACPI: found 6 devices[0m
[2mmachine # [    0.436726] clocksource: acpi_pm: mask: 0xffffff max_cycles: 0xffffff, max_idle_ns: 2085701024 ns[0m
[2mmachine # [    0.438285] clocksource: Switched to clocksource acpi_pm[0m
[2mmachine # [    0.439290] NET: Registered PF_INET protocol family[0m
[2mmachine # [    0.440224] IP idents hash table entries: 16384 (order: 5, 131072 bytes, linear)[0m
[2mmachine # [    0.447024] tcp_listen_portaddr_hash hash table entries: 512 (order: 1, 8192 bytes, linear)[0m
[2mmachine # [    0.448604] Table-perturb hash table entries: 65536 (order: 6, 262144 bytes, linear)[0m
[2mmachine # [    0.450094] TCP established hash table entries: 8192 (order: 4, 65536 bytes, linear)[0m
[2mmachine # [    0.451514] TCP bind hash table entries: 8192 (order: 6, 262144 bytes, linear)[0m
[2mmachine # [    0.452807] TCP: Hash tables configured (established 8192 bind 8192)[0m
[2mmachine # [    0.453950] MPTCP token hash table entries: 1024 (order: 3, 24576 bytes, linear)[0m
[2mmachine # [    0.455271] UDP hash table entries: 512 (order: 3, 32768 bytes, linear)[0m
[2mmachine # [    0.456477] UDP-Lite hash table entries: 512 (order: 3, 32768 bytes, linear)[0m
[2mmachine # [    0.457735] NET: Registered PF_UNIX/PF_LOCAL protocol family[0m
[2mmachine # [    0.458758] NET: Registered PF_XDP protocol family[0m
[2mmachine # [    0.459641] pci_bus 0000:00: resource 4 [io  0x0000-0x0cf7 window][0m
[2mmachine # [    0.460736] pci_bus 0000:00: resource 5 [io  0x0d00-0xffff window][0m
[2mmachine # [    0.461821] pci_bus 0000:00: resource 6 [mem 0x000a0000-0x000bffff window][0m
[2mmachine # [    0.463136] pci_bus 0000:00: resource 7 [mem 0x40000000-0xfebfffff window][0m
[2mmachine # [    0.464511] pci_bus 0000:00: resource 8 [mem 0x100000000-0x17fffffff window][0m
[2mmachine # [    0.465784] pci 0000:00:01.0: PIIX3: Enabling Passive Release[0m
[2mmachine # [    0.466827] pci 0000:00:00.0: Limiting direct PCI/PCI transfers[0m
[2mmachine # [    0.468234] ACPI: \_SB_.LNKD: Enabled at IRQ 11[0m
[2mmachine # [    0.469741] PCI: CLS 0 bytes, default 64[0m
[2mmachine # [    0.470560] clocksource: tsc: mask: 0xffffffffffffffff max_cycles: 0x3dfb6f1d9b4, max_idle_ns: 440795286752 ns[0m
[2mmachine # [    0.472302] Trying to unpack rootfs image as initramfs...[0m
[2mmachine # [    0.493376] Initialise system trusted keyrings[0m
[2mmachine # [    0.495404] workingset: timestamp_bits=40 max_order=18 bucket_order=0[0m
[2mmachine # [    0.506775] Key type asymmetric registered[0m
[2mmachine # [    0.507561] Asymmetric key parser 'x509' registered[0m
[2mmachine # [    0.510414] Block layer SCSI generic (bsg) driver version 0.4 loaded (major 248)[0m
[2mmachine # [    0.514390] io scheduler mq-deadline registered[0m
[2mmachine # [    0.515215] io scheduler kyber registered[0m
[2mmachine # [    0.516233] Serial: 8250/16550 driver, 4 ports, IRQ sharing enabled[0m
[2mmachine # [    0.519576] 00:04: ttyS0 at I/O 0x3f8 (irq = 4, base_baud = 115200) is a 16550A[0m
[2mmachine # [    0.524461] Linux agpgart interface v0.103[0m
[2mmachine # [    0.525228] ACPI: bus type drm_connector registered[0m
[2mmachine # [    0.527441] usbcore: registered new interface driver usbserial_generic[0m
[2mmachine # [    0.528595] usbserial: USB Serial support registered for generic[0m
[2mmachine # [    0.531379] amd_pstate: The CPPC feature is supported but currently disabled by the BIOS.[0m
[2mmachine # [    0.531379] Please enable it if your BIOS has the CPPC option.[0m
[2mmachine # [    0.533699] amd_pstate: the _CPC object is not present in SBIOS or ACPI disabled[0m
[2mmachine # [    0.537448] drop_monitor: Initializing network drop monitor service[0m
[2mmachine # [    0.538606] NET: Registered PF_INET6 protocol family[0m
[2mmachine # [    0.543844] Segment Routing with IPv6[0m
[2mmachine # [    0.544556] In-situ OAM (IOAM) with IPv6[0m
[2mmachine # [    0.547515] IPI shorthand broadcast: enabled[0m
[2mmachine # [    0.551974] sched_clock: Marking stable (402020001, 149347018)->(610977310, -59610291)[0m
[2mmachine # [    0.555412] registered taskstats version 1[0m
[2mmachine # [    0.556240] Loading compiled-in X.509 certificates[0m
[2mmachine # [    0.567674] Demotion targets for Node 0: null[0m
[2mmachine # [    0.570396] Key type .fscrypt registered[0m
[2mmachine # [    0.571118] Key type fscrypt-provisioning registered[0m
[2mmachine # [    0.572077] ima: No TPM chip found, activating TPM-bypass![0m
[2mmachine # [    0.576374] ima: Allocated hash algorithm: sha1[0m
[2mmachine # [    0.577201] ima: No architecture policies found[0m
[2mmachine # [    0.578129] PM:   Magic number: 6:60:380[0m
[2mmachine # [    0.579239] RAS: Correctable Errors collector initialized.[0m
[2mmachine # [    0.584957] clk: Disabling unused clocks[0m
[2mmachine # [    0.587383] PM: genpd: Disabling unused power domains[0m
[2mmachine # [    0.589439] Freeing initrd memory: 12464K[0m
[2mmachine # [    0.590660] Freeing unused decrypted memory: 2028K[0m
[2mmachine # [    0.591744] Freeing unused kernel image (initmem) memory: 3632K[0m
[2mmachine # [    0.592807] Write protecting the kernel read-only data: 32768k[0m
[2mmachine # [    0.593968] Freeing unused kernel image (text/rodata gap) memory: 1376K[0m
[2mmachine # [    0.595194] Freeing unused kernel image (rodata/data gap) memory: 856K[0m
[2mmachine # [    0.612519] x86/mm: Checked W+X mappings: passed, no W+X pages found.[0m
[2mmachine # [    0.613654] Run /init as init process[0m
[2mmachine # [    0.632092] device-mapper: core: CONFIG_IMA_DISABLE_HTABLE is disabled. Duplicate IMA measurements will not be recorded in the IMA log.[0m
[2mmachine # [    0.634223] device-mapper: ioctl: 4.50.0-ioctl (2025-04-28) initialised: dm-devel@lists.linux.dev[0m
[2mmachine # [    0.701480] i8042: PNP: PS/2 Controller [PNP0303:KBD,PNP0f13:MOU] at 0x60,0x64 irq 1,12[0m
[2mmachine # [    0.712165] serio: i8042 KBD port at 0x60,0x64 irq 1[0m
[2mmachine # [    0.713079] serio: i8042 AUX port at 0x60,0x64 irq 12[0m
[2mmachine # [    0.714839] SCSI subsystem initialized[0m
[2mmachine # [    0.716487] uhci_hcd 0000:00:01.2: UHCI Host Controller[0m
[2mmachine # [    0.719693] ACPI: \_SB_.LNKC: Enabled at IRQ 10[0m
[2mmachine # [    0.727379] uhci_hcd 0000:00:01.2: new USB bus registered, assigned bus number 1[0m
[2mmachine # [    0.728706] uhci_hcd 0000:00:01.2: detected 2 ports[0m
[2mmachine # [    0.734571] uhci_hcd 0000:00:01.2: irq 11, io port 0x0000c100[0m
[2mmachine # [    0.738851] ACPI: \_SB_.LNKA: Enabled at IRQ 10[0m
[2mmachine # [    0.739872] usb usb1: New USB device found, idVendor=1d6b, idProduct=0001, bcdDevice= 6.18[0m
[2mmachine # [    0.741344] usb usb1: New USB device strings: Mfr=3, Product=2, SerialNumber=1[0m
[2mmachine # [    0.743957] ACPI: \_SB_.LNKB: Enabled at IRQ 11[0m
[2mmachine # [    0.746371] usb usb1: Product: UHCI Host Controller[0m
[2mmachine # [    0.747238] usb usb1: Manufacturer: Linux 6.18.20 uhci_hcd[0m
[2mmachine # [    0.748226] usb usb1: SerialNumber: 0000:00:01.2[0m
[2mmachine # [    0.754560] hub 1-0:1.0: USB hub found[0m
[2mmachine # [    0.756718] hub 1-0:1.0: 2 ports detected[0m
[2mmachine # [    0.759559] scsi host0: ata_piix[0m
[2mmachine # [    0.761425] scsi host1: ata_piix[0m
[2mmachine # [    0.762097] ata1: PATA max MWDMA2 cmd 0x1f0 ctl 0x3f6 bmdma 0xc1e0 irq 14 lpm-pol 0[0m
[2mmachine # [    0.767616] ata2: PATA max MWDMA2 cmd 0x170 ctl 0x376 bmdma 0xc1e8 irq 15 lpm-pol 0[0m
[2mmachine # [    0.925819] ata2: found unknown device (class 0)[0m
[2mmachine # [    0.927439] ata2.00: ATAPI: QEMU DVD-ROM, 2.5+, max UDMA/100[0m
[2mmachine # [    0.929573] scsi 1:0:0:0: CD-ROM            QEMU     QEMU DVD-ROM     2.5+ PQ: 0 ANSI: 5[0m
[2mmachine # [    0.980074] virtio_blk virtio5: 1/0/0 default/read/poll queues[0m
[2mmachine # [    0.984378] usb 1-1: new full-speed USB device number 2 using uhci_hcd[0m
[2mmachine # [    0.986501] input: AT Translated Set 2 keyboard as /devices/platform/i8042/serio0/input/input0[0m
[2mmachine # [    1.020525] virtio_blk virtio5: [vda] 2097152 512-byte logical blocks (1.07 GB/1.00 GiB)[0m
[2mmachine # [    1.025151] netfs: FS-Cache loaded[0m
[2mmachine # [    1.028233] 9pnet: Installing 9P2000 support[0m
[2mmachine # [    1.030434] sr 1:0:0:0: [sr0] scsi3-mmc drive: 4x/4x cd/rw xa/form2 tray[0m
[2mmachine # [    1.031607] cdrom: Uniform CD-ROM driver Revision: 3.20[0m
[2mmachine # [    1.151322] usb 1-1: New USB device found, idVendor=0627, idProduct=0001, bcdDevice= 0.00[0m
[2mmachine # [    1.152806] usb 1-1: New USB device strings: Mfr=1, Product=3, SerialNumber=10[0m
[2mmachine # [    1.156365] usb 1-1: Product: QEMU USB Tablet[0m
[2mmachine # [    1.157154] usb 1-1: Manufacturer: QEMU[0m
[2mmachine # [    1.157881] usb 1-1: SerialNumber: 28754-0000:00:01.2-1[0m
[2mmachine # [    1.173394] hid: raw HID events driver (C) Jiri Kosina[0m
[2mmachine # [    1.179760] EXT4-fs (vda): mounted filesystem 1beb47ec-66dc-4c5b-ae40-c9c85be60837 r/w with ordered data mode. Quota mode: none.[0m
[2mmachine # [    1.183147] usbcore: registered new interface driver usbhid[0m
[2mmachine # [    1.184987] usbhid: USB HID core driver[0m
[2mmachine # [    1.186713] input: QEMU QEMU USB Tablet as /devices/pci0000:00/0000:00:01.2/usb1/1-1/1-1:1.0/0003:0627:0001.0001/input/input2[0m
[2mmachine # [    1.188806] hid-generic 0003:0627:0001.0001: input,hidraw0: USB HID v0.01 Mouse [QEMU QEMU USB Tablet] on usb-0000:00:01.2-1/input0[0m
[2mmachine # [    1.201980] 9p: Installing v9fs 9p2000 file system support[0m
[2mmachine # [    1.297374] EXT4-fs (vda): re-mounted 1beb47ec-66dc-4c5b-ae40-c9c85be60837.[0m
[2mmachine # [    1.298967] booting system configuration /nix/store/h4w5r6wqwyy8m5cz1fciycjrpy08ady6-nixos-system-machine-test[0m
[2mmachine # [    1.749505] systemd[1]: Inserted module 'autofs4'[0m
[2mmachine # [    1.754808] NET: Registered PF_VSOCK protocol family[0m
[2mmachine # [    1.763967] fuse: init (API version 7.45)[0m
[2mmachine # [    1.778972] systemd[1]: systemd 259.3 running in system mode (+PAM +AUDIT -SELINUX +APPARMOR +IMA +IPE +SMACK +SECCOMP +GCRYPT -GNUTLS +OPENSSL +ACL +BLKID +CURL +ELFUTILS +FIDO2 +IDN2 -IDN +KMOD +LIBCRYPTSETUP +LIBCRYPTSETUP_PLUGINS +LIBFDISK +PCRE2 +PWQUALITY +P11KIT +QRENCODE +TPM2 +BZIP2 +LZ4 +XZ +ZLIB +ZSTD +BPF_FRAMEWORK -BTF -XKBCOMMON +UTMP -SYSVINIT +LIBARCHIVE)[0m
[2mmachine # [    1.784386] systemd[1]: Detected virtualization kvm.[0m
[2mmachine # [    1.785307] systemd[1]: Detected architecture x86-64.[0m
[2mmachine # [    1.786270] systemd[1]: Detected first boot.[0m
[2mmachine # [    1.788027] systemd[1]: Initializing machine ID from random generator.[0m
[2mmachine # [    1.792240] systemd[1]: Hostname set to <machine>.[0m
[2mmachine # [    1.947033] systemd[1]: bpf-restrict-fs: LSM BPF program attached[0m
[2mmachine # [    1.997095] systemd[1]: Applying preset policy.[0m
[2mmachine # [    2.129258] systemd[1]: Populated /etc with preset unit settings.[0m
[2mmachine # [    2.252555] systemd[1]: Queued start job for default target Multi-User System.[0m
[2mmachine # [    2.261941] systemd[1]: Created slice Isolate Sandbox Slice.[0m
[2mmachine # [    2.263434] systemd[1]: Created slice Slice /system/getty.[0m
[2mmachine # [    2.264595] systemd[1]: Created slice Slice /system/modprobe.[0m
[2mmachine # [    2.265731] systemd[1]: Created slice User and Session Slice.[0m
[2mmachine # [    2.266700] systemd[1]: Started Dispatch Password Requests to Console Directory Watch.[0m
[2mmachine # [    2.267841] systemd[1]: Started Forward Password Requests to Wall Directory Watch.[0m
[2mmachine # [    2.268907] systemd[1]: Expecting device /dev/hvc0...[0m
[2mmachine # [    2.269655] systemd[1]: Expecting device /dev/ttyS0...[0m
[2mmachine # [    2.270421] systemd[1]: Expecting device /sys/subsystem/net/devices/eth1...[0m
[2mmachine # [    2.271392] systemd[1]: Reached target Local Encrypted Volumes.[0m
[2mmachine # [    2.272231] systemd[1]: Reached target Virtual Machines and Containers.[0m
[2mmachine # [    2.273174] systemd[1]: Reached target Path Units.[0m
[2mmachine # [    2.273907] systemd[1]: Reached target Remote File Systems.[0m
[2mmachine # [    2.274717] systemd[1]: Reached target Slice Units.[0m
[2mmachine # [    2.275453] systemd[1]: Reached target Swaps.[0m
[2mmachine # [    2.277248] systemd[1]: Listening on Process Core Dump Socket.[0m
[2mmachine # [    2.278779] systemd[1]: Listening on Credential Encryption/Decryption.[0m
[2mmachine # [    2.281701] systemd[1]: Listening on Journal Audit Socket.[0m
[2mmachine # [    2.282581] systemd[1]: Listening on Journal Socket (/dev/log).[0m
[2mmachine # [    2.283533] systemd[1]: Listening on Journal Sockets.[0m
[2mmachine # [    2.284398] systemd[1]: Listening on Userspace Out-Of-Memory (OOM) Killer Socket.[0m
[2mmachine # [    2.285519] systemd[1]: Make TPM PCR Policy skipped, unmet condition check ConditionSecurity=measured-uki[0m
[2mmachine # [    2.287169] systemd[1]: Listening on udev Control Socket.[0m
[2mmachine # [    2.288190] systemd[1]: Listening on udev Kernel Socket.[0m
[2mmachine # [    2.290625] systemd[1]: Mounting Huge Pages File System...[0m
[2mmachine # [    2.294675] systemd[1]: Mounting POSIX Message Queue File System...[0m
[2mmachine # [    2.298958] systemd[1]: Mounting Kernel Debug File System...[0m
[2mmachine # [    2.303631] systemd[1]: Mounting Kernel Trace File System...[0m
[2mmachine # [    2.310889] systemd[1]: Starting Create List of Static Device Nodes...[0m
[2mmachine # [    2.314224] systemd[1]: Load Kernel Module 9pnet_virtio skipped, unmet condition check ConditionKernelModuleLoaded=!9pnet_virtio[0m
[2mmachine # [    2.324665] systemd[1]: Starting Load Kernel Module configfs...[0m
[2mmachine # [    2.329250] systemd[1]: Load Kernel Module drm skipped, unmet condition check ConditionKernelModuleLoaded=!drm[0m
[2mmachine # [    2.335312] systemd[1]: Starting Load Kernel Module efi_pstore...[0m
[2mmachine # [    2.337155] systemd[1]: Load Kernel Module fuse skipped, unmet condition check ConditionKernelModuleLoaded=!fuse[0m
[2mmachine # [    2.342315] systemd[1]: Mounting FUSE Control File System...[0m
[2mmachine # [    2.344607] systemd[1]: File System Check on Root Device skipped, unmet condition check ConditionPathIsReadWrite=!/[0m
[2mmachine # [    2.347125] systemd[1]: Clear Stale Hibernate Storage Info skipped, unmet condition check ConditionPathExists=/sys/firmware/efi/efivars/HibernateLocation-8cf2644b-4b0b-428f-9387-6d876050dc67[0m
[2mmachine # [    2.352807] (modprobe)[380]: modprobe@configfs.service: modprobe@configfs.service: Unable to locate executable 'modprobe': No such file or directory[0m
[2mmachine # [    2.355564] systemd[1]: Starting Journal Service...[0m
[2mmachine # [    2.360239] systemd[1]: Starting Load Kernel Modules...[0m
[2mmachine # [    2.364389] systemd[1]: Starting Userspace Out-Of-Memory (OOM) Killer...[0m
[2mmachine # [    2.365557] (modprobe)[381]: modprobe@efi_pstore.service: modprobe@efi_pstore.service: Unable to locate executable 'modprobe': No such file or directory[0m
[2mmachine # [    2.371526] systemd[1]: Starting Remount Root and Kernel File Systems...[0m
[2mmachine # [    2.373387] systemd[1]: Early TPM SRK Setup skipped, unmet condition check ConditionSecurity=measured-uki[0m
[2mmachine # [    2.378162] systemd[1]: Starting Coldplug All udev Devices...[0m
[2mmachine # [    2.384196] systemd[1]: Mounted Huge Pages File System.[0m
[2mmachine # [    2.385057] systemd[1]: Mounted POSIX Message Queue File System.[0m
[2mmachine # [    2.387185] systemd[1]: Mounted Kernel Debug File System.[0m
[2mmachine # [    2.389038] systemd[1]: Mounted Kernel Trace File System.[0m
[2mmachine # [    2.393682] systemd[1]: Finished Create List of Static Device Nodes.[0m
[2mmachine # [    2.396036] systemd[1]: modprobe@configfs.service: Deactivated successfully.[0m
[2mmachine # [    2.399427] systemd[1]: Finished Load Kernel Module configfs.[0m
[2mmachine # [    2.401510] systemd[1]: modprobe@efi_pstore.service: Deactivated successfully.[0m
[2mmachine # [    2.404750] systemd[1]: Finished Load Kernel Module efi_pstore.[0m
[2mmachine # [    2.406571] systemd[1]: Mounted FUSE Control File System.[0m
[2mmachine # [    2.408983] systemd[1]: Kernel Configuration File System skipped, unmet condition check ConditionPathExists=/sys/kernel/config[0m
[2mmachine # [    2.415008] systemd[1]: Starting Create Static Device Nodes in /dev gracefully...[0m
[2mmachine # [    2.427810] EXT4-fs (vda): re-mounted 1beb47ec-66dc-4c5b-ae40-c9c85be60837.[0m
[2mmachine # [    2.436415] systemd[1]: Finished Remount Root and Kernel File Systems.[0m
[2mmachine # [    2.439250] systemd[1]: Platform Persistent Storage Archival skipped, unmet condition check ConditionDirectoryNotEmpty=/sys/fs/pstore[0m
[2mmachine # [    2.444567] systemd-journald[383]: Collecting audit messages is enabled.[0m
[2mmachine # [    2.445710] systemd[1]: Starting Load/Save OS Random Seed...[0m
[2mmachine # [    2.447386] systemd[1]: TPM SRK Setup skipped, unmet condition check ConditionSecurity=measured-uki[0m
[2mmachine # [    2.476697] loop: module loaded[0m
[2mmachine # [    2.484975] systemd[1]: Finished Load Kernel Modules.[0m
[2mmachine # [    2.487595] systemd[1]: Starting Firewall...[0m
[2mmachine # [    2.491285] systemd[1]: Starting Apply Kernel Variables...[0m
[2mmachine # [    2.516189] systemd[1]: Started Userspace Out-Of-Memory (OOM) Killer.[0m
[2mmachine # [    2.519992] systemd[1]: Finished Load/Save OS Random Seed.[0m
[2mmachine # [    2.520947] systemd[1]: Reached target First Boot Complete.[0m
[2mmachine # [    2.532033] systemd[1]: Finished Create Static Device Nodes in /dev gracefully.[0m
[2mmachine # [    2.535571] systemd[1]: Starting Create Static Device Nodes in /dev...[0m
[2mmachine # [    2.563016] systemd[1]: Finished Apply Kernel Variables.[0m
[2mmachine # [    2.606390] systemd[1]: Finished Create Static Device Nodes in /dev.[0m
[2mmachine # [    2.607481] systemd[1]: Reached target Preparation for Local File Systems.[0m
[2mmachine # [    2.611815] systemd[1]: Starting Rule-based Manager for Device Events and Files...[0m
[2mmachine # [    2.670535] systemd[1]: Finished Coldplug All udev Devices.[0m
[2mmachine # [    2.680975] systemd[1]: Started Journal Service.[0m
[2mmachine # [    2.534140] systemd-modules-load[384]: Inserted module 'loop'[0m
[2mmachine # [    2.536618] systemd-oomd[385]: [0;1;38:5:185mNo swap; memory pressure usage will be degraded[0m[0m
[2mmachine # [    2.538918] systemd-udevd[398]: Using default interface naming scheme 'v259'.[0m
[2mmachine # [    2.543637] systemd[1]: Starting Flush Journal to Persistent Storage...[0m
[2mmachine # [    2.717240] systemd-journald[383]: Received client request to flush runtime journal.[0m
[2mmachine # [    2.667769] systemd[1]: Started Rule-based Manager for Device Events and Files.[0m
[2mmachine # [    2.671388] systemd[1]: Finished Flush Journal to Persistent Storage.[0m
[2mmachine # [    2.843787] systemd[1]: Found device /dev/hvc0.[0m
[2mmachine # [    2.875773] systemd[1]: Finished Firewall.[0m
[2mmachine # [    2.880562] systemd[1]: Found device /dev/ttyS0.[0m
[2mmachine # [    2.884617] (udev-worker)[480]: [0;1;38:5:185meth1: Config file /etc/systemd/network/40-eth1.link is applied to device based on potentially unpredictable interface name.[0m[0m
[2mmachine # [    2.886894] (udev-worker)[480]: Network interface NamePolicy= disabled on kernel command line.[0m
[2mmachine # [    2.889698] (udev-worker)[473]: Network interface NamePolicy= disabled on kernel command line.[0m
[2mmachine # [    2.935976] systemd[1]: Found device Virtio network device.[0m
[2mmachine # [    3.130966] mousedev: PS/2 mouse device common for all mice[0m
[2mmachine # [    3.141711] input: Power Button as /devices/LNXSYSTM:00/LNXPWRBN:00/input/input3[0m
[2mmachine # [    3.160379] ACPI: button: Power Button [PWRF][0m
[2mmachine # [    3.162912] rtc_cmos 00:05: RTC can wake from S4[0m
[2mmachine # [    3.168194] Floppy drive(s): fd0 is 2.88M AMI BIOS[0m
[2mmachine # [    3.172754] parport_pc 00:03: reported by Plug and Play ACPI[0m
[2mmachine # [    3.173596] parport0: PC-style at 0x378, irq 7 [PCSPP(,...)][0m
[2mmachine # [    3.174827] rtc_cmos 00:05: registered as rtc0[0m
[2mmachine # [    3.180925] rtc_cmos 00:05: setting system clock to 2026-04-13T12:21:16 UTC (1776082876)[0m
[2mmachine # [    3.182218] systemd-journald[383]: Time jumped backwards, rotating.[0m
[2mmachine # [    3.192843] rtc_cmos 00:05: alarms up to one day, y3k, 242 bytes nvram, hpet irqs[0m
[2mmachine # [    3.207541] FDC 0 is a S82078B[0m
[2mmachine # [    3.226607] bochs-drm 0000:00:02.0: vgaarb: deactivate vga console[0m
[2mmachine # [    3.234004] piix4_smbus 0000:00:01.3: SMBus Host Controller at 0x700, revision 0[0m
[2mmachine # [    3.235039] i2c i2c-0: Memory type 0x07 not supported yet, not instantiating SPD[0m
[2mmachine # [    3.242184] input: QEMU Virtio Keyboard as /devices/pci0000:00/0000:00:0a.0/virtio7/input/input4[0m
[2mmachine # [    3.261891] Console: switching to colour dummy device 80x25[0m
[2mmachine # [    3.268077] [drm] Found bochs VGA, ID 0xb0c5.[0m
[2mmachine # [    3.268078] [drm] Framebuffer size 16384 kB @ 0xfd000000, mmio @ 0xfebd0000.[0m
[2mmachine # [    3.270942] input: VirtualPS/2 VMware VMMouse as /devices/platform/i8042/serio1/input/input6[0m
[2mmachine # [    3.271914] input: VirtualPS/2 VMware VMMouse as /devices/platform/i8042/serio1/input/input5[0m
[2mmachine # [    3.274957] bochs-drm 0000:00:02.0: [drm] Registered 1 planes with drm panic[0m
[2mmachine # [    3.277026] [drm] Initialized bochs-drm 1.0.0 for 0000:00:02.0 on minor 0[0m
[2mmachine # [    3.172804] systemd[1]: Starting Virtual Console Setup...[0m
[2mmachine # [    3.365683] ppdev: user-space parallel port driver[0m
[2mmachine # [    3.233585] systemd[1]: Mounting /run/wrappers...[0m
[2mmachine # [    3.366203] fbcon: bochs-drmdrmfb (fb0) is primary device[0m
[2mmachine # [    3.462149] Console: switching to colour frame buffer device 160x50[0m
[2mmachine # [    3.466910] bochs-drm 0000:00:02.0: [drm] fb0: bochs-drmdrmfb frame buffer device[0m
[2mmachine # [    3.323823] systemd[1]: systemd-vconsole-setup.service: Deactivated successfully.[0m
[2mmachine # [    3.325192] systemd[1]: Stopped Virtual Console Setup.[0m
[2mmachine # [    3.327400] systemd[1]: Starting Virtual Console Setup...[0m
[2mmachine # [    3.341343] systemd[1]: Mounted /run/wrappers.[0m
[2mmachine # [    3.342206] systemd[1]: Reached target Local File Systems.[0m
[2mmachine # [    3.344695] systemd[1]: Listening on Boot Entries Service Socket.[0m
[2mmachine # [    3.347951] systemd[1]: Starting Create SUID/SGID Wrappers...[0m
[2mmachine # [    3.350164] systemd[1]: Update Boot Loader Random Seed skipped, no trigger condition checks were met.[0m
[2mmachine # [    3.351483] systemd[1]: Starting Save Transient machine-id to Disk...[0m
[2mmachine # [    3.353797] systemd[1]: Starting Create System Files and Directories...[0m
[2mmachine # [    3.400491] systemd[1]: Finished Save Transient machine-id to Disk.[0m
[2mmachine # [    3.434987] systemd[1]: Finished Create System Files and Directories.[0m
[2mmachine # [    3.586207] kvm_amd: TSC scaling supported[0m
[2mmachine # [    3.587017] kvm_amd: Nested Virtualization enabled[0m
[2mmachine # [    3.440464] systemd[1]: Starting Rebuild Journal Catalog...[0m
[2mmachine # [    3.443547] systemd[1]: Starting Record System Boot/Shutdown in UTMP...[0m
[2mmachine # [    3.594074] kvm_amd: Nested Paging enabled[0m
[2mmachine # [    3.595743] kvm_amd: LBR virtualization supported[0m
[2mmachine # [    3.596227] kvm_amd: Virtual VMLOAD VMSAVE supported[0m
[2mmachine # [    3.598702] kvm_amd: Virtual GIF supported[0m
[2mmachine # [    3.599103] kvm_amd: Virtual NMI enabled[0m
[2mmachine # [    3.480888] systemd[1]: Finished Record System Boot/Shutdown in UTMP.[0m
[2mmachine # [    3.504116] systemd[1]: Finished Rebuild Journal Catalog.[0m
[2mmachine # [    3.505755] systemd[1]: Starting Update is Completed...[0m
[2mmachine # [    3.659518] EDAC MC: Ver: 3.0.0[0m
[2mmachine # [    3.531844] systemd[1]: Finished Update is Completed.[0m
[2mmachine # [    3.563336] systemd[1]: Finished Virtual Console Setup.[0m
[2mmachine # [    3.614718] systemd[1]: suid-sgid-wrappers.service: Deactivated successfully.[0m
[2mmachine # [    3.615920] systemd[1]: Finished Create SUID/SGID Wrappers.[0m
[2mmachine # [    3.617500] systemd[1]: Reached target System Initialization.[0m
[2mmachine # [    3.619302] systemd[1]: Started Discard unused filesystem blocks once a week.[0m
[2mmachine # [    3.620512] systemd[1]: Started Daily Cleanup of Temporary Directories.[0m
[2mmachine # [    3.622478] systemd[1]: Reached target Timer Units.[0m
[2mmachine # [    3.626339] systemd[1]: Listening on D-Bus System Message Bus Socket.[0m
[2mmachine # [    3.628497] systemd[1]: Listening on Nix Daemon Socket.[0m
[2mmachine # [    3.629310] systemd[1]: Listening on Hostname Service Socket.[0m
[2mmachine # [    3.632185] systemd[1]: Reached target Socket Units.[0m
[2mmachine # [    3.634923] systemd[1]: Reached target Basic System.[0m
[2mmachine # [    3.639830] systemd[1]: Started backdoor.service.[0m
[2mmachine # [    3.645143] systemd[1]: Starting Setup cgroups and environment for isolate...[0m
[2mmachine # [    3.648242] systemd[1]: Starting Isolate control group hierarchy daemon...[0m
[2mmachine # [    3.652245] systemd[1]: Starting Import lastlog data into lastlog2 database...[0m
[2mmachine # [    3.657163] systemd[1]: Starting Name Service Cache Daemon (nsncd)...[0m
[2mmachine # [    3.661387] systemd[1]: Starting Post-Boot Actions...[0m
[2mmachine # [    3.664248] systemd[1]: Started Reset console on configuration changes.[0m
[2mmachine # [    3.666311] systemd[1]: Starting resolvconf update...[0m
[2mmachine # [    3.672934] systemd[1]: Started Isolate control group hierarchy daemon.[0m
[2mmachine # [    3.673990] systemd[1]: Starting D-Bus System Message Bus...[0m
[2mmachine # [    3.690606] isolate-setup-start[623]: >>> FIRECRACKER PRE-FIX ISSUES:[0m
[2mmachine # [    3.709862] systemd[1]: Finished Post-Boot Actions.[0m
[2mmachine # connecting to host...[0m
[2mmachine # [    3.744778] isolate-setup-start[632]: Using cgroup root: /sys/fs/cgroup/isolate.slice/isolate.service[0m
[2mmachine # [    3.747665] isolate-setup-start[632]: Checking for cgroup support for cpuset.cpus ... PASS[0m
[2mmachine # [    3.750449] isolate-setup-start[632]: Checking for cgroup support for cpuset.mems ... PASS[0m
[2mmachine # [    3.752189] isolate-setup-start[632]: Checking for cgroup support for cpu.stat ... PASS[0m
[2mmachine # [    3.754308] isolate-setup-start[632]: Checking for cgroup support for cgroup.procs ... PASS[0m
[2mmachine # [    3.756525] isolate-setup-start[632]: Checking for cgroup support for memory.events ... PASS[0m
[2mmachine # [    3.758316] isolate-setup-start[632]: Checking for cgroup support for memory.max ... PASS[0m
[2mmachine # [    3.761674] systemd[1]: Finished Import lastlog data into lastlog2 database.[0m
[2mmachine # [    3.764253] systemd[1]: Started Name Service Cache Daemon (nsncd).[0m
[2mmachine # [    3.766634] systemd[1]: Reached target Host and Network Name Lookups.[0m
[2mmachine # [    3.768723] systemd[1]: Reached target User and Group Name Lookups.[0m
machine: Guest shell says: b'Spawning backdoor root shell...\n'
machine: connected to guest root shell
machine: (connecting took 4.25 seconds)
machine: (finished: waiting for the VM to finish booting, in 4.34 seconds)
[2mmachine # [    3.770613] nsncd[626]: Apr 13 12:21:17.227 INFO started, config: Config { ignored_request_types: {}, worker_count: 8, handoff_timeout: 10s }, path: "/var/run/nscd/socket"[0m
[2mmachine # [    3.774624] isolate-setup-start[632]: Checking for swap ... PASS[0m
[2mmachine # [    3.775977] systemd[1]: Starting User Login Management...[0m
[2mmachine # [    3.785830] isolate-setup-start[632]: Checking for simultaneous multithreading ... PASS[0m
[2mmachine # [    3.803326] dbus-daemon[630]: dbus[630]: Unknown username "systemd-timesync" in message bus configuration file[0m
[2mmachine # [    3.806508] isolate-setup-start[632]: Checking for CPU frequency scaling ... SKIPPED (not detected)[0m
[2mmachine # [    3.818773] isolate-setup-start[632]: Checking for Intel frequency boost ... SKIPPED (not detected)[0m
[2mmachine # [    3.828633] isolate-setup-start[632]: Checking for general frequency boost ... SKIPPED (not detected)[0m
[2mmachine # [    3.850212] isolate-setup-start[632]: Checking for kernel address space randomisation ... FAIL[0m
[2mmachine # [    3.852063] isolate-setup-start[632]: WARNING: address space randomisation is enabled.[0m
[2mmachine # [    3.854158] isolate-setup-start[632]: + echo 0 > /proc/sys/kernel/randomize_va_space[0m
[2mmachine # [    3.857160] systemd[1]: Started D-Bus System Message Bus.[0m
[2mmachine # [    3.864975] systemd[1]: Stopped target Host and Network Name Lookups.[0m
[2mmachine # [    3.867207] systemd[1]: Stopping Host and Network Name Lookups...[0m
[2mmachine # [    3.870492] systemd[1]: Stopped target User and Group Name Lookups.[0m
[2mmachine # [    3.872723] systemd[1]: Stopping User and Group Name Lookups...[0m
[2mmachine # [    3.875707] systemd[1]: Stopping Name Service Cache Daemon (nsncd)...[0m
[2mmachine # [    3.877991] systemd[1]: nscd.service: Deactivated successfully.[0m
[2mmachine # [    3.879670] systemd[1]: Stopped Name Service Cache Daemon (nsncd).[0m
[2mmachine # [    3.881493] systemd[1]: Starting Name Service Cache Daemon (nsncd)...[0m
[2mmachine # [    3.890728] systemd-logind[658]: New seat seat0.[0m
[2mmachine # [    3.893863] isolate-setup-start[632]: Checking for transparent hugepage support ... FAIL[0m
[2mmachine # [    3.897363] isolate-setup-start[632]: WARNING: transparent hugepages are enabled.[0m
[2mmachine # [    3.899214] isolate-setup-start[632]: + echo never > /sys/kernel/mm/transparent_hugepage/enabled[0m
[2mmachine # [    3.901482] systemd-logind[658]: Watching system buttons on /dev/input/event2 (Power Button)[0m
[2mmachine # [    3.906458] systemd-logind[658]: Watching system buttons on /dev/input/event3 (QEMU Virtio Keyboard)[0m
[2mmachine # [    3.908460] systemd-logind[658]: Watching system buttons on /dev/input/event0 (AT Translated Set 2 keyboard)[0m
[2mmachine # [    3.912212] systemd[1]: Started User Login Management.[0m
[2mmachine # [    3.914291] systemd[1]: Starting linger-users.service...[0m
[2mmachine # [    3.935773] isolate-setup-start[632]: WARNING: transparent hugepage defrag is enabled.[0m
[2mmachine # [    3.937811] isolate-setup-start[632]: + echo never > /sys/kernel/mm/transparent_hugepage/defrag[0m
[2mmachine # [    3.943373] systemd[1]: Started Name Service Cache Daemon (nsncd).[0m
[2mmachine # [    3.944747] systemd[1]: Reached target Host and Network Name Lookups.[0m
[2mmachine # [    3.946511] systemd[1]: Reached target User and Group Name Lookups.[0m
[2mmachine # [    3.948588] nsncd[711]: Apr 13 12:21:17.414 INFO started, config: Config { ignored_request_types: {}, worker_count: 8, handoff_timeout: 10s }, path: "/var/run/nscd/socket"[0m
[2mmachine # [    3.961203] systemd[1]: linger-users.service: Deactivated successfully.[0m
[2mmachine # [    3.962697] systemd[1]: Finished linger-users.service.[0m
[2mmachine # [    3.967839] isolate-setup-start[632]: WARNING: khugepaged defrag is enabled.[0m
[2mmachine # [    3.968903] isolate-setup-start[632]: + echo 0 > /sys/kernel/mm/transparent_hugepage/khugepaged/defrag[0m
[2mmachine # [    3.972078] systemd[1]: Finished resolvconf update.[0m
[2mmachine # [    3.972798] systemd[1]: Reached target Preparation for Network.[0m
[2mmachine # [    3.976188] systemd[1]: Starting DHCP Client...[0m
[2mmachine # [    3.978322] systemd[1]: Starting Address configuration of eth1...[0m
[2mmachine # [    3.992067] isolate-setup-start[632]: Checking for core file pattern ... FAIL[0m
[2mmachine # [    3.993556] isolate-setup-start[632]: WARNING: core files are piped to a program.[0m
[2mmachine # [    3.995061] isolate-setup-start[632]: + echo core >/proc/sys/kernel/core_pattern[0m
[2mmachine # [    4.153565] coredump: 755(sh): Unsafe core_pattern used with fs.suid_dumpable=2: pipe handler or fully qualified core dump path required. Set kernel.core_pattern before fs.suid_dumpable.[0m
[2mmachine # [    4.014981] isolate-setup-start[632]: Checking for hard link protection ... PASS[0m
[2mmachine # [    4.016467] isolate-setup-start[632]: Checking for asymmetric cores ... PASS[0m
[2mmachine # [    4.021304] systemd[1]: Finished Setup cgroups and environment for isolate.[0m
[2mmachine # [    4.034151] network-addresses-eth1-start[753]: adding address 192.168.1.1/24... done[0m
[2mmachine # [    4.040137] network-addresses-eth1-start[753]: adding address 2001:db8:1::1/64... done[0m
[2mmachine # [    4.050128] systemd[1]: Finished Address configuration of eth1.[0m
[2mmachine # [    4.052844] systemd[1]: Starting Networking Setup...[0m
[2mmachine # [    4.064803] dhcpcd[762]: dhcpcd-10.3.0 starting[0m
[2mmachine # [    4.069711] dhcpcd[776]: dev: loaded udev[0m
[2mmachine # [    4.227261] 8021q: 802.1Q VLAN Support v1.8[0m
[2mmachine # [    4.227982] 8021q: adding VLAN 0 to HW filter on device eth1[0m
[2mmachine # [    4.098674] systemd[1]: Listening on Load/Save RF Kill Switch Status /dev/rfkill Watch.[0m
[2mmachine # [    4.283053] cfg80211: Loading compiled-in X.509 certificates for regulatory database[0m
[2mmachine # [    4.137099] systemd[1]: Finished Networking Setup.[0m
[2mmachine # [    4.139237] systemd[1]: Reached target Network.[0m
[2mmachine # [    4.141567] systemd[1]: Starting Permit User Sessions...[0m
[2mmachine # [    4.300705] Loaded X.509 cert 'sforshee: 00b28ddf47aef9cea7'[0m
[2mmachine # [    4.301940] Loaded X.509 cert 'wens: 61c038651aabdcf94bd0ac7ff06c7248db18c600'[0m
[2mmachine # [    4.303705] faux_driver regulatory: Direct firmware load for regulatory.db failed with error -2[0m
[2mmachine # [    4.304516] cfg80211: failed to load regulatory.db[0m
[2mmachine # [    4.163652] systemd[1]: Finished Permit User Sessions.[0m
[2mmachine # [    4.165885] systemd[1]: Started Getty on tty1.[0m
[2mmachine # [    4.166883] systemd[1]: Reached target Login Prompts.[0m
[2mmachine # [    4.332636] 8021q: adding VLAN 0 to HW filter on device eth0[0m
[2mmachine # [    4.184256] dhcpcd[776]: eth0: waiting for carrier[0m
[2mmachine # [    4.184983] dhcpcd[776]: eth0: carrier acquired[0m
[2mmachine # [    4.188711] dhcpcd[776]: DUID 00:01:00:01:31:6f:9c:3d:52:54:00:12:34:56[0m
[2mmachine # [    4.189740] dhcpcd[776]: eth0: IAID 00:12:34:56[0m
[2mmachine # [    4.190514] dhcpcd[776]: eth0: adding address fe80::5054:ff:fe12:3456[0m
[2mmachine # [    4.231852] systemd[1]: etc-machine\x2did.mount: Deactivated successfully.[0m
[2mmachine # [    6.146071] dhcpcd[776]: eth0: soliciting a DHCP lease[0m
[2mmachine # [    6.301629] NET: Registered PF_PACKET protocol family[0m
[2mmachine # [    6.155375] dhcpcd[776]: eth0: offered 10.0.2.15 from 10.0.2.2[0m
[2mmachine # [    6.158218] dhcpcd[776]: eth0: probing address 10.0.2.15/24[0m
[2mmachine # [    6.547928] dhcpcd[776]: eth0: soliciting an IPv6 router[0m
[2mmachine # [    6.549392] dhcpcd[776]: eth0: Router Advertisement from fe80::2[0m
[2mmachine # [    6.550251] dhcpcd[776]: eth0: adding address fec0::5054:ff:fe12:3456/64[0m
[2mmachine # [    6.551176] dhcpcd[776]: eth0: adding route to fec0::/64[0m
[2mmachine # [    6.551985] dhcpcd[776]: eth0: adding default route via fe80::2[0m
[2mmachine # [   10.735187] dhcpcd[776]: eth0: leased 10.0.2.15 for 86400 seconds[0m
[2mmachine # [   10.736249] dhcpcd[776]: eth0: adding route to 10.0.2.0/24[0m
[2mmachine # [   10.737004] dhcpcd[776]: eth0: adding default route via 10.0.2.2[0m
[2mmachine # [   10.772799] systemd[1]: Started DHCP Client.[0m
[2mmachine # [   10.774516] systemd[1]: Reached target Multi-User System.[0m
[2mmachine # [   10.775807] systemd[1]: Startup finished in 1.586s (kernel) + 9.188s (userspace) = 10.774s.[0m
machine: (finished: waiting for unit multi-user.target, in 11.68 seconds)
[2mmachine # [   11.293477] NOTICE: Automounting of tracing to debugfs is deprecated and will be removed in 2030[0m
[2mmachine # [0m[0m
[2mmachine # src/guest/__test__/isolate.test.ts:[0m
[2mmachine # [0m[32m✓[0m [0mJudge Status Results[2m >[0m[1m AC — clean zero exit[0m [0m[2m[[1m28.00ms[0m[2m][0m[0m
[2mmachine # [0m[32m✓[0m [0mJudge Status Results[2m >[0m[1m WA — reserved exit code 69[0m [0m[2m[[1m17.00ms[0m[2m][0m[0m
[2mmachine # [0m[32m✓[0m [0mJudge Status Results[2m >[0m[1m RE — non-zero non-69 exit code[0m [0m[2m[[1m18.00ms[0m[2m][0m[0m
[2mmachine # [0m[32m✓[0m [0mJudge Status Results[2m >[0m[1m RE — unhandled exception (panic)[0m [0m[2m[[1m19.00ms[0m[2m][0m[0m
[2mmachine # [0m[32m✓[0m [0mJudge Status Results[2m >[0m[1m RE — segfault (SIGSEGV)[0m [0m[2m[[1m17.00ms[0m[2m][0m[0m
[2mmachine # [0m[32m✓[0m [0mJudge Status Results[2m >[0m[1m TLE — CPU time limit exceeded[0m [0m[2m[[1m1115.14ms[0m[2m][0m[0m
[2mmachine # [0m[32m✓[0m [0mJudge Status Results[2m >[0m[1m TLE — wall clock time limit exceeded[0m [0m[2m[[1m1115.14ms[0m[2m][0m[0m
[2mmachine # [   14.112074] isolate-test-pr invoked oom-killer: gfp_mask=0xcc0(GFP_KERNEL), order=0, oom_score_adj=0[0m
[2mmachine # [   14.113896] CPU: 0 UID: 60000 PID: 994 Comm: isolate-test-pr Not tainted 6.18.20 #1-NixOS PREEMPT(lazy)[0m
[2mmachine # [   14.113900] Hardware name: QEMU Standard PC (i440FX + PIIX, 1996), BIOS rel-1.17.0-0-gb52ca86e094d-prebuilt.qemu.org 04/01/2014[0m
[2mmachine # [   14.113901] Call Trace:[0m
[2mmachine # [   14.113903]  <TASK>[0m
[2mmachine # [   14.113904]  dump_stack_lvl+0x5d/0x80[0m
[2mmachine # [   14.113909]  dump_header+0x43/0x1aa[0m
[2mmachine # [   14.113911]  out_of_memory.cold+0x35/0x78[0m
[2mmachine # [   14.113912]  mem_cgroup_out_of_memory+0xc2/0xd0[0m
[2mmachine # [   14.113919]  try_charge_memcg+0x442/0x660[0m
[2mmachine # [   14.113922]  charge_memcg+0x2f/0x70[0m
[2mmachine # [   14.113923]  __mem_cgroup_charge+0x30/0x90[0m
[2mmachine # [   14.113924]  folio_prealloc+0x90/0x110[0m
[2mmachine # [   14.113927]  do_anonymous_page+0x318/0x8a0[0m
[2mmachine # [   14.113928]  ? ___pte_offset_map+0x1b/0x160[0m
[2mmachine # [   14.113930]  __handle_mm_fault+0xa82/0xf60[0m
[2mmachine # [   14.113931]  ? sysvec_apic_timer_interrupt+0xe/0x80[0m
[2mmachine # [   14.113934]  handle_mm_fault+0xe7/0x2e0[0m
[2mmachine # [   14.113935]  do_user_addr_fault+0x21a/0x690[0m
[2mmachine # [   14.113937]  exc_page_fault+0x6a/0x150[0m
[2mmachine # [   14.113938]  asm_exc_page_fault+0x26/0x30[0m
[2mmachine # [   14.113940] RIP: 0033:0x155555472e40[0m
[2mmachine # [   14.113948] Code: 48 81 fa 00 01 00 00 76 cc 48 8d 8c 17 00 fe ff ff 62 e1 fe 48 7f 40 02 62 e1 fe 48 7f 40 03 48 39 f9 76 2e 48 83 e7 c0 66 90 <62> e1 fd 48 7f 47 04 62 e1 fd 48 7f 47 05 62 e1 fd 48 7f 47 06 62[0m
[2mmachine # [   14.113949] RSP: 002b:00007fffffffeac8 EFLAGS: 00010287[0m
[2mmachine # [   14.113950] RAX: 00001555452d2010 RBX: 00005555555bae70 RCX: 00001555552d1e10[0m
[2mmachine # [   14.113951] RDX: 0000000010000000 RSI: 0000000000000045 RDI: 000015554927af00[0m
[2mmachine # [   14.113951] RBP: 00007fffffffebe0 R08: 0000000000000000 R09: 0000000000000000[0m
[2mmachine # [   14.113952] R10: 0000000000000000 R11: 0000000000000000 R12: 00001555452d2010[0m
[2mmachine # [   14.113952] R13: 00005555555bae70 R14: 00007fffffffec68 R15: 0000000010000000[0m
[2mmachine # [   14.113955]  </TASK>[0m
[2mmachine # [   14.113971] memory: usage 65536kB, limit 65536kB, failcnt 18[0m
[2mmachine # [   14.132221] swap: usage 0kB, limit 0kB, failcnt 0[0m
[2mmachine # [   14.132656] Memory cgroup stats for /isolate.slice/isolate.service/box-0:[0m
[2mmachine # [   14.132668] anon 66867200[0m
[2mmachine # [   14.133808] file 16384[0m
[2mmachine # [   14.134037] kernel 225280[0m
[2mmachine # [   14.134499] kernel_stack 0[0m
[2mmachine # [   14.134763] pagetables 180224[0m
[2mmachine # [   14.135043] sec_pagetables 0[0m
[2mmachine # [   14.135594] percpu 48[0m
[2mmachine # [   14.135823] sock 0[0m
[2mmachine # [   14.136021] vmalloc 0[0m
[2mmachine # [   14.136511] shmem 0[0m
[2mmachine # [   14.136796] zswap 0[0m
[2mmachine # [   14.137066] zswapped 0[0m
[2mmachine # [   14.137761] file_mapped 0[0m
[2mmachine # [   14.138074] file_dirty 0[0m
[2mmachine # [   14.138716] file_writeback 0[0m
[2mmachine # [   14.139051] swapcached 0[0m
[2mmachine # [   14.139691] anon_thp 0[0m
[2mmachine # [   14.139977] file_thp 0[0m
[2mmachine # [   14.140592] shmem_thp 0[0m
[2mmachine # [   14.140886] inactive_anon 66867200[0m
[2mmachine # [   14.141585] active_anon 0[0m
[2mmachine # [   14.141900] inactive_file 8192[0m
[2mmachine # [   14.142581] active_file 8192[0m
[2mmachine # [   14.142910] unevictable 0[0m
[2mmachine # [   14.143543] slab_reclaimable 14208[0m
[2mmachine # [   14.143915] slab_unreclaimable 29136[0m
[2mmachine # [   14.144624] slab 43344[0m
[2mmachine # [   14.144911] hugetlb 0[0m
[2mmachine # [   14.145518] workingset_refault_anon 0[0m
[2mmachine # [   14.145916] workingset_refault_file 0[0m
[2mmachine # [   14.146643] workingset_activate_anon 0[0m
[2mmachine # [   14.147048] workingset_activate_file 0[0m
[2mmachine # [   14.147770] workingset_restore_anon 0[0m
[2mmachine # [   14.148426] workingset_restore_file 0[0m
[2mmachine # [   14.148828] workingset_nodereclaim 0[0m
[2mmachine # [   14.149548] pgdemote_kswapd 0[0m
[2mmachine # [   14.149881] pgdemote_direct 0[0m
[2mmachine # [   14.150545] pgdemote_khugepaged 0[0m
[2mmachine # [   14.150912] pgdemote_proactive 0[0m
[2mmachine # [   14.151601] pgpromote_success 0[0m
[2mmachine # [   14.151942] pgscan 95[0m
[2mmachine # [   14.152536] pgsteal 0[0m
[2mmachine # [   14.152809] pswpin 0[0m
[2mmachine # [   14.153061] pswpout 0[0m
[2mmachine # [   14.153721] pgscan_kswapd 0[0m
[2mmachine # [   14.154024] pgscan_direct 95[0m
[2mmachine # [   14.154681] pgscan_khugepaged 0[0m
[2mmachine # [   14.155022] pgscan_proactive 0[0m
[2mmachine # [   14.155692] pgsteal_kswapd 0[0m
[2mmachine # [   14.156002] pgsteal_direct 0[0m
[2mmachine # [   14.156631] pgsteal_khugepaged 0[0m
[2mmachine # [   14.156975] pgsteal_proactive 0[0m
[2mmachine # [   14.157629] pgfault 16378[0m
[2mmachine # [   14.157919] pgmajfault 0[0m
[2mmachine # [   14.158528] pgrefill 72[0m
[2mmachine # [   14.158813] pgactivate 95[0m
[2mmachine # [   14.159093] pgdeactivate 0[0m
[2mmachine # [   14.159783] pglazyfree 0[0m
[2mmachine # [   14.160059] pglazyfreed 0[0m
[2mmachine # [   14.160668] swpin_zero 0[0m
[2mmachine # [   14.160981] swpout_zero 0[0m
[2mmachine # [   14.161595] zswpin 0[0m
[2mmachine # [   14.161851] zswpout 0[0m
[2mmachine # [   14.162102] zswpwb 0[0m
[2mmachine # [   14.162732] thp_fault_alloc 0[0m
[2mmachine # [   14.163048] thp_collapse_alloc 0[0m
[2mmachine # [   14.163709] thp_swpout 0[0m
[2mmachine # [   14.163986] thp_swpout_fallback 0[0m
[2mmachine # [   14.164654] numa_pages_migrated 0[0m
[2mmachine # [   14.165007] numa_pte_updates 0[0m
[2mmachine # [   14.165655] numa_hint_faults 0[0m
[2mmachine # [   14.165980] Tasks state (memory values in pages):[0m
[2mmachine # [   14.166759] [  pid  ]   uid  tgid total_vm      rss rss_anon rss_file rss_shmem pgtables_bytes swapents oom_score_adj name[0m
[2mmachine # [   14.168031] [    994] 60000   994    66348    16693    16320      373         0   176128        0             0 isolate-test-pr[0m
[2mmachine # [   14.169386] Kernel panic - not syncing: Out of memory: compulsory panic_on_oom is enabled[0m
[2mmachine # [   14.170119] CPU: 0 UID: 60000 PID: 994 Comm: isolate-test-pr Not tainted 6.18.20 #1-NixOS PREEMPT(lazy)[0m
[2mmachine # [   14.170959] Hardware name: QEMU Standard PC (i440FX + PIIX, 1996), BIOS rel-1.17.0-0-gb52ca86e094d-prebuilt.qemu.org 04/01/2014[0m
[2mmachine # [   14.171969] Call Trace:[0m
[2mmachine # [   14.172203]  <TASK>[0m
[2mmachine # [   14.172410]  dump_stack_lvl+0x5d/0x80[0m
[2mmachine # [   14.172762]  vpanic+0xdb/0x2d0[0m
[2mmachine # [   14.173052]  panic+0x6b/0x6b[0m
[2mmachine # [   14.173326]  out_of_memory.cold+0x58/0x78[0m
[2mmachine # [   14.173700]  mem_cgroup_out_of_memory+0xc2/0xd0[0m
[2mmachine # [   14.174120]  try_charge_memcg+0x442/0x660[0m
[2mmachine # [   14.174491]  charge_memcg+0x2f/0x70[0m
[2mmachine # [   14.174821]  __mem_cgroup_charge+0x30/0x90[0m
[2mmachine # [   14.175193]  folio_prealloc+0x90/0x110[0m
[2mmachine # [   14.175546]  do_anonymous_page+0x318/0x8a0[0m
[2mmachine # [   14.175925]  ? ___pte_offset_map+0x1b/0x160[0m
[2mmachine # [   14.176306]  __handle_mm_fault+0xa82/0xf60[0m
[2mmachine # [   14.176689]  ? sysvec_apic_timer_interrupt+0xe/0x80[0m
[2mmachine # [   14.177140]  handle_mm_fault+0xe7/0x2e0[0m
[2mmachine # [   14.177529]  do_user_addr_fault+0x21a/0x690[0m
[2mmachine # [   14.177924]  exc_page_fault+0x6a/0x150[0m
[2mmachine # [   14.178270]  asm_exc_page_fault+0x26/0x30[0m
[2mmachine # [   14.178640] RIP: 0033:0x155555472e40[0m
[2mmachine # [   14.178978] Code: 48 81 fa 00 01 00 00 76 cc 48 8d 8c 17 00 fe ff ff 62 e1 fe 48 7f 40 02 62 e1 fe 48 7f 40 03 48 39 f9 76 2e 48 83 e7 c0 66 90 <62> e1 fd 48 7f 47 04 62 e1 fd 48 7f 47 05 62 e1 fd 48 7f 47 06 62[0m
[2mmachine # [   14.180604] RSP: 002b:00007fffffffeac8 EFLAGS: 00010287[0m
[2mmachine # [   14.181073] RAX: 00001555452d2010 RBX: 00005555555bae70 RCX: 00001555552d1e10[0m
[2mmachine # [   14.181699] RDX: 0000000010000000 RSI: 0000000000000045 RDI: 000015554927af00[0m
[2mmachine # [   14.182337] RBP: 00007fffffffebe0 R08: 0000000000000000 R09: 0000000000000000[0m
[2mmachine # [   14.182978] R10: 0000000000000000 R11: 0000000000000000 R12: 00001555452d2010[0m
[2mmachine # [   14.183610] R13: 00005555555bae70 R14: 00007fffffffec68 R15: 0000000010000000[0m
[2mmachine # [   14.184249]  </TASK>[0m
[2mmachine # [   14.184559] Kernel Offset: 0x7c00000 from 0xffffffff81000000 (relocation range: 0xffffffff80000000-0xffffffffbfffffff)[0m
[2mmachine # [   14.190886] Rebooting in 1 seconds..[0m
vde_switch: EOF data port: Interrupted system call
[1m[32mcleanup[0m
kill QemuMachine (pid 10)
kill vlan (pid 7)
vde_switch: EOF on stdin, cleaning up and exiting
vde_switch: Caught signal 15, cleaning up and exiting
vde_switch: (finished: cleanup, in 0.00 seconds)
Could not remove ctl socket '/build/vde1.ctl': No such file or directory
Traceback (most recent call last):
  File [35m"/nix/store/ffgv07jcgphx6i3bmh9db55pbr3d5c0l-nixos-test-driver-1.1/bin/.nixos-test-driver-wrapped"[0m, line [35m9[0m, in [35m<module>[0m
    sys.exit([31mmain[0m[1;31m()[0m)
             [31m~~~~[0m[1;31m^^[0m
  File [35m"/nix/store/ffgv07jcgphx6i3bmh9db55pbr3d5c0l-nixos-test-driver-1.1/lib/python3.13/site-packages/test_driver/__init__.py"[0m, line [35m212[0m, in [35mmain[0m
    [31mdriver.run_tests[0m[1;31m()[0m
    [31m~~~~~~~~~~~~~~~~[0m[1;31m^^[0m
  File [35m"/nix/store/ffgv07jcgphx6i3bmh9db55pbr3d5c0l-nixos-test-driver-1.1/lib/python3.13/site-packages/test_driver/driver.py"[0m, line [35m327[0m, in [35mrun_tests[0m
    [31mself.test_script[0m[1;31m()[0m
    [31m~~~~~~~~~~~~~~~~[0m[1;31m^^[0m
  File [35m"/nix/store/ffgv07jcgphx6i3bmh9db55pbr3d5c0l-nixos-test-driver-1.1/lib/python3.13/site-packages/test_driver/driver.py"[0m, line [35m285[0m, in [35mtest_script[0m
    [31mexec[0m[1;31m(self.tests, symbols, None)[0m
    [31m~~~~[0m[1;31m^^^^^^^^^^^^^^^^^^^^^^^^^^^[0m
  File [35m"<string>"[0m, line [35m2[0m, in [35m<module>[0m
  File [35m"/nix/store/ffgv07jcgphx6i3bmh9db55pbr3d5c0l-nixos-test-driver-1.1/lib/python3.13/site-packages/test_driver/machine/__init__.py"[0m, line [35m608[0m, in [35mexecute[0m
    return [31mself._execute[0m[1;31m([0m
           [31m~~~~~~~~~~~~~[0m[1;31m^[0m
        [1;31mcommand=command,[0m
        [1;31m^^^^^^^^^^^^^^^^[0m
    ...<2 lines>...
        [1;31mtimeout=timeout,[0m
        [1;31m^^^^^^^^^^^^^^^^[0m
    [1;31m)[0m
    [1;31m^[0m
  File [35m"/nix/store/ffgv07jcgphx6i3bmh9db55pbr3d5c0l-nixos-test-driver-1.1/lib/python3.13/site-packages/test_driver/machine/__init__.py"[0m, line [35m883[0m, in [35m_execute[0m
    [31mself.shell.send[0m[1;31m(b"echo ${PIPESTATUS[0]}\n")[0m
    [31m~~~~~~~~~~~~~~~[0m[1;31m^^^^^^^^^^^^^^^^^^^^^^^^^^^^[0m
[1;35mBrokenPipeError[0m: [35m[Errno 32] Broken pipe[0m
